02-21 14:15:40.465  4681  5924 I SurfaceFlinger: id=411 createSurf (0x0),-1 flag=24004, Surface(name=ba841ba InputMethod)/@0xd113861 - animation-leash#1
02-21 14:15:40.465  5016  5189 D WindowManager: makeSurface duration=1 leash=Surface(name=Surface(name=ba841ba InputMethod)/@0xd113861 - animation-leash)/@0x20510db
02-21 14:15:40.465  5016  5189 D SurfaceControl: hide : mNativeObject = 537242839568 - sc.mNativeObject = 536705853840 - Surface(name=Surface(name=ba841ba InputMethod)/@0xd113861 - animation-leash)/@0x20510db
02-21 14:15:40.465  5016  5189 D SurfaceControl: nativeSetFlags Done : Surface(name=Surface(name=ba841ba InputMethod)/@0xd113861 - animation-leash)/@0x20510db
02-21 14:15:40.467  5405  5445 I ndroid.systemu: NativeAlloc concurrent copying GC freed 244587(10MB) AllocSpace objects, 8(160KB) LOS objects, 49% free, 13MB/27MB, paused 241us total 107.896ms
02-21 14:15:40.467  5405  5445 W ndroid.systemu: Reducing the number of considered missed Gc histogram windows from 136 to 100
02-21 14:15:40.468  5740  5740 I BadgeRenderer: Invalid count : 0
02-21 14:15:40.468  5740  5740 I BadgeRenderer: Invalid count : 0
02-21 14:15:40.468  5740  5740 I BadgeRenderer: Invalid count : 0
02-21 14:15:40.469  4681  5924 I Layer   : id=403 removeFromCurrentState Surface(name=ba841ba InputMethod)/@0xd113861 - animation-leash#0 (64)
02-21 14:15:40.470  7479  7479 I HBD     : HoneyBoardService onFinishInput 
02-21 14:15:40.470  7479  7479 I HBD     : a IC have been unbinded,  InputConnectionWrapper{idHash=#91ebc71 mMissingMethods=}
02-21 14:15:40.471  7479  7479 I HBD     : HoneyBoardService [PF_CL][onFinishInput]  621962 ns 
02-21 14:15:40.471  5740  5898 I AppIconSolution: getThemeIconWithBG called with public API, pkg = com.amazon.whisperjoin.deviceprovisioningservicetestapp.internal
02-21 14:15:40.471  7479  7479 I HBD     : HoneyBoardService [IMI] onStartInput - caller pid : 5740 , caller uid : 10121 
02-21 14:15:40.471  7479  7479 I HBD     : i updateConfigs 
02-21 14:15:40.471  7479  7479 I HBD     : i isEnabledNightMode : true 
02-21 14:15:40.471  5016  5896 D SamsungIMMSHWKeyboard: isConnectedDexOnPC false
02-21 14:15:40.472  5740  5740 I SurfaceControl: release : mNativeObject = 536705768944 - Surface(name=Surface(name=97aa58f NavigationBar0)/@0x716adb5 - animation-leash)/@0x9fe27e2
02-21 14:15:40.472  5740  5740 I SurfaceControl: nativeRelease nativeObject s[536705768944]
02-21 14:15:40.472  5740  5740 I SurfaceControl: nativeRelease nativeObject e[536705768944]
02-21 14:15:40.472  7479  7479 I HBD     : a IC have been binded, InputConnectionWrapper{idHash=#fe6da56 mMissingMethods=} 
02-21 14:15:40.472  5740  5740 I SurfaceControl: release : mNativeObject = 536705767488 - Surface(name=Surface(name=4735855 StatusBar)/@0x6fe05bc - animation-leash)/@0xc2a0773
02-21 14:15:40.472  5740  5740 I SurfaceControl: nativeRelease nativeObject s[536705767488]
02-21 14:15:40.472  5740  5740 I SurfaceControl: nativeRelease nativeObject e[536705767488]
02-21 14:15:40.472  5016  5896 D InputMethodManagerService: isImeSwitcherDisabledPackage : false
02-21 14:15:40.472  7479  7479 I HBD     : h [EditorInputType]setPrivateImeOptionsToTable privateImeOptions ( null )
02-21 14:15:40.472  7479  7479 I HBD     : b incognitoMode : false 
02-21 14:15:40.472  5740  5898 I AppIconSolution: start to load, pkg=NULL, bg=192-192, dr=2006-2006, forDefault=true, density=640
02-21 14:15:40.474  7479  7479 I HBD     : a needOff = true , isJpnConvertState : false, isForceOff = false 
02-21 14:15:40.474  5740  5898 I AppIconSolution: scale down, pkg=NULL, dr=215-215, bg=216-216
02-21 14:15:40.474 13109 13109 I SurfaceControl: release : mNativeObject = 536705752816 - Surface(name=Surface(name=ba841ba InputMethod)/@0xd113861 - animation-leash)/@0x43991c6
02-21 14:15:40.474  7479  7479 I HBD     : h getDefaultInputRange : UNKNOWN 
02-21 14:15:40.474 13109 13109 I SurfaceControl: nativeRelease nativeObject s[536705752816]
02-21 14:15:40.474  7479  7479 I HBD     : h getDefaultInputRange : UNKNOWN 
02-21 14:15:40.474 13109 13109 I SurfaceControl: nativeRelease nativeObject e[536705752816]
02-21 14:15:40.474  7479  7479 I HBD     : h getDefaultInputRange : UNKNOWN 
02-21 14:15:40.474  4681  4700 I SurfaceFlinger: id=403 Removed Surface(name=ba841ba InputMethod)/@0xd113861 - animation-leash#0 (64)
02-21 14:15:40.475  5740  5898 I AppIconSolution: getIconScale, pkg=NULL, size=215, iconScale=IconScale[alpha=0, scale=1.0, isCrop=true]
02-21 14:15:40.476  5405  5446 W JavaBinder: BinderProxy is being destroyed but the application did not call unlinkToDeath to unlink all of its death recipients beforehand.  Releasing leaked death recipient: com.android.systemui.qs.external.TileLifecycleManager
02-21 14:15:40.476  5405  5446 I BpBinder: onLastStrongRef automatically unlinking death recipients: <uncached descriptor>
02-21 14:15:40.476  7479  7479 I HBD     : h getDefaultInputRange : UNKNOWN 
02-21 14:15:40.477  7479  7479 I HBD     : a currentState : 0 
02-21 14:15:40.478  5740  5898 I AppIconSolution: default container[CROP], pkg=NULL, bg=215-215, dr=215-215
02-21 14:15:40.479  7479  7479 I HBD     : a [UpdatePolicy] [post] a: 0 cl: 65537 kit: [0/0] vt: 0 ir: 1 
02-21 14:15:40.479  4681  4681 D SurfaceFlinger: Display 0 HWC layers:
02-21 14:15:40.479  4681  4681 D SurfaceFlinger:      DEVICE | 0x70a7af0a30 | 0002 | RGBA_1010102 |  630.0    0.0 1710.0 2340.0 |    0    0 1080 2340 | com.android.systemui.ImageWallpaper$_5405#0
02-21 14:15:40.479  4681  4681 D SurfaceFlinger:      DEVICE | 0x70a7af1b10 | 0000 | RGBA_8888    |    0.0    0.0 1080.0 2340.0 |    0    0 1080 2340 | com.sec.android.app.launcher/com.sec[...].activities.LauncherActivity$_5740#0
02-21 14:15:40.479  4681  4681 D SurfaceFlinger:      CLIENT | 0x70a7af3610 | 0002 | RGBA_8888    |    0.0   93.0 1080.0 2231.0 |    1  106 1067 2216 | com.amazon.whisperjoin.deviceprovisi[...]vicetestapp.WelcomeActivity$_13109#0
02-21 14:15:40.479  4681  4681 D SurfaceFlinger:      DEVICE | 0x70a7af1d50 | 0000 | RGBA_8888    |    0.0    0.0 1080.0   78.0 |    0    0 1080   78 | StatusBar$_5405#0
02-21 14:15:40.479  4681  4681 D SurfaceFlinger:      DEVICE | 0x70a7af2650 | 0000 | RGBA_8888    |    0.0    0.0   67.0  342.0 | 1013  438 1080  780 | com.samsung.android.app.cocktailbars[...]arservice.CocktailBarService$_9814#0
02-21 14:15:40.479  4681  4681 D SurfaceFlinger:      DEVICE | 0x70a7aebb70 | 0000 | RGBA_8888    |    0.0    0.0 1080.0  126.0 |    0 2214 1080 2340 | NavigationBar0$_5405#0
02-21 14:15:40.479  4681  4681 D SurfaceFlinger:      DEVICE | 0x70a7aefb90 | 0000 | RGBA_8888    |    0.0    0.0
02-21 14:15:40.479  4681  4681 D SurfaceFlinger:  1080.0  151.0 |    0    0 1080  151 | ScreenDecorOverlay$_5405#0
02-21 14:15:40.479  4681  4681 D SurfaceFlinger:      DEVICE | 0x70a7af0130 | 0000 | RGBA_8888    |    0.0    0.0 1080.0  151.0 |    0 2189 1080 2340 | ScreenDecorOverlayBottom$_5405#0
02-21 14:15:40.479  4681  4681 D SurfaceFlinger: 
02-21 14:15:40.479  5405  5446 W JavaBinder: BinderProxy is being destroyed but the application did not call unlinkToDeath to unlink all of its death recipients beforehand.  Releasing leaked death recipient: com.android.systemui.qs.external.TileLifecycleManager
02-21 14:15:40.479  5405  5446 I BpBinder: onLastStrongRef automatically unlinking death recipients: <uncached descriptor>
02-21 14:15:40.480  7479  7479 I HBD     : HoneyBoardService [PF_OP][onStartInput]  9201347 ns 
02-21 14:15:40.483  5740  5898 I LauncherActivityInfo: packageName: com.amazon.whisperjoin.deviceprovisioningservicetestapp.internal, useThemeIcon: false, height: 215, width: 215, density: 640
02-21 14:15:40.484  4681  4681 I Layer   : id=403[1] Destroyed Surface(name=ba841ba InputMethod)/@0xd113861 - animation-leash#0
02-21 14:15:40.504  5016  5559 D MdnieScenarioControlService:  packageName : com.sec.android.app.launcher    className : com.android.launcher3.uioverrides.QuickstepLauncher
02-21 14:15:40.504  5016  5559 V MdnieScenarioControlService: setUIMode from UI function(3)
02-21 14:15:40.605  5016  5559 V MdnieScenarioControlService: mAclOffEnabled : false mAclPreviewState : false mAclCompensationState : false
02-21 14:15:40.671  4681  4681 D SurfaceFlinger: Display 0 HWC layers:
02-21 14:15:40.671  4681  4681 D SurfaceFlinger:      DEVICE | 0x70a7af0a30 | 0002 | RGBA_1010102 |  630.0    0.0 1710.0 2340.0 |    0    0 1080 2340 | com.android.systemui.ImageWallpaper$_5405#0
02-21 14:15:40.671  4681  4681 D SurfaceFlinger:      DEVICE | 0x70a7af1b10 | 0000 | RGBA_8888    |    0.0    0.0 1080.0 2340.0 |    0    0 1080 2340 | com.sec.android.app.launcher/com.sec[...].activities.LauncherActivity$_5740#0
02-21 14:15:40.671  4681  4681 D SurfaceFlinger:      DEVICE | 0x70a7af1d50 | 0000 | RGBA_8888    |    0.0    0.0 1080.0   78.0 |    0    0 1080   78 | StatusBar$_5405#0
02-21 14:15:40.671  4681  4681 D SurfaceFlinger:      DEVICE | 0x70a7af2650 | 0000 | RGBA_8888    |    0.0    0.0   67.0  342.0 | 1013  438 1080  780 | com.samsung.android.app.cocktailbars[...]arservice.CocktailBarService$_9814#0
02-21 14:15:40.671  4681  4681 D SurfaceFlinger:      DEVICE | 0x70a7aebb70 | 0000 | RGBA_8888    |    0.0    0.0 1080.0  126.0 |    0 2214 1080 2340 | NavigationBar0$_5405#0
02-21 14:15:40.671  4681  4681 D SurfaceFlinger:      DEVICE | 0x70a7aefb90 | 0000 | RGBA_8888    |    0.0    0.0 1080.0  151.0 |    0    0 1080  151 | ScreenDecorOverlay$_5405#0
02-21 14:15:40.671  4681  4681 D SurfaceFlinger:      DEVICE | 0x70a7af0130 | 0000 | RGBA_8888    |    0.0    0.0 1080.0  151.0 |    0 2189 1080 2340 | ScreenDecorO
02-21 14:15:40.671  4681  4681 D SurfaceFlinger: verlayBottom$_5405#0
02-21 14:15:40.671  4681  4681 D SurfaceFlinger: 
02-21 14:15:40.684  5740  5740 W AppTransitionAnimatorImpl: onAnimationEnd - APP OUT, Execution time for each frame : Start-(2)-1-(0)-0-(3)-0-(17)-0-(17)-0-(16)-0-(17)-0-(16)-1-(16)-0-(17)-0-(16)-1-(16)-0-(17)-0-(16)-1-(16)-0-(17)-0-(16)-1-End
02-21 14:15:40.685  5016  7238 D WindowManager: app-onAnimationFinished(): mOuter=com.android.server.wm.RemoteAnimationController@7e8e6b6
02-21 14:15:40.685  5016  7238 D WindowManager: onAnimationFinished(): mPendingAnimations=2, caller=
02-21 14:15:40.685  5016  7238 D WindowManager: app-release(): mOuter=com.android.server.wm.RemoteAnimationController@7e8e6b6
02-21 14:15:40.685  5016  7238 D WindowManager: onAnimationFinished(): Notify animation finished:
02-21 14:15:40.685  5016  7238 I WindowManager: Reparenting to original parent: Surface(name=DefaultTaskDisplayArea)/@0xde07bcd, destroy=true, surface=Surface(name=Task=1)/@0xa71758d
02-21 14:15:40.685  5016  7238 I SurfaceControl: release : mNativeObject = 536705865264 - Surface(name=Surface(name=Task=1)/@0xa71758d - animation-leash)/@0xc741c60
02-21 14:15:40.685  5016  7238 I SurfaceControl: nativeRelease nativeObject s[536705865264]
02-21 14:15:40.685  5016  7238 I SurfaceControl: nativeRelease nativeObject e[536705865264]
02-21 14:15:40.687  5016  7238 D WindowManager: 	container=Task{8041175 #1 visible=false type=home mode=fullscreen translucent=true I=com.sec.android.app.launcher/.activities.LauncherActivity U=0 StackId=1 sz=1}
02-21 14:15:40.687  5016  7238 I WindowManager: Reparenting to original parent: Surface(name=DefaultTaskDisplayArea)/@0xde07bcd, destroy=true, surface=Surface(name=Task=3140)/@0xf83e3f7
02-21 14:15:40.687  5016  7238 I SurfaceControl: release : mNativeObject = 536706002352 - Surface(name=Surface(name=Task=3140)/@0xf83e3f7 - animation-leash)/@0xdb2f863
02-21 14:15:40.687  5016  7238 I SurfaceControl: nativeRelease nativeObject s[536706002352]
02-21 14:15:40.687  5016  7238 I SurfaceControl: nativeRelease nativeObject e[536706002352]
02-21 14:15:40.687  5016  7238 V WindowManager: Setting visibility of Window{de9f2b8 u0 com.amazon.whisperjoin.deviceprovisioningservicetestapp.internal/com.amazon.whisperjoin.deviceprovisioningservicetestapp.WelcomeActivity}: false, caller=com.android.server.wm.WindowContainer.sendAppVisibilityToClients:1017 com.android.server.wm.ActivityRecord.setClientVisible:6326 com.android.server.wm.ActivityRecord.onAnimationFinished:7078 com.android.server.wm.WindowContainer.doAnimationFinished:2639 com.android.server.wm.WindowContainer.onAnimationFinished:2648 
02-21 14:15:40.688  5016  7238 D WindowManager: 	container=Task{a97a16c #3140 visible=false type=standard mode=fullscreen translucent=true A=10308:com.amazon.whisperjoin.deviceprovisioningservicetestapp.internal U=0 StackId=3140 sz=1}
02-21 14:15:40.688  5016  7238 I WindowManager: Reparenting to original parent: Surface(name=Leaf:0:1)/@0xce06ed7, destroy=true, surface=Surface(name=WallpaperWindowToken{34bf5bf token=android.os.Binder@d0cefde})/@0xb286db8
02-21 14:15:40.688  5016  7238 I SurfaceControl: release : mNativeObject = 536705898752 - Surface(name=Surface(name=WallpaperWindowToken{34bf5bf token=android.os.Binder@d0cefde})/@0xb286db8 - animation-leash)/@0x558519
02-21 14:15:40.688  5016  7238 I SurfaceControl: nativeRelease nativeObject s[536705898752]
02-21 14:15:40.688  5016  7238 I SurfaceControl: nativeRelease nativeObject e[536705898752]
02-21 14:15:40.688  5016  7238 D WindowManager: 	wallpaper=WallpaperWindowToken{34bf5bf token=android.os.Binder@d0cefde}
02-21 14:15:40.688  4681  4700 I Layer   : id=409 removeFromCurrentState Surface(name=Task=1)/@0xa71758d - animation-leash#0 (63)
02-21 14:15:40.689  5016  7238 I WindowManager: Finishing remote animation
02-21 14:15:40.689  5016  5070 D SurfaceControl: hide : mNativeObject = 537242821792 - sc.mNativeObject = 536705861568 - Surface(name=Input Consumer recents_animation_input_consumer)/@0xb88b76d
02-21 14:15:40.689  5016  5070 D SurfaceControl: nativeSetFlags Done : Surface(name=Input Consumer recents_animation_input_consumer)/@0xb88b76d
02-21 14:15:40.690  5740  5740 W Launcher: onEnterAnimationComplete
02-21 14:15:40.690  5016  5088 D FastTrack: setFastTrackState: pid = 13109 ;tid= 13109 ;value= 0
02-21 14:15:40.691  5016  5088 D FastTrack: setFastTrackState: pid = 13109 ;tid= 13234 ;value= 0
02-21 14:15:40.692  5016  5067 D SehCodecSolutionService: Update top [com.sec.android.app.launcher]
02-21 14:15:40.700  4681  4681 E Layer   : [Surface(name=Task=1)/@0xa71758d - animation-leash#0] No local sync point found
02-21 14:15:40.700  5016  5070 D SurfaceControl: hide : mNativeObject = 537242839568 - sc.mNativeObject = 536705754272 - Surface(name=ActivityRecord{a847a1f u0 com.amazon.whisperjoin.deviceprovisioningservicetestapp.internal/com.amazon.whisperjoin.deviceprovisioningservicetestapp.WelcomeActivity t3140})/@0xb46d335
02-21 14:15:40.700  5016  5070 D SurfaceControl: nativeSetFlags Done : Surface(name=ActivityRecord{a847a1f u0 com.amazon.whisperjoin.deviceprovisioningservicetestapp.internal/com.amazon.whisperjoin.deviceprovisioningservicetestapp.WelcomeActivity t3140})/@0xb46d335
02-21 14:15:40.701  5016  5070 D SurfaceControl: hide : mNativeObject = 537244150592 - sc.mNativeObject = 536705755280 - Surface(name=com.amazon.whisperjoin.deviceprovisioningservicetestapp.internal/com.amazon.whisperjoin.deviceprovisioningservicetestapp.WelcomeActivity$_13109)/@0x775d90
02-21 14:15:40.701  5016  5070 D SurfaceControl: nativeSetFlags Done : Surface(name=com.amazon.whisperjoin.deviceprovisioningservicetestapp.internal/com.amazon.whisperjoin.deviceprovisioningservicetestapp.WelcomeActivity$_13109)/@0x775d90
02-21 14:15:40.701  4681  5924 I Layer   : id=408 removeFromCurrentState Surface(name=Task=3140)/@0xf83e3f7 - animation-leash#0 (63)
02-21 14:15:40.701  4681  5924 I Layer   : id=410 removeFromCurrentState Surface(name=WallpaperWindowToken{34bf5bf token=android.os.Binder@d0cefde})/@0xb286db8 - animation-leash#0 (63)
02-21 14:15:40.706  5016  5070 D SurfaceControl: hide : mNativeObject = 537242821792 - sc.mNativeObject = 536705861568 - Surface(name=Input Consumer recents_animation_input_consumer)/@0xb88b76d
02-21 14:15:40.706  5016  5070 D SurfaceControl: nativeSetFlags Done : Surface(name=Input Consumer recents_animation_input_consumer)/@0xb88b76d
02-21 14:15:40.706  4681  5924 E BufferQueueProducer: [com.amazon.whisperjoin.deviceprovisioningservicetestapp.internal/com.amazon.whisperjoin.deviceprovisioningservicetestapp.WelcomeActivity$_13109#0](id:124900000038,api:0,p:-1,c:4681) disconnect: not connected (req=1)
02-21 14:15:40.706 13109 13234 W libEGL  : EGLNativeWindowType 0x7e162be4b0 disconnect failed
02-21 14:15:40.708  5016  5896 V WindowManager: Relayout Window{de9f2b8 u0 com.amazon.whisperjoin.deviceprovisioningservicetestapp.internal/com.amazon.whisperjoin.deviceprovisioningservicetestapp.WelcomeActivity}: viewVisibility=8 req=1080x2340
02-21 14:15:40.710  5016  5070 D SurfaceControl: hide : mNativeObject = 537242821792 - sc.mNativeObject = 536705861568 - Surface(name=Input Consumer recents_animation_input_consumer)/@0xb88b76d
02-21 14:15:40.710  5016  5070 D SurfaceControl: nativeSetFlags Done : Surface(name=Input Consumer recents_animation_input_consumer)/@0xb88b76d
02-21 14:15:40.710  5016  5896 V WindowManager: Relayout hash=de9f2b8, pid=13109: mAttrs={(0,0)(fillxfill) sim={adjust=pan forwardNavigation} ty=BASE_APPLICATION wanim=0x1030304
02-21 14:15:40.710  5016  5896 V WindowManager:   fl=81810100
02-21 14:15:40.710  5016  5896 V WindowManager:   pfl=12020000
02-21 14:15:40.710  5016  5896 V WindowManager:   fitSides= naviIconColor=0}
02-21 14:15:40.712 13109 13109 I SurfaceControl: release : mNativeObject = 536705742736 - Surface(name=null)/@0xc119587
02-21 14:15:40.712 13109 13109 I SurfaceControl: nativeRelease nativeObject s[536705742736]
02-21 14:15:40.712 13109 13109 I SurfaceControl: nativeRelease nativeObject e[536705742736]
02-21 14:15:40.714 13109 13109 I ViewRootImpl@396e733[WelcomeActivity]: Relayout returned: old=(0,0,1080,2340) new=(0,0,1080,2340) req=(1080,2340)8 dur=6 res=0x5 s={false 0} ch=true fn=5
02-21 14:15:40.715 13109 13109 I ViewRootImpl@396e733[WelcomeActivity]: stopped(true) old=false
02-21 14:15:40.722 13109 13109 I ViewRootImpl@396e733[WelcomeActivity]: dispatchDetachedFromWindow
02-21 14:15:40.722  5016  5896 D InputTransport: Input channel destroyed: 'de9f2b8', fd=584
02-21 14:15:40.722  5016  5896 I SurfaceControl: release : mNativeObject = 536705741616 - Surface(name=de9f2b8 com.amazon.whisperjoin.deviceprovisioningservicetestapp.internal/com.amazon.whisperjoin.deviceprovisioningservicetestapp.WelcomeActivity)/@0xeb4e689
02-21 14:15:40.723  5016  5896 I SurfaceControl: nativeRelease nativeObject s[536705741616]
02-21 14:15:40.723  5016  5896 I SurfaceControl: nativeRelease nativeObject e[536705741616]
02-21 14:15:40.723  5016  5896 D WindowManager: isScreenshotDisabledLocked: userId = 0, disabled =false
02-21 14:15:40.723  5016  5896 I WindowManager: Destroying surface Surface(name=com.amazon.whisperjoin.deviceprovisioningservicetestapp.internal/com.amazon.whisperjoin.deviceprovisioningservicetestapp.WelcomeActivity$_13109)/@0x775d90 called by com.android.server.wm.WindowStateAnimator.destroySurface:1794 com.android.server.wm.WindowStateAnimator.destroySurfaceLocked:765 com.android.server.wm.WindowState.removeImmediately:2633 com.android.server.wm.WindowState.removeIfPossible:2785 com.android.server.wm.WindowState.removeIfPossible:2656 com.android.server.wm.WindowManagerService.removeWindow:2170 com.android.server.wm.Session.remove:197 android.view.IWindowSession$Stub.onTransact:798 
02-21 14:15:40.723  5016  5896 I SurfaceControl: release : mNativeObject = 536705755280 - Surface(name=com.amazon.whisperjoin.deviceprovisioningservicetestapp.internal/com.amazon.whisperjoin.deviceprovisioningservicetestapp.WelcomeActivity$_13109)/@0x775d90
02-21 14:15:40.723  5016  5896 I SurfaceControl: nativeRelease nativeObject s[536705755280]
02-21 14:15:40.723  5016  5896 I SurfaceControl: nativeRelease nativeObject e[536705755280]
02-21 14:15:40.723  4681  5358 I Layer   : id=399 removeFromCurrentState com.amazon.whisperjoin.deviceprovisioningservicetestapp.internal/com.amazon.whisperjoin.deviceprovisioningservicetestapp.WelcomeActivity$_13109#0 (63)
02-21 14:15:40.723  4681  5358 I SurfaceFlinger: id=399 Removed com.amazon.whisperjoin.deviceprovisioningservicetestapp.internal/com.amazon.whisperjoin.deviceprovisioningservicetestapp.WelcomeActivity$_13109#0 (63)
02-21 14:15:40.724  4681  5358 I Layer   : id=393 removeFromCurrentState de9f2b8 com.amazon.whisperjoin.deviceprovisioningservicetestapp.internal/com.amazon.whisperjoin.deviceprovisioningservicetestapp.WelcomeActivity#0 (63)
02-21 14:15:40.725  5016  5070 D SurfaceControl: hide : mNativeObject = 537242821792 - sc.mNativeObject = 536705861568 - Surface(name=Input Consumer recents_animation_input_consumer)/@0xb88b76d
02-21 14:15:40.725  4681  5358 I SurfaceFlinger: id=393 Removed de9f2b8 com.amazon.whisperjoin.deviceprovisioningservicetestapp.internal/com.amazon.whisperjoin.deviceprovisioningservicetestapp.WelcomeActivity#0 (63)
02-21 14:15:40.725  5016  5070 D SurfaceControl: nativeSetFlags Done : Surface(name=Input Consumer recents_animation_input_consumer)/@0xb88b76d
02-21 14:15:40.726 13109 13109 D InputTransport: Input channel destroyed: 'de9f2b8', fd=74
02-21 14:15:40.727  5016  5896 I ActivityTaskManager: Removing activity ActivityRecord{a847a1f u0 com.amazon.whisperjoin.deviceprovisioningservicetestapp.internal/com.amazon.whisperjoin.deviceprovisioningservicetestapp.WelcomeActivity t3140 f}}(activityDestroyed)  from stack callers=com.android.server.wm.ActivityRecord.destroyed:3546 com.android.server.wm.ActivityTaskManagerService.activityDestroyed:2617 android.app.IActivityTaskManager$Stub.onTransact:2210 android.os.Binder.execTransactInternal:1195 android.os.Binder.execTransact:1159 
02-21 14:15:40.727  5016  5896 I SurfaceControl: release : mNativeObject = 536705754272 - Surface(name=ActivityRecord{a847a1f u0 com.amazon.whisperjoin.deviceprovisioningservicetestapp.internal/com.amazon.whisperjoin.deviceprovisioningservicetestapp.WelcomeActivity t3140})/@0xb46d335
02-21 14:15:40.727  5016  5896 I SurfaceControl: nativeRelease nativeObject s[536705754272]
02-21 14:15:40.727  5016  5896 I SurfaceControl: nativeRelease nativeObject e[536705754272]
02-21 14:15:40.727  5016  5896 I SurfaceControl: release : mNativeObject = 536705833680 - Surface(name=Task=3140)/@0xf83e3f7
02-21 14:15:40.727  5016  5896 I SurfaceControl: nativeRelease nativeObject s[536705833680]
02-21 14:15:40.727  5016  5896 I SurfaceControl: nativeRelease nativeObject e[536705833680]
02-21 14:15:40.729  4681  5358 I Layer   : id=389 removeFromCurrentState Task=3140#0 (63)
02-21 14:15:40.729  4681  5358 I Layer   : id=390 removeFromCurrentState ActivityRecord{a847a1f u0 com.amazon.whisperjoin.deviceprovisioningservicetestapp.internal/com.amazon.whisperjoin.deviceprovisioningservicetestapp.WelcomeActivity t3140}#0 (63)
02-21 14:15:40.729  4681  5358 I Layer   : id=390 removeFromCurrentState ActivityRecord{a847a1f u0 com.amazon.whisperjoin.deviceprovisioningservicetestapp.internal/com.amazon.whisperjoin.deviceprovisioningservicetestapp.WelcomeActivity t3140}#0 (63)
