02-21 14:15:40.093  4617 25779 I HYPER-HAL: [ResourceManager.cpp]removeResource(): [CPUMinFreq] RemoveResource Request ID : 12668078
02-21 14:15:40.093  4617 25779 I HYPER-HAL: [RequestManager.cpp]releaseLocked(): Released ID : 12668078
02-21 14:15:40.148  5299  5299 I wpa_supplicant: Heartbeat 1865
02-21 14:15:40.296  5016  5175 D InputReader: Btn_touch(5): value=1 when=18585.022968
02-21 14:15:40.296  5016  5175 I InputReader: Touch event's action is 0x0 (id=2, t=0) [pCnt=1, s=0.46 ] when=18585.022968
02-21 14:15:40.296  5016  5174 I InputDispatcher: Delivering touch to (5405): action: 0x0, f=0x0, d=0, '97aa58f', t=1 +(0,-2214)
02-21 14:15:40.296  5405  5405 I ViewRootImpl@38db4db[NavigationBar0]: ViewPostIme pointer 0
02-21 14:15:40.296  5405  5405 D KeyButtonView: Motion event=0
02-21 14:15:40.297  5405  5405 D KeyButtonView: sendEvent() mCode=4, action=0, flags=0, callers=com.android.systemui.statusbar.policy.KeyButtonView.onTouchEvent:302 android.view.View.dispatchTouchEvent:15199 android.view.ViewGroup.dispatchTransformedTouchEvent:3920 android.view.ViewGroup.dispatchTouchEvent:3535 android.view.ViewGroup.dispatchTransformedTouchEvent:3920 
02-21 14:15:40.297  5405  5405 I KeyButtonView: Back button event: ACTION_DOWN
02-21 14:15:40.297  5405  6077 I KeyButtonView: injectInputEvent - 4
02-21 14:15:40.297  5405  5405 V Vibrator: semGetSupportedVibrationType: ret=1
02-21 14:15:40.298  5016  5189 D InputDispatcher: Inject key (5405): action=0, f=0x48, d=0, time=18585023000000
02-21 14:15:40.298  5016  5189 D KeyCombinationManager: Can not stop SystemLockTaskMode. lockTaskModeEnabled=false touchExplorationEnabled=false interactionControlEnabled=false
02-21 14:15:40.298  5016  5189 D WindowManager: interceptKeyTq s_result=1
02-21 14:15:40.298  5016  5189 D PhoneWindowManagerExt: f.b. a=false id=1 he=false eme=false ksno = false callingPackage=android Caller=com.android.server.policy.PhoneWindowManager.performHapticFeedback:6359 com.android.server.policy.PhoneWindowManager.performHapticFeedback:6350 com.android.server.policy.PhoneWindowManager.interceptKeyBeforeQueueing:4874 com.android.server.wm.InputManagerCallback.interceptKeyBeforeQueueing:333 com.android.server.input.InputManagerService.interceptKeyBeforeQueueing:3640 
02-21 14:15:40.298  5016  5189 D PhoneWindowManagerExt: haptic disabled by policy
02-21 14:15:40.299  5016  5174 I InputDispatcher: Delivering key to (13109): B action: 0x0 (0), f=0x48, m=0x0, d=0, 'de9f2b8'
02-21 14:15:40.300  7479  7479 I HBD     : a skip onKeyDown as physical keyboard not connected 
02-21 14:15:40.300  7479  7479 I HBD     : HoneyBoardService onKeyDown consumed:false 
02-21 14:15:40.301 13109 13109 I ViewRootImpl@396e733[WelcomeActivity]: ViewPostIme key 0
02-21 14:15:40.328  5016  5175 D InputReader: Btn_touch(5): value=0 when=18585.055188
02-21 14:15:40.328  5016  5175 I InputReader: Touch event's action is 0x1 (id=2, t=0) [pCnt=1, s=] when=18585.055188
02-21 14:15:40.328  5016  5174 I InputDispatcher: Delivering touch to (5405): action: 0x1, f=0x0, d=0, '97aa58f', t=1 +(0,-2214)
02-21 14:15:40.328  5405  5405 I ViewRootImpl@38db4db[NavigationBar0]: ViewPostIme pointer 1
02-21 14:15:40.328  5405  5405 D KeyButtonView: Motion event=1
02-21 14:15:40.329  5405  5405 D KeyButtonView: sendEvent() mCode=4, action=1, flags=0, callers=com.android.systemui.statusbar.policy.KeyButtonView.sendEvent:431 com.android.systemui.statusbar.policy.KeyButtonView.onTouchEvent:376 android.view.View.dispatchTouchEvent:15199 android.view.ViewGroup.dispatchTransformedTouchEvent:3920 android.view.ViewGroup.dispatchTouchEvent:3594 
02-21 14:15:40.329  5405  5405 I KeyButtonView: Back button event: ACTION_UP
02-21 14:15:40.329  5405  6077 I KeyButtonView: injectInputEvent - 4
02-21 14:15:40.330  5016  5189 D InputDispatcher: Inject key (5405): action=1, f=0x48, d=0, time=18585055000000
02-21 14:15:40.330  5016  5189 D WindowManager: interceptKeyTq s_result=1
02-21 14:15:40.331  5016  5174 I InputDispatcher: Delivering key to (13109): B action: 0x1 (0), f=0x48, m=0x0, d=0, 'de9f2b8'
02-21 14:15:40.331  7479  7479 I HBD     : HoneyBoardService onKeyUp consumed:false 
02-21 14:15:40.332 13109 13109 I ViewRootImpl@396e733[WelcomeActivity]: ViewPostIme key 1
02-21 14:15:40.334  5016  5189 D InputDispatcher: Focused application set to (0): 6f4edd7
02-21 14:15:40.335  5016  5189 V WindowManager: Changing focus from Window{de9f2b8 u0 com.amazon.whisperjoin.deviceprovisioningservicetestapp.internal/com.amazon.whisperjoin.deviceprovisioningservicetestapp.WelcomeActivity} to null displayId=0 Callers=com.android.server.wm.RootWindowContainer.updateFocusedWindowLocked:566 com.android.server.wm.WindowManagerService.updateFocusedWindowLocked:6254 com.android.server.wm.DisplayContent.setFocusedApp:6704 com.android.server.wm.ActivityTaskManagerService.setResumedActivityUncheckLocked:6675 
02-21 14:15:40.336  5016  5189 D StatusBarManagerService: notifyRequestedSystemKey recent=false home=false
02-21 14:15:40.336  5016  5189 D GameManagerService: TaskStackListener.onTaskFocusChanged(), taskId=3131, focused=true
02-21 14:15:40.336  5016  5181 D GameManagerService: onLooperPrepared(), msg: MSG_TASK_FOCUSED, focusedComponent: ComponentInfo{com.sec.android.app.launcher/com.sec.android.app.launcher.activities.LauncherActivity}
02-21 14:15:40.336  5016  5181 D GameManagerService: handleTaskFocused().
02-21 14:15:40.336  5016  5181 D GameManagerService: sendFocusOutConditionally() - mPrevNotiPackage: (unknown)
02-21 14:15:40.336  5016  5181 D GameManagerService:   handleTaskFocused(), pkgName: com.sec.android.app.launcher, clsName: com.sec.android.app.launcher.activities.LauncherActivity, userID:0
02-21 14:15:40.337  5016  5189 V WindowManager: Prepare app transition: transit=TRANSIT_TASK_CLOSE mNextAppTransition=TRANSIT_UNSET alwaysKeepCurrent=false displayId=0 Callers=com.android.server.wm.DisplayContent.prepareAppTransition:5747 com.android.server.wm.DisplayContent.prepareAppTransition:5741 com.android.server.wm.ActivityRecord.finishIfPossible:3119 com.android.server.wm.ActivityTaskManagerService.finishActivity:2422 android.app.IActivityTaskManager$Stub.onTransact:2118 
02-21 14:15:40.337  5016  5189 D WindowManager: isScreenshotDisabledLocked: userId = 0, disabled =false
02-21 14:15:40.337  5016  5189 D WindowManager: isScreenshotDisabledLocked: userId = 0, disabled =false
02-21 14:15:40.338  4601  4635 D gralloc : [mali_gralloc_allocate] begin
02-21 14:15:40.338  4601  4635 D gralloc : buffer_descriptor: wh(1080 2340) usage_pc(0x366 0x306) hal_format(0x1) layer_count(1) sizes(0 0 0) strde(0) byte_stride(0) alloc_wh(0 0) internal_format(0x0) alloc_format(0x0) fd_count(1) plane_count(0)
02-21 14:15:40.338  4601  4635 D gralloc : [mali_gralloc_allocate] allocation successful
02-21 14:15:40.342  4681  4681 I Layer   : id=404[0] Destroyed Screenshot Parent
02-21 14:15:40.349  5016  5189 I ActivityTaskManager: Remove from unknown app
02-21 14:15:40.349  5016  5070 D SurfaceControl: hide : mNativeObject = 537242821792 - sc.mNativeObject = 536705861568 - Surface(name=Input Consumer recents_animation_input_consumer)/@0xb88b76d
02-21 14:15:40.349  5016  5070 D SurfaceControl: nativeSetFlags Done : Surface(name=Input Consumer recents_animation_input_consumer)/@0xb88b76d
02-21 14:15:40.350  5016  5896 V ActivityManager: Changed top to 10121,ProcessRecord{60fba9b 5740:com.sec.android.app.launcher/u0a121}
02-21 14:15:40.352  5016  5514 D MARsPolicyManager: onPackageResumedFG pkgName = com.sec.android.app.launcher, userId = 0
02-21 14:15:40.352  5016  5514 V MARsPolicyManager: Current Home Package com.sec.android.app.launcher Resumed
02-21 14:15:40.352  5016  5514 I SemDvfsHyPerManager: acquire hyper - AMS_APP_HOME/5016@20, type = -999
02-21 14:15:40.353  4617  4654 I HYPER-HAL: [RequestManager.cpp]acquire(): Acquired ID : 12683186  [5016 / 20]    HINT : AMS_APP_HOME    list : 
02-21 14:15:40.353  5016  5514 D ActivityManagerPerformance: AMP_acquire() HOME
02-21 14:15:40.353  7210  7210 I SemDvfsHyPerManager: acquire hyper - com.sec.android.sdhms/7210@9, type = -999
02-21 14:15:40.353  5016  5514 V WindowManager: Prepare app transition: transit=TRANSIT_TASK_CLOSE mNextAppTransition=TRANSIT_TASK_CLOSE alwaysKeepCurrent=false displayId=0 Callers=com.android.server.wm.DisplayContent.prepareAppTransition:5747 com.android.server.wm.DisplayContent.prepareAppTransition:5741 com.android.server.wm.ActivityStack.resumeTopActivityInnerLocked:2218 com.android.server.wm.ActivityStack.resumeTopActivityUncheckedLocked:1860 com.android.server.wm.RootWindowContainer.resumeFocusedStacksTopActivities:2665 
02-21 14:15:40.354  5016  5514 V WindowManager: Setting visibility of Window{dd1a16c u0 com.sec.android.app.launcher/com.sec.android.app.launcher.activities.LauncherActivity}: true, caller=com.android.server.wm.WindowContainer.sendAppVisibilityToClients:1017 com.android.server.wm.ActivityRecord.setClientVisible:6326 com.android.server.wm.ActivityRecord.setVisibility:4798 com.android.server.wm.ActivityRecord.setVisibility:4697 com.android.server.wm.ActivityStack.resumeTopActivityInnerLocked:2273 
02-21 14:15:40.354  4617  4654 I HYPER-HAL: [ResourceManager.cpp]updateResource(): [CPUMinFreq] UpdateResource Request ID : 12683186    Value : 2314000
02-21 14:15:40.354  4617  4654 I HYPER-HAL: [RequestManager.cpp]acquire(): Acquired ID : 26060599  [7210 / 9]    HINT : APP_START    list : 
02-21 14:15:40.355  5016  5514 V WindowManager: rotationForOrientation(orient=SCREEN_ORIENTATION_NOSENSOR (5), last=ROTATION_0 (0)); user=ROTATION_0 (0) USER_ROTATION_LOCKED
02-21 14:15:40.355  5016  5514 V WindowOrientationListener: getProposedRotation: -1
02-21 14:15:40.355  4617  4654 E HYPER-HAL: [HandlerSysfs.cpp]doResourceHandling(): Couldn't Open Sysfs - /sys/kernel/mm/vmscan/am_app_launch
02-21 14:15:40.355  5016  5514 V WindowManager: Computed rotation=ROTATION_0 (0) for display id=0 based on lastOrientation=SCREEN_ORIENTATION_NOSENSOR (5) and oldRotation=ROTATION_0 (0), caller=com.android.server.wm.DisplayRotation.updateOrientation:390 com.android.server.wm.DisplayContent.updateOrientation:1695 com.android.server.wm.DisplayContent.updateOrientation:1624 com.android.server.wm.RootWindowContainer.ensureVisibilityAndConfig:2152 com.android.server.wm.ActivityStack.resumeTopActivityInnerLocked:2315 com.android.server.wm.ActivityStack.resumeTopActivityUncheckedLocked:1860 
02-21 14:15:40.355  4617  4654 I HYPER-HAL: [ResourceManager.cpp]updateResource(): [CPUMaxFreq] UpdateResource Request ID : 26060599    Value : 2314000
02-21 14:15:40.355  5016  5514 D TspStateManager: updateCustomValue customSetting=
02-21 14:15:40.355  5016  5514 D TspStateManager: updateCustomValue customSetting=
02-21 14:15:40.356  5016  5514 D MARsPolicyManager: onPackageResumedFG pkgName = com.sec.android.app.launcher, userId = 0
02-21 14:15:40.356  5016  5514 V MARsPolicyManager: Current Home Package com.sec.android.app.launcher Resumed
02-21 14:15:40.356  5016  5514 W WindowManager: Execute app transition: mNextAppTransition=TRANSIT_TASK_CLOSE, displayId: 0 Callers=com.android.server.wm.RootWindowContainer.executeAppTransitionForAllDisplay:2586 com.android.server.wm.ActivityStackSupervisor.reportResumedActivityLocked:2225 com.android.server.wm.ActivityRecord.completeResumeLocked:5646 com.android.server.wm.ActivityStack.resumeTopActivityInnerLocked:2409 com.android.server.wm.ActivityStack.resumeTopActivityUncheckedLocked:1860 
02-21 14:15:40.359  5016  5070 D SurfaceControl: hide : mNativeObject = 537242821792 - sc.mNativeObject = 536705861568 - Surface(name=Input Consumer recents_animation_input_consumer)/@0xb88b76d
02-21 14:15:40.359  5016  5070 D SurfaceControl: nativeSetFlags Done : Surface(name=Input Consumer recents_animation_input_consumer)/@0xb88b76d
02-21 14:15:40.360  5405  6454 E TaskStackListenerAbstract: onTaskSnapshotChanged called by Binder.getCallingPid() 0 android.app.ITaskStackListener$Stub.onTransact:587 android.os.Binder.execTransactInternal:1195 android.os.Binder.execTransact:1159 <bottom of call stack> 
02-21 14:15:40.362  5016  5069 D GameManagerService: notePauseComponent(), received paused-component: com.amazon.whisperjoin.deviceprovisioningservicetestapp.internal
02-21 14:15:40.365  5016  5264 W PkgPredictorService: background app without no launcher icon com.sec.android.app.launcher for.uid: 10121 userId: 0
02-21 14:15:40.365  5016  5067 D SehCodecSolutionService: Update top [com.sec.android.app.launcher]
02-21 14:15:40.366  5016  5069 I GameSDK@LifeCycle: noteResumeComponent(): package name  : com.sec.android.app.launcher
02-21 14:15:40.367  5016  5896 I InputDispatcher: Focus left window (13109): de9f2b8 in display 0 0
02-21 14:15:40.368  5016  5189 V WindowManager: Relayout Window{dd1a16c u0 com.sec.android.app.launcher/com.sec.android.app.launcher.activities.LauncherActivity}: viewVisibility=4 req=1080x2340
02-21 14:15:40.370 13109 13109 I ViewRootImpl@396e733[WelcomeActivity]: MSG_WINDOW_FOCUS_CHANGED 0 1
02-21 14:15:40.371  5016  5070 D SurfaceControl: hide : mNativeObject = 537242821792 - sc.mNativeObject = 536705861568 - Surface(name=Input Consumer recents_animation_input_consumer)/@0xb88b76d
02-21 14:15:40.371  5016  5070 D SurfaceControl: nativeSetFlags Done : Surface(name=Input Consumer recents_animation_input_consumer)/@0xb88b76d
02-21 14:15:40.371  5016  5189 V WindowManager: Relayout hash=dd1a16c, pid=5740: mAttrs={(0,0)(fillxfill) sim={adjust=nothing} layoutInDisplayCutoutMode=shortEdges ty=BASE_APPLICATION fmt=TRANSPARENT wanim=0x10302f2
02-21 14:15:40.371  5016  5189 V WindowManager:   fl=81910100
02-21 14:15:40.371  5016  5189 V WindowManager:   pfl=16020000
02-21 14:15:40.371  5016  5189 V WindowManager:   vsysui=1700
02-21 14:15:40.371  5016  5189 V WindowManager:   bhv=SHOW_TRANSIENT_BARS_BY_SWIPE
02-21 14:15:40.371  5016  5189 V WindowManager:   fitSides= naviIconColor=0}
02-21 14:15:40.371  5016  5069 D GameManagerService: noteResumeComponent(), received resumed-component: com.sec.android.app.launcher
02-21 14:15:40.371  5016  5181 D GameManagerService: onLooperPrepared(), msg: MSG_APP_RESUME, resumeComponent: ComponentInfo{com.sec.android.app.launcher/com.android.launcher3.uioverrides.QuickstepLauncher}
02-21 14:15:40.371  5016  5181 D GameManagerService: handleResume().
02-21 14:15:40.372  5016  5181 D GameManagerService: sendFocusOutConditionally() - mPrevNotiPackage: (unknown)
02-21 14:15:40.372  5740  5740 I ViewRootImpl@6bdece[LauncherActivity]: Relayout returned: old=(0,0,1080,2340) new=(0,0,1080,2340) req=(1080,2340)4 dur=5 res=0x1 s={false 0} ch=false fn=-1
02-21 14:15:40.372  5740  5740 I ViewRootImpl@6bdece[LauncherActivity]: stopped(false) old=true
02-21 14:15:40.372  5016  5181 D GameManagerService:   handleResume(). pkgName: com.sec.android.app.launcher, isTunableApp: null
02-21 14:15:40.373  5740  5740 W LauncherAppWidgetHost: setListenIfResumed, mFlags = 0
02-21 14:15:40.373  5016  5181 D GameManagerService: notifyFocusInOut(). of pkg: com.sec.android.app.launcher, type: 4, isMinimized: false, isTunableApp: false
02-21 14:15:40.374  5740  5740 I LiveIconViewUpdater: onUpdateLiveIcon 26
02-21 14:15:40.374  5016  5181 D GameManagerService:   notifyFocusInOut(). unexpected mPrevNotiType: -1
02-21 14:15:40.374  5016  5181 D GameManagerService:NetworkLimit: callRelease
02-21 14:15:40.374  5740  5740 E libprocessgroup: set_timerslack_ns write failed: Operation not permitted
02-21 14:15:40.374  5016  5181 D GM:SystemHelper: callReleaseBlock needReleaseBlock:false
02-21 14:15:40.374  5740  5740 I WallpapersButton: updateVisibility - mWallpaperType : 0
02-21 14:15:40.374  5740  5740 I ThemesButton: updateVisibility - sThemeStoreType : 1
02-21 14:15:40.374  5740  5740 I LiveIconViewUpdater: onUpdateLiveIcon 66
02-21 14:15:40.374  5740  5740 I LiveIconViewUpdater: onUpdateLiveIcon 69
02-21 14:15:40.374  5740  5740 I ViewRootImpl@6bdece[LauncherActivity]: stopped(false) old=false
02-21 14:15:40.374  5740  5740 I Launcher: !@Boot_DEBUG: Launcher.onResume()
02-21 14:15:40.374  5740  5740 I Launcher: !@Boot_EBS_D: Launcher.onResume()
02-21 14:15:40.375  5740  5740 I FastBitmapDrawable: animatePress : false  immediate : true invalidate : true
02-21 14:15:40.376  5740  5740 I SPayUpdater: updateSpayHandler, show = false, currentDefaultPage = false
02-21 14:15:40.376  7526  8252 W SessionLifecycleManager: Handover failed. Creating new session controller.
02-21 14:15:40.376  5740  8412 I Launcher: DisplayMetrics from Resources : DisplayMetrics{density=2.625, width=1080, height=2131, scaledDensity=2.8875, xdpi=403.411, ydpi=404.326}
02-21 14:15:40.376  5740  5740 I Launcher: setWallpaperOffsets
02-21 14:15:40.376  5740  8412 I Launcher: realMetrics from Wm : DisplayMetrics{density=2.625, width=1080, height=2340, scaledDensity=2.625, xdpi=403.411, ydpi=404.326}
02-21 14:15:40.376  5740  8412 I Launcher: DeviceProfile, isLand : false, isMultiWin :false, availableWidthPx : 1080, availableHeightPx : 2194
02-21 14:15:40.378  5016  5016 I Pageboost: package null
02-21 14:15:40.378  7526  8252 E PBSessionCacheImpl: sessionId[33101311880742425] not persisted.
02-21 14:15:40.379  6527  6527 E pageboostd: Received HALT command code 2
02-21 14:15:40.379  7526  8252 I WorkerManager: Releasing worker: [service]/[27]/[com.google.android.apps.gsa.search.core.service.bw]
02-21 14:15:40.379  7526  8252 I WorkerManager: Releasing worker: [service]/[27]/[com.google.android.apps.gsa.search.core.service.bw]
02-21 14:15:40.379  7526  8252 I WorkerManager: Releasing worker: [searchboxroot]/[24]/[com.google.android.apps.gsa.staticplugins.searchboxroot.z]
02-21 14:15:40.379  7526  8252 I WorkerManager: Releasing worker: [searchboxroot]/[24]/[com.google.android.apps.gsa.staticplugins.searchboxroot.z]
02-21 14:15:40.380  7526 25785 I PBSessionCacheImpl: Deleted sessionId[33101311880742425] from persistence.
02-21 14:15:40.380  7526  8252 I WorkerManager: Releasing worker: [searchboxroot]/[24]/[com.google.android.apps.gsa.staticplugins.searchboxroot.z]
02-21 14:15:40.380  7526  8252 I WorkerManager: Releasing worker: [searchboxroot]/[24]/[com.google.android.apps.gsa.staticplugins.searchboxroot.z]
02-21 14:15:40.380  5740  5740 W Launcher.NotificationListener: setNotificationsChangedListener connected : true
02-21 14:15:40.380  5740  5740 I BadgeCountUpdaterImpl: onNotificationsChangedConnected
02-21 14:15:40.380  5740  5740 I Launcher.NotificationListener: registerObserver this is not notificationService!!
02-21 14:15:40.380  5740  5740 I Launcher.NotificationListener: onNotificationFullRefresh
02-21 14:15:40.380  5740  5898 I InstallPairAppsReceiver: Pair apps key is null
02-21 14:15:40.380  7526  8252 I WorkerManager: Releasing worker: [actions]/[1]/[com.google.android.apps.gsa.staticplugins.actions.p]
02-21 14:15:40.380  7526  8252 I WorkerManager: Releasing worker: [actions]/[1]/[com.google.android.apps.gsa.staticplugins.actions.p]
02-21 14:15:40.381  7526  8252 I WorkerManager: Releasing worker: [actions]/[1]/[com.google.android.apps.gsa.staticplugins.actions.p]
02-21 14:15:40.381  7526  8252 I WorkerManager: Releasing worker: [actions]/[1]/[com.google.android.apps.gsa.staticplugins.actions.p]
02-21 14:15:40.382  7526  8252 I WorkerManager: Releasing worker: [searchboxroot]/[24]/[com.google.android.apps.gsa.staticplugins.searchboxroot.z]
02-21 14:15:40.382  7526  8252 I WorkerManager: Releasing worker: [searchboxroot]/[24]/[com.google.android.apps.gsa.staticplugins.searchboxroot.z]
02-21 14:15:40.382  7526  8252 I WorkerManager: Releasing worker: [searchboxroot]/[24]/[com.google.android.apps.gsa.staticplugins.searchboxroot.z]
02-21 14:15:40.382  7526  8252 I WorkerManager: Releasing worker: [searchboxroot]/[24]/[com.google.android.apps.gsa.staticplugins.searchboxroot.z]
02-21 14:15:40.384  7526  8252 I WorkerManager: Releasing worker: [actions]/[1]/[com.google.android.apps.gsa.staticplugins.actions.p]
02-21 14:15:40.384  7526  8252 I WorkerManager: Releasing worker: [actions]/[1]/[com.google.android.apps.gsa.staticplugins.actions.p]
02-21 14:15:40.385  7526  8252 I WorkerManager: Releasing worker: [actions]/[1]/[com.google.android.apps.gsa.staticplugins.actions.p]
02-21 14:15:40.385  7526  8252 I WorkerManager: Releasing worker: [actions]/[1]/[com.google.android.apps.gsa.staticplugins.actions.p]
02-21 14:15:40.385  7526  8252 I WorkerManager: Releasing worker: [actions]/[1]/[com.google.android.apps.gsa.staticplugins.actions.p]
02-21 14:15:40.385  7526  8252 I WorkerManager: Releasing worker: [actions]/[1]/[com.google.android.apps.gsa.staticplugins.actions.p]
02-21 14:15:40.388  5016  5896 V WindowManager: Relayout Window{dd1a16c u0 com.sec.android.app.launcher/com.sec.android.app.launcher.activities.LauncherActivity}: viewVisibility=0 req=1080x2340
02-21 14:15:40.389  5740  5898 I Launcher.NotificationListener: notificationIsValidForUI : com.google.android.setupwizard missingTitleAndText : false isGroupHeader : false
02-21 14:15:40.389  5740  5898 I Launcher.NotificationListener: notificationIsValidForUI : com.sec.android.app.samsungapps missingTitleAndText : false isGroupHeader : false
02-21 14:15:40.389  5740  5898 I Launcher.NotificationListener: notificationIsValidForUI : com.aura.oobe.samsung missingTitleAndText : false isGroupHeader : false
02-21 14:15:40.389  5740  5898 I Launcher.NotificationListener: notificationIsValidForUI : com.google.android.gm missingTitleAndText : false isGroupHeader : true
02-21 14:15:40.389  5740  5898 I Launcher.NotificationListener: notificationIsValidForUI : com.google.android.gm missingTitleAndText : false isGroupHeader : false
02-21 14:15:40.390  5016  5896 D WindowManager: isScreenshotDisabledLocked: userId = 0, disabled =false
02-21 14:15:40.390  5740  5898 I Launcher.NotificationListener: Full refresh isConnected : true active size : 4
02-21 14:15:40.390  4681  5358 I SurfaceFlinger: id=405 createSurf (1080x2340),1 flag=4, com.sec.android.app.launcher/com.sec.android.app.launcher.activities.LauncherActivity$_5740#0
02-21 14:15:40.390  5016  5896 D WindowManager: makeSurface duration=0 name=com.sec.android.app.launcher/com.sec.android.app.launcher.activities.LauncherActivity$_5740
02-21 14:15:40.391  5016  5896 V WindowManager: Changing focus from null to Window{dd1a16c u0 com.sec.android.app.launcher/com.sec.android.app.launcher.activities.LauncherActivity} displayId=0 Callers=com.android.server.wm.RootWindowContainer.updateFocusedWindowLocked:566 com.android.server.wm.WindowManagerService.updateFocusedWindowLocked:6254 com.android.server.wm.WindowManagerService.relayoutWindow:2697 com.android.server.wm.Session.relayout:217 
02-21 14:15:40.392  5016 25778 I SystemUiVisibilityPolicyController: handleMessage: entry what = 1
02-21 14:15:40.392  5016  5896 I WindowManager: Cancelling animation restarting=true, leash=Surface(name=Surface(name=4735855 StatusBar)/@0x6fe05bc - animation-leash)/@0xb9eb9fc
02-21 14:15:40.392  5016  5896 I WindowManager: Reparenting to original parent: Surface(name=WindowToken{48ffef3 android.os.BinderProxy@c28242d})/@0xb4fe945, destroy=false, surface=Surface(name=4735855 StatusBar)/@0x6fe05bc
02-21 14:15:40.392  5016  5896 I SurfaceControl: release : mNativeObject = 536705722912 - Surface(name=Surface(name=4735855 StatusBar)/@0x6fe05bc - animation-leash)/@0xb9eb9fc
02-21 14:15:40.392  5016  5896 I SurfaceControl: nativeRelease nativeObject s[536705722912]
02-21 14:15:40.392  5016  5896 I SurfaceControl: nativeRelease nativeObject e[536705722912]
02-21 14:15:40.392  5016  5896 I WindowManager: Reparenting to leash, surface=Surface(name=4735855 StatusBar)/@0x6fe05bc, leashParent=Surface(name=WindowToken{48ffef3 android.os.BinderProxy@c28242d})/@0xb4fe945
02-21 14:15:40.392  9814  9814 I TrayStateController: systemUiVisibilityChanged : 0 0
02-21 14:15:40.392  4681  4699 I SurfaceFlinger: id=406 createSurf (0x0),-1 flag=24000, Surface(name=4735855 StatusBar)/@0x6fe05bc - animation-leash#1
02-21 14:15:40.393  5016  5896 D WindowManager: makeSurface duration=0 leash=Surface(name=Surface(name=4735855 StatusBar)/@0x6fe05bc - animation-leash)/@0x93bb6c7
02-21 14:15:40.393  5016  5896 I WindowManager: Cancelling animation restarting=true, leash=Surface(name=Surface(name=97aa58f NavigationBar0)/@0x716adb5 - animation-leash)/@0xd4ff6da
02-21 14:15:40.393  5016  5896 I WindowManager: Reparenting to original parent: Surface(name=WindowToken{a46e484 android.os.BinderProxy@cfa2116})/@0xc934c4a, destroy=false, surface=Surface(name=97aa58f NavigationBar0)/@0x716adb5
02-21 14:15:40.393  5016  5896 I SurfaceControl: release : mNativeObject = 536706011088 - Surface(name=Surface(name=97aa58f NavigationBar0)/@0x716adb5 - animation-leash)/@0xd4ff6da
02-21 14:15:40.393  5016  5896 I SurfaceControl: nativeRelease nativeObject s[536706011088]
02-21 14:15:40.393  5016  5896 I SurfaceControl: nativeRelease nativeObject e[536706011088]
02-21 14:15:40.393  5016  5896 I WindowManager: Reparenting to leash, surface=Surface(name=97aa58f NavigationBar0)/@0x716adb5, leashParent=Surface(name=WindowToken{a46e484 android.os.BinderProxy@cfa2116})/@0xc934c4a
02-21 14:15:40.393  4681  4699 I SurfaceFlinger: id=407 createSurf (0x0),-1 flag=24000, Surface(name=97aa58f NavigationBar0)/@0x716adb5 - animation-leash#1
02-21 14:15:40.394  5016  5896 D WindowManager: makeSurface duration=1 leash=Surface(name=Surface(name=97aa58f NavigationBar0)/@0x716adb5 - animation-leash)/@0x13bc41d
02-21 14:15:40.394  5016  5896 D StatusBarManagerService: notifyRequestedSystemKey recent=false home=false
02-21 14:15:40.394  5016  5070 D SurfaceControl: hide : mNativeObject = 537242821792 - sc.mNativeObject = 536705861568 - Surface(name=Input Consumer recents_animation_input_consumer)/@0xb88b76d
02-21 14:15:40.394  5016  5070 D SurfaceControl: nativeSetFlags Done : Surface(name=Input Consumer recents_animation_input_consumer)/@0xb88b76d
02-21 14:15:40.395  5016  5896 V WindowManager: Relayout hash=dd1a16c, pid=5740: mAttrs={(0,0)(fillxfill) sim={adjust=nothing} layoutInDisplayCutoutMode=shortEdges ty=BASE_APPLICATION fmt=TRANSPARENT wanim=0x10302f2
02-21 14:15:40.395  5016  5896 V WindowManager:   fl=81910100
02-21 14:15:40.395  5016  5896 V WindowManager:   pfl=16020000
02-21 14:15:40.395  5016  5896 V WindowManager:   vsysui=1700
02-21 14:15:40.395  5016  5896 V WindowManager:   bhv=SHOW_TRANSIENT_BARS_BY_SWIPE
02-21 14:15:40.395  5016  5896 V WindowManager:   fitSides= screenDimDuration=200000 naviIconColor=0}
02-21 14:15:40.395  5016  5896 I SurfaceControl: release : mNativeObject = 536706010416 - Surface(name=com.sec.android.app.launcher/com.sec.android.app.launcher.activities.LauncherActivity$_5740)/@0x7a18692
02-21 14:15:40.395  5016  5896 I SurfaceControl: nativeRelease nativeObject s[536706010416]
02-21 14:15:40.395  5016  5896 I SurfaceControl: nativeRelease nativeObject e[536706010416]
02-21 14:15:40.396  5016 25778 I SystemUiVisibilityPolicyController: handleMessage: entry what = 1
02-21 14:15:40.396  9814  9814 I TrayStateController: systemUiVisibilityChanged : 2 0
02-21 14:15:40.397  7526  8252 I WorkerManager: Releasing worker: [legacyui]/[63]/[com.google.android.apps.gsa.staticplugins.by.a]
02-21 14:15:40.397  7526  8252 I WorkerManager: Releasing worker: [legacyui]/[63]/[com.google.android.apps.gsa.staticplugins.by.a]
02-21 14:15:40.397  7526  8252 I WorkerManager: Releasing worker: [searchplate]/[26]/[com.google.android.apps.gsa.staticplugins.dq.c]
02-21 14:15:40.397  7526  8252 I WorkerManager: Releasing worker: [searchplate]/[26]/[com.google.android.apps.gsa.staticplugins.dq.c]
02-21 14:15:40.398  7526  8252 I WorkerManager: Releasing worker: [searchplate]/[26]/[com.google.android.apps.gsa.staticplugins.dq.c]
02-21 14:15:40.398  7526  8252 I WorkerManager: Releasing worker: [searchplate]/[26]/[com.google.android.apps.gsa.staticplugins.dq.c]
02-21 14:15:40.398  7526  8252 I WorkerManager: Releasing worker: [searchplate]/[26]/[com.google.android.apps.gsa.staticplugins.dq.c]
02-21 14:15:40.398  7526  8252 I WorkerManager: Releasing worker: [searchplate]/[26]/[com.google.android.apps.gsa.staticplugins.dq.c]
02-21 14:15:40.398  7526  8252 I WorkerManager: Releasing worker: [searchplate]/[26]/[com.google.android.apps.gsa.staticplugins.dq.c]
02-21 14:15:40.399  7526  8252 I WorkerManager: Releasing worker: [searchplate]/[26]/[com.google.android.apps.gsa.staticplugins.dq.c]
02-21 14:15:40.399  7526  8252 I WorkerManager: Releasing worker: [searchplate]/[26]/[com.google.android.apps.gsa.staticplugins.dq.c]
02-21 14:15:40.399  7526  8252 I WorkerManager: Releasing worker: [searchplate]/[26]/[com.google.android.apps.gsa.staticplugins.dq.c]
02-21 14:15:40.399  7526  8252 I WorkerManager: Releasing worker: [conversation]/[44]/[com.google.android.apps.gsa.staticplugins.aj.a]
02-21 14:15:40.400  7526  8252 I WorkerManager: Releasing worker: [conversation]/[44]/[com.google.android.apps.gsa.staticplugins.aj.a]
02-21 14:15:40.400  7526  8252 I WorkerManager: Releasing worker: [message]/[68]/[com.google.android.apps.gsa.staticplugins.messages.n]
02-21 14:15:40.400  7526  8252 I WorkerManager: Releasing worker: [message]/[68]/[com.google.android.apps.gsa.staticplugins.messages.n]
02-21 14:15:40.401  5740  5740 I ViewRootImpl@6bdece[LauncherActivity]: Relayout returned: old=(0,0,1080,2340) new=(0,0,1080,2340) req=(1080,2340)0 dur=12 res=0x7 s={true 541538866144} ch=true fn=-1
02-21 14:15:40.402  5740  5740 I ViewRootImpl@6bdece[LauncherActivity]: [DP] dp(1) 1 android.view.ViewRootImpl.reportNextDraw:10761 android.view.ViewRootImpl.performTraversals:3733 android.view.ViewRootImpl.doTraversal:2519 
02-21 14:15:40.402  5740  5740 I ViewRootImpl@6bdece[LauncherActivity]: [DP] pd() Asnyc report
02-21 14:15:40.402  4681  4699 I Layer   : id=400 removeFromCurrentState Surface(name=4735855 StatusBar)/@0x6fe05bc - animation-leash#0 (62)
02-21 14:15:40.402  7526  8252 I WorkerManager: Releasing worker: [context]/[50]/[com.google.android.apps.gsa.staticplugins.ah.h]
02-21 14:15:40.402  4681  4699 I Layer   : id=401 removeFromCurrentState Surface(name=97aa58f NavigationBar0)/@0x716adb5 - animation-leash#0 (62)
02-21 14:15:40.402  4681  4699 I Layer   : id=24 removeFromCurrentState 97aa58f NavigationBar0#0 (62)
02-21 14:15:40.402  4681  4699 I Layer   : id=29 removeFromCurrentState NavigationBar0$_5405#0 (62)
02-21 14:15:40.402  4681  4699 I Layer   : id=24 addToCurrentState 97aa58f NavigationBar0#0 (62)
02-21 14:15:40.402  4681  4699 I Layer   : id=29 addToCurrentState NavigationBar0$_5405#0 (62)
02-21 14:15:40.403  7526  8252 I WorkerManager: Releasing worker: [context]/[50]/[com.google.android.apps.gsa.staticplugins.ah.h]
02-21 14:15:40.403  4601  4635 D gralloc : [mali_gralloc_allocate] begin
02-21 14:15:40.404  4601  4635 D gralloc : buffer_descriptor: wh(1080 2340) usage_pc(0x40000000000b00 0x40000000000b00) hal_format(0x1) layer_count(1) sizes(0 0 0) strde(0) byte_stride(0) alloc_wh(0 0) internal_format(0x0) alloc_format(0x0) fd_count(1) plane_count(0)
02-21 14:15:40.404  7526  8252 I WorkerManager: Releasing worker: [actionvelogging]/[2]/[com.google.android.apps.gsa.staticplugins.a.d]
02-21 14:15:40.405  7526  8252 I WorkerManager: Releasing worker: [actionvelogging]/[2]/[com.google.android.apps.gsa.staticplugins.a.d]
02-21 14:15:40.406  7526  8252 I WorkerManager: Releasing worker: [sharedmicrodetection]/[17]/[com.google.android.apps.gsa.staticplugins.microdetection.aj]
02-21 14:15:40.406  7526  8252 I WorkerManager: Releasing worker: [sharedmicrodetection]/[17]/[com.google.android.apps.gsa.staticplugins.microdetection.aj]
02-21 14:15:40.406  4601  4635 D gralloc : [mali_gralloc_allocate] allocation successful
02-21 14:15:40.407  4601  4635 D gralloc : [mali_gralloc_allocate] begin
02-21 14:15:40.408  4601  4635 D gralloc : buffer_descriptor: wh(1080 2340) usage_pc(0x40000000000b00 0x40000000000b00) hal_format(0x1) layer_count(1) sizes(0 0 0) strde(0) byte_stride(0) alloc_wh(0 0) internal_format(0x0) alloc_format(0x0) fd_count(1) plane_count(0)
02-21 14:15:40.408 13109 13109 I SurfaceControl: release : mNativeObject = 536705726048 - Surface(name=Surface(name=ba841ba InputMethod)/@0xd113861 - animation-leash)/@0x1b9061c
02-21 14:15:40.408 13109 13109 I SurfaceControl: nativeRelease nativeObject s[536705726048]
02-21 14:15:40.408 13109 13109 I SurfaceControl: nativeRelease nativeObject e[536705726048]
02-21 14:15:40.408 13109 13109 I SurfaceControl: release : mNativeObject = 536705743408 - Surface(name=Surface(name=97aa58f NavigationBar0)/@0x716adb5 - animation-leash)/@0xa5e6808
02-21 14:15:40.408 13109 13109 I SurfaceControl: nativeRelease nativeObject s[536705743408]
02-21 14:15:40.408 13109 13109 I SurfaceControl: nativeRelease nativeObject e[536705743408]
02-21 14:15:40.409  4681  5924 I SurfaceFlinger: id=401 Removed Surface(name=97aa58f NavigationBar0)/@0x716adb5 - animation-leash#0 (62)
02-21 14:15:40.409 13109 13109 I SurfaceControl: release : mNativeObject = 536705709024 - Surface(name=Surface(name=4735855 StatusBar)/@0x6fe05bc - animation-leash)/@0xc14eba1
02-21 14:15:40.409 13109 13109 I SurfaceControl: nativeRelease nativeObject s[536705709024]
02-21 14:15:40.409 13109 13109 I SurfaceControl: nativeRelease nativeObject e[536705709024]
02-21 14:15:40.409  4601  4635 D gralloc : [mali_gralloc_allocate] allocation successful
02-21 14:15:40.410  4681  4699 I SurfaceFlinger: id=400 Removed Surface(name=4735855 StatusBar)/@0x6fe05bc - animation-leash#0 (62)
02-21 14:15:40.414  5016  5070 D SurfaceControl: hide : mNativeObject = 537242821792 - sc.mNativeObject = 536705861568 - Surface(name=Input Consumer recents_animation_input_consumer)/@0xb88b76d
02-21 14:15:40.414  5016  5070 D SurfaceControl: nativeSetFlags Done : Surface(name=Input Consumer recents_animation_input_consumer)/@0xb88b76d
02-21 14:15:40.417  4681  4681 I Layer   : id=400[1] Destroyed Surface(name=4735855 StatusBar)/@0x6fe05bc - animation-leash#0
02-21 14:15:40.417  4681  4681 I Layer   : id=401[1] Destroyed Surface(name=97aa58f NavigationBar0)/@0x716adb5 - animation-leash#0
02-21 14:15:40.419  7526  8252 I WorkerManager: Releasing worker: [networkmonitor]/[39]/[com.google.android.apps.gsa.staticplugins.cj.i]
02-21 14:15:40.420  7526  8252 I WorkerManager: Releasing worker: [networkmonitor]/[39]/[com.google.android.apps.gsa.staticplugins.cj.i]
02-21 14:15:40.420  5016  5069 D PowerManagerService: [api] setScreenDimDurationOverrideFromWindowManagerInternal: timeoutMillis: 200000
02-21 14:15:40.421  7526  8252 I WorkerManager: Releasing worker: [audio]/[4]/[com.google.android.apps.gsa.staticplugins.m.i]
02-21 14:15:40.421  7526  8252 I WorkerManager: Releasing worker: [audio]/[4]/[com.google.android.apps.gsa.staticplugins.m.i]
02-21 14:15:40.421  4601  4635 D gralloc : [mali_gralloc_allocate] begin
02-21 14:15:40.421  4601  4635 D gralloc : buffer_descriptor: wh(1080 2340) usage_pc(0x40000000000b00 0x40000000000b00) hal_format(0x1) layer_count(1) sizes(0 0 0) strde(0) byte_stride(0) alloc_wh(0 0) internal_format(0x0) alloc_format(0x0) fd_count(1) plane_count(0)
02-21 14:15:40.422  7526  8252 I WorkerManager: Releasing worker: [audio]/[4]/[com.google.android.apps.gsa.staticplugins.m.i]
02-21 14:15:40.422  7526  8252 I WorkerManager: Releasing worker: [audio]/[4]/[com.google.android.apps.gsa.staticplugins.m.i]
02-21 14:15:40.422  5740  5740 I ViewRootImpl@6bdece[LauncherActivity]: [DP] pdf(0) 1 android.view.ViewRootImpl.lambda$performDraw$1$ViewRootImpl:4554 android.view.-$$Lambda$ViewRootImpl$DJd0VUYJgsebcnSohO6h8zc_ONI.run:6 android.os.Handler.handleCallback:938 
02-21 14:15:40.422  5740  5740 I ViewRootImpl@6bdece[LauncherActivity]: [DP] rdf()
02-21 14:15:40.423  4601  4635 D gralloc : [mali_gralloc_allocate] allocation successful
02-21 14:15:40.423  7526  8252 I WorkerManager: Releasing worker: [progress]/[379]/[com.google.android.apps.gsa.staticplugins.cy.a]
02-21 14:15:40.423  7526  8252 I WorkerManager: Releasing worker: [progress]/[379]/[com.google.android.apps.gsa.staticplugins.cy.a]
02-21 14:15:40.424  7526  8252 I WorkerManager: Releasing worker: [logo_header]/[71]/[com.google.android.apps.gsa.staticplugins.ca.a]
02-21 14:15:40.424  7526  8252 I WorkerManager: Releasing worker: [logo_header]/[71]/[com.google.android.apps.gsa.staticplugins.ca.a]
02-21 14:15:40.426  5016  5896 D WindowManager: finishDrawingWindow: Window{dd1a16c u0 com.sec.android.app.launcher/com.sec.android.app.launcher.activities.LauncherActivity} mDrawState=DRAW_PENDING
02-21 14:15:40.426  5016  5070 V WindowManager: Updating vis of wallpaper Window{3d8ea85 u0 com.android.systemui.ImageWallpaper}: true from:
02-21 14:15:40.426  5016  5070 V WindowManager:   com.android.server.wm.WallpaperWindowToken.updateWallpaperWindows:169
02-21 14:15:40.426  5016  5070 V WindowManager:   com.android.server.wm.WallpaperController.updateWallpaperTokens:684
02-21 14:15:40.426  5016  5070 V WindowManager:   com.android.server.wm.WallpaperController.adjustWallpaperWindows:723
02-21 14:15:40.426  5016  5070 V WindowManager:   com.android.server.wm.DisplayContent.applySurfaceChangesTransaction:4783
02-21 14:15:40.427  5405  6454 D WallpaperService: dispatchAppVisibility onVisibilityChanged(): true
02-21 14:15:40.427  5405  5405 D WallpaperService: updateSurface forceRelayout=true forceReport=false redrawNeeded=false myWidth=2340 myHeight=2340 fixedSize=true x = 0 y = 0 mWidth=2340 mHeight=2340 mIsSleepMode=false
02-21 14:15:40.427  5405  5405 D WallpaperService: mDeviceHeight : 2340, mDeviceWidth : 1080,mDeviceRotation  : 0
02-21 14:15:40.427  5740  5740 E libprocessgroup: set_timerslack_ns write failed: Operation not permitted
02-21 14:15:40.428  5740  5740 I PopupDataProvider: onNotificationFullRefresh prev dotInfoSize : 4
02-21 14:15:40.428  5740  5740 I PopupDataProvider: refresh badge  package : com.google.android.setupwizard count : 1
02-21 14:15:40.428  5740  5740 I PopupDataProvider: refresh badge  package : com.sec.android.app.samsungapps count : 1
02-21 14:15:40.428  5740  5740 I PopupDataProvider: refresh badge  package : com.aura.oobe.samsung count : 1
02-21 14:15:40.428  5740  5740 I PopupDataProvider: refresh badge  package : com.google.android.gm count : 1
02-21 14:15:40.429  5016  5070 D WindowManager: createAnimationAdapter(): container=Task{a97a16c #3140 visible=false type=standard mode=fullscreen translucent=true A=10308:com.amazon.whisperjoin.deviceprovisioningservicetestapp.internal U=0 StackId=3140 sz=1}
02-21 14:15:40.429  5016  5070 I WindowManager: Reparenting to leash, surface=Surface(name=Task=3140)/@0xf83e3f7, leashParent=Surface(name=DefaultTaskDisplayArea)/@0xde07bcd
02-21 14:15:40.429  4681  4700 I SurfaceFlinger: id=408 createSurf (0x0),-1 flag=24000, Surface(name=Task=3140)/@0xf83e3f7 - animation-leash#0
02-21 14:15:40.430  5016  5070 D WindowManager: makeSurface duration=1 leash=Surface(name=Surface(name=Task=3140)/@0xf83e3f7 - animation-leash)/@0xdb2f863
02-21 14:15:40.430  5016  5070 D WindowManager: startAnimation
02-21 14:15:40.430  5016  5070 D WindowManager: createAnimationAdapter(): container=Task{8041175 #1 visible=false type=home mode=fullscreen translucent=true I=com.sec.android.app.launcher/.activities.LauncherActivity U=0 StackId=1 sz=1}
02-21 14:15:40.430  5016  5070 I WindowManager: Reparenting to leash, surface=Surface(name=Task=1)/@0xa71758d, leashParent=Surface(name=DefaultTaskDisplayArea)/@0xde07bcd
02-21 14:15:40.431  4681  4700 I SurfaceFlinger: id=409 createSurf (0x0),-1 flag=24004, Surface(name=Task=1)/@0xa71758d - animation-leash#0
02-21 14:15:40.431  5016  5070 D WindowManager: makeSurface duration=1 leash=Surface(name=Surface(name=Task=1)/@0xa71758d - animation-leash)/@0xc741c60
02-21 14:15:40.432  5016  5070 D WindowManager: startAnimation
02-21 14:15:40.433  5016  5070 D PkgPredictorService: pkg:com.sec.android.app.launcher activity:com.sec.android.app.launcher.activities.LauncherActivity thisTime:-1
02-21 14:15:40.434  5740  5740 I BadgeRenderer: Invalid count : 0
02-21 14:15:40.435  5740  5740 I BadgeRenderer: Invalid count : 0
02-21 14:15:40.435  5016  5070 D WindowManager: goodToGo()
02-21 14:15:40.435  5016  5070 D WindowManager: createAppAnimations()
02-21 14:15:40.435  5740  5740 I BadgeRenderer: Invalid count : 0
02-21 14:15:40.435  5016  5070 D WindowManager: 	Add container=Task{8041175 #1 visible=false type=home mode=fullscreen translucent=true I=com.sec.android.app.launcher/.activities.LauncherActivity U=0 StackId=1 sz=1}
02-21 14:15:40.437  5016  5070 D WindowManager: 	Add container=Task{a97a16c #3140 visible=false type=standard mode=fullscreen translucent=true A=10308:com.amazon.whisperjoin.deviceprovisioningservicetestapp.internal U=0 StackId=3140 sz=1}
02-21 14:15:40.437  5016  5070 D WindowManager: createWallpaperAnimations()
02-21 14:15:40.437  5016  5070 D WindowManager: 	visible=WallpaperWindowToken{34bf5bf token=android.os.Binder@d0cefde}
02-21 14:15:40.437  5016  5070 I WindowManager: Reparenting to leash, surface=Surface(name=WallpaperWindowToken{34bf5bf token=android.os.Binder@d0cefde})/@0xb286db8, leashParent=Surface(name=Leaf:0:1)/@0xce06ed7
02-21 14:15:40.438  4681  4700 I SurfaceFlinger: id=410 createSurf (0x0),-1 flag=24000, Surface(name=WallpaperWindowToken{34bf5bf token=android.os.Binder@d0cefde})/@0xb286db8 - animation-leash#0
02-21 14:15:40.438  5016  5070 D WindowManager: makeSurface duration=1 leash=Surface(name=Surface(name=WallpaperWindowToken{34bf5bf token=android.os.Binder@d0cefde})/@0xb286db8 - animation-leash)/@0x558519
02-21 14:15:40.438  5016  5070 D WindowManager: startAnimation
02-21 14:15:40.441  5016  5070 D WindowManager: RemoteAnimationController::onAnimationStart, animations=[Landroid.view.RemoteAnimationTarget;@d4d79de
02-21 14:15:40.442  5016  5070 D WindowManager: startAnimation(): Notify animation start:
02-21 14:15:40.442  5016  5070 I WindowManager: Starting remote animation
02-21 14:15:40.442  5740 19249 I LauncherAnimationRunner: onAnimationStart, appTargets : [Lcom.android.systemui.shared.system.RemoteAnimationTargetCompat;@7b80c9c mStartAtFrontOfQueue : false
02-21 14:15:40.442  5016  5070 I WindowManager: container=Task{8041175 #1 visible=false type=home mode=fullscreen translucent=true I=com.sec.android.app.launcher/.activities.LauncherActivity U=0 StackId=1 sz=1}
02-21 14:15:40.442  5016  5070 I WindowManager: Target:
02-21 14:15:40.442  5016  5070 I WindowManager:   mode=0 taskId=3131 isTranslucent=false clipRect=[0,0][1080,2340] contentInsets=[0,83][0,126] prefixOrderIndex=16 position=[0,0] sourceContainerBounds=[0,0][1080,2340] screenSpaceBounds=[0,0][1080,2340] localBounds=[0,0][1080,2340]
02-21 14:15:40.442  5016  5070 I WindowManager:   windowConfiguration={ mBounds=Rect(0, 0 - 1080, 2340) mAppBounds=Rect(0, 83 - 1080, 2214) mWindowingMode=fullscreen mDisplayWindowingMode=fullscreen mActivityType=home mAlwaysOnTop=undefined mRotation=ROTATION_0}
02-21 14:15:40.442  5016  5070 I WindowManager:   leash=Surface(name=Surface(name=Task=1)/@0xa71758d - animation-leash)/@0xc741c60
02-21 14:15:40.442  5016  5070 I WindowManager: container=Task{a97a16c #3140 visible=false type=standard mode=fullscreen translucent=true A=10308:com.amazon.whisperjoin.deviceprovisioningservicetestapp.internal U=0 StackId=3140 sz=1}
02-21 14:15:40.442  5016  5070 I WindowManager: Target:
02-21 14:15:40.442  5016  5070 I WindowManager:   mode=1 taskId=3140 isTranslucent=false clipRect=[0,0][1080,2340] contentInsets=[0,83][0,126] prefixOrderIndex=12 position=[0,0] sourceContainerBounds=[0,0][1080,2340] screenSpaceBounds=[0,0][1080,2340] localBounds=[0,0][1080,2340]
02-21 14:15:40.442  5016  5070 I WindowManager:   windowConfiguration={ mBounds=Rect(0, 0 - 1080, 2340) mAppBounds=Rect(0, 83 - 1080, 2214) mWindowingMode=fullscreen mDisplayWindowingMode=fullscreen mActivityType=standard mAlwaysOnTop=undefined mRotation=ROTATION_0}
02-21 14:15:40.442  5016  5070 I WindowManager:   leash=Surface(name=Surface(name=Task=3140)/@0xf83e3f7 - animation-leash)/@0xdb2f863
02-21 14:15:40.442  5740  5740 I WrappedLauncherAnimationRunner: onCreateAnimation, animationRunnerImpl : com.android.launcher3.QuickstepAppTransitionManagerImpl$WallpaperOpenLauncherAnimationRunner@99ea8b9
02-21 14:15:40.442  5740  5740 I QuickstepTransition: WallpaperOpenLauncherAnimationRunner, onCreateAnimation
02-21 14:15:40.443  5740  5740 W AppTransitionAnimatorImpl: closing animation with floating icon - true
02-21 14:15:40.443  5016  5896 V WindowManager: Relayout Window{3d8ea85 u0 com.android.systemui.ImageWallpaper}: viewVisibility=0 req=2340x2340
02-21 14:15:40.446  5016  5896 V WindowManager: Relayout hash=3d8ea85, pid=5405: mAttrs={(0,0)(2340x2340) gr=TOP START CENTER layoutInDisplayCutoutMode=always ty=WALLPAPER fmt=RGBX_8888 wanim=0x1030315
02-21 14:15:40.446  5016  5896 V WindowManager:   fl=14318
02-21 14:15:40.446  5016  5896 V WindowManager:   pfl=4 naviIconColor=0
02-21 14:15:40.446  5016  5896 V WindowManager:   sfl=8}
02-21 14:15:40.446  5740  5740 W AppTransitionAnimatorImpl: onAnimationStart - APP OUT
02-21 14:15:40.446  5016  5896 I SurfaceControl: release : mNativeObject = 536705853840 - Surface(name=com.android.systemui.ImageWallpaper$_5405)/@0x4d2b7bf
02-21 14:15:40.446  5016  5896 I SurfaceControl: nativeRelease nativeObject s[536705853840]
02-21 14:15:40.446  5016  5896 I SurfaceControl: nativeRelease nativeObject e[536705853840]
02-21 14:15:40.448  5016  5070 D SurfaceControl: hide : mNativeObject = 537242821792 - sc.mNativeObject = 536705861568 - Surface(name=Input Consumer recents_animation_input_consumer)/@0xb88b76d
02-21 14:15:40.448  5016  5070 D SurfaceControl: nativeSetFlags Done : Surface(name=Input Consumer recents_animation_input_consumer)/@0xb88b76d
02-21 14:15:40.450  5405  5405 I SurfaceControl: release : mNativeObject = 536705865264 - Surface(name=com.android.systemui.ImageWallpaper$_5405)/@0x65c9af2
02-21 14:15:40.451  5016  5189 I InputDispatcher: Focus entered window (5740): dd1a16c in display 0 0
02-21 14:15:40.452  5405  5405 I SurfaceControl: nativeRelease nativeObject s[536705865264]
02-21 14:15:40.453  5405  5405 I SurfaceControl: nativeRelease nativeObject e[536705865264]
02-21 14:15:40.455  5405  5405 D WallpaperService: updateSurface redrawNeeded=false didSurface=false
02-21 14:15:40.455  5405  5405 I ImageWallpaper:  onVisibilityChanged true
02-21 14:15:40.455  5405  5405 I ImageWallpaperRenderer:  updateWallpaperOffset 0
02-21 14:15:40.456  5016  5189 D WALLPAPER_SVC:WallpaperManagerService: getWallpaperSafeLocked, userId = 0, which = 1, caller = com.android.server.wallpaper.WallpaperManagerService.semGetWallpaperType:5511 
02-21 14:15:40.457  5016  5189 D WallpaperManagerService: which : 1, return type : 0 (called by userId= 0)
02-21 14:15:40.457  5016  5070 D SurfaceControl: hide : mNativeObject = 537242821792 - sc.mNativeObject = 536705861568 - Surface(name=Input Consumer recents_animation_input_consumer)/@0xb88b76d
02-21 14:15:40.457  5016  5070 D SurfaceControl: nativeSetFlags Done : Surface(name=Input Consumer recents_animation_input_consumer)/@0xb88b76d
02-21 14:15:40.457  5405  5405 I ImageWallpaperRenderer:  updateWallpaperOffset lastCropOffset 0 wp Type , 0
02-21 14:15:40.457  5740  5740 I ViewRootImpl@6bdece[LauncherActivity]: MSG_WINDOW_FOCUS_CHANGED 1 1
02-21 14:15:40.457  5405  5405 I ImageWallpaperRenderer:  Wallpaper do not change Display offset 0
02-21 14:15:40.457  5405  5405 D WallpaperService: reportVisibility onVisibilityChanged visible: true
02-21 14:15:40.458  5740  5740 I InputMethodManager: startInputInner - mService.startInputOrWindowGainedFocus
02-21 14:15:40.459  5016  5189 V InputMethodManagerService: Unspecified window will hide input
02-21 14:15:40.459  5016  5189 V InputMethodManagerService: hideCurrentInputLocked : shouldHideSoftInput is false
02-21 14:15:40.459  5016  5189 D InputMethodManagerService: mDesktopModeManager null!
02-21 14:15:40.459  5016  5189 V InputMethodManagerService: getDisplayIdOfInputMethodWindowToBeAdded : 0
02-21 14:15:40.460  5016  5189 V InputMethodManagerService: Hide switching menu
02-21 14:15:40.460  5016  5189 D SamsungIMMSHWKeyboard: isConnectedDexOnPC false
02-21 14:15:40.460  5016  5189 D InputMethodManagerService: isImeSwitcherDisabledPackage : false
02-21 14:15:40.461  5016  5189 D InputMethodManagerService: checkDisplayOfStartInputAndUpdateKeyboard display Id 0last 0
02-21 14:15:40.461  5016  5189 D InputTransport: Input channel constructed: 'ClientS', fd=557
02-21 14:15:40.461  5016  5189 D InputTransport: Input channel destroyed: 'ClientS', fd=557
02-21 14:15:40.462 13109 13109 D InputTransport: Input channel destroyed: 'ClientS', fd=81
02-21 14:15:40.464  5016  5189 I WindowManager: Cancelling animation restarting=true, leash=Surface(name=Surface(name=ba841ba InputMethod)/@0xd113861 - animation-leash)/@0x3d0dddf
02-21 14:15:40.464  5016  5189 I WindowManager: Reparenting to original parent: Surface(name=WindowToken{44ec9d4 android.os.Binder@506e327})/@0xb88bf86, destroy=false, surface=Surface(name=ba841ba InputMethod)/@0xd113861
02-21 14:15:40.464  5016  5189 I SurfaceControl: release : mNativeObject = 536705893712 - Surface(name=Surface(name=ba841ba InputMethod)/@0xd113861 - animation-leash)/@0x3d0dddf
02-21 14:15:40.464  5016  5189 I SurfaceControl: nativeRelease nativeObject s[536705893712]
02-21 14:15:40.464  5016  5189 I SurfaceControl: nativeRelease nativeObject e[536705893712]
02-21 14:15:40.464  5016  5189 I WindowManager: Reparenting to leash, surface=Surface(name=ba841ba InputMethod)/@0xd113861, leashParent=Surface(name=WindowToken{44ec9d4 android.os.Binder@506e327})/@0xb88bf86
