02-21 14:15:39.467  5016  5070 D SurfaceControl: hide : mNativeObject = 537242821792 - sc.mNativeObject = 536705861568 - Surface(name=Input Consumer recents_animation_input_consumer)/@0xb88b76d
02-21 14:15:39.467  5016  5070 D SurfaceControl: nativeSetFlags Done : Surface(name=Input Consumer recents_animation_input_consumer)/@0xb88b76d
02-21 14:15:39.468 13109 13109 I ViewRootImpl@396e733[WelcomeActivity]: Relayout returned: old=(0,0,1080,2340) new=(0,0,1080,2340) req=(1080,2340)0 dur=12 res=0x7 s={true 541537854624} ch=true fn=-1
02-21 14:15:39.469  5740  5740 W AppTransitionAnimatorImpl: animation with floating icon
02-21 14:15:39.469  5740  5740 I RemoteAnimationTargets: unfilteredApps : [Lcom.android.systemui.shared.system.RemoteAnimationTargetCompat;@f9c0bd3 apps : [Lcom.android.systemui.shared.system.RemoteAnimationTargetCompat;@f9c0bd3 wallpapers : [Lcom.android.systemui.shared.system.RemoteAnimationTargetCompat;@f0e780e targetMode : 0 hasRecents : false
02-21 14:15:39.470  5740  5740 W AppTransitionAnimatorImpl: onAnimationStart - APP IN
02-21 14:15:39.470  4601  4635 D gralloc : [mali_gralloc_allocate] begin
02-21 14:15:39.471  4601  4635 D gralloc : buffer_descriptor: wh(1080 2340) usage_pc(0x40000000000b00 0x40000000000b00) hal_format(0x1) layer_count(1) sizes(0 0 0) strde(0) byte_stride(0) alloc_wh(0 0) internal_format(0x0) alloc_format(0x0) fd_count(1) plane_count(0)
02-21 14:15:39.471  5740  5740 I SurfaceControl: release : mNativeObject = 536705759424 - Surface(name=Surface(name=ba841ba InputMethod)/@0xd113861 - animation-leash)/@0xfc84541
02-21 14:15:39.471  5740  5740 I SurfaceControl: nativeRelease nativeObject s[536705759424]
02-21 14:15:39.471  5740  5740 I SurfaceControl: nativeRelease nativeObject e[536705759424]
02-21 14:15:39.471  5740  5740 I SurfaceControl: release : mNativeObject = 536705789216 - Surface(name=Surface(name=97aa58f NavigationBar0)/@0x716adb5 - animation-leash)/@0xea57ae6
02-21 14:15:39.471  5740  5740 I SurfaceControl: nativeRelease nativeObject s[536705789216]
02-21 14:15:39.471  5740  5740 I SurfaceControl: nativeRelease nativeObject e[536705789216]
02-21 14:15:39.471  5740  5740 I SurfaceControl: release : mNativeObject = 536705783168 - Surface(name=Surface(name=4735855 StatusBar)/@0x6fe05bc - animation-leash)/@0xbcb9827
02-21 14:15:39.471  5740  5740 I SurfaceControl: nativeRelease nativeObject s[536705783168]
02-21 14:15:39.471  5740  5740 I SurfaceControl: nativeRelease nativeObject e[536705783168]
02-21 14:15:39.471  4601  4635 D gralloc : [mali_gralloc_allocate] allocation successful
02-21 14:15:39.472 13109 13109 I ViewRootImpl@396e733[WelcomeActivity]: [DP] dp(1) 1 android.view.ViewRootImpl.reportNextDraw:10761 android.view.ViewRootImpl.performTraversals:3733 android.view.ViewRootImpl.doTraversal:2519 
02-21 14:15:39.472 13109 13109 I ViewRootImpl@396e733[WelcomeActivity]: [DP] pd() Asnyc report
02-21 14:15:39.472  5016  5070 I SurfaceControl: release : mNativeObject = 536706010416 - Surface(name=Surface(name=97aa58f NavigationBar0)/@0x716adb5 - animation-leash)/@0xe1b79e8
02-21 14:15:39.472  5016  5070 I SurfaceControl: nativeRelease nativeObject s[536706010416]
02-21 14:15:39.472  5016  5070 I SurfaceControl: nativeRelease nativeObject e[536706010416]
02-21 14:15:39.472  4601  4635 D gralloc : [mali_gralloc_allocate] begin
02-21 14:15:39.472  5016  5070 I SurfaceControl: release : mNativeObject = 536705865264 - Surface(name=Surface(name=4735855 StatusBar)/@0x6fe05bc - animation-leash)/@0x247c801
02-21 14:15:39.472  5016  5070 I SurfaceControl: nativeRelease nativeObject s[536705865264]
02-21 14:15:39.472  4601  4635 D gralloc : buffer_descriptor: wh(1080 2340) usage_pc(0x40000000000b00 0x40000000000b00) hal_format(0x1) layer_count(1) sizes(0 0 0) strde(0) byte_stride(0) alloc_wh(0 0) internal_format(0x0) alloc_format(0x0) fd_count(1) plane_count(0)
02-21 14:15:39.472  5016  5070 I SurfaceControl: nativeRelease nativeObject e[536705865264]
02-21 14:15:39.472  4681  5358 I SurfaceFlinger: id=398 Removed Surface(name=97aa58f NavigationBar0)/@0x716adb5 - animation-leash#1 (66)
02-21 14:15:39.473  4601  4635 D gralloc : [mali_gralloc_allocate] allocation successful
02-21 14:15:39.473  4601  4635 D gralloc : [mali_gralloc_allocate] begin
02-21 14:15:39.473  4601  4635 D gralloc : buffer_descriptor: wh(1080 2340) usage_pc(0x40000000000b00 0x40000000000b00) hal_format(0x1) layer_count(1) sizes(0 0 0) strde(0) byte_stride(0) alloc_wh(0 0) internal_format(0x0) alloc_format(0x0) fd_count(1) plane_count(0)
02-21 14:15:39.473  4681  4700 I SurfaceFlinger: id=397 Removed Surface(name=4735855 StatusBar)/@0x6fe05bc - animation-leash#1 (66)
02-21 14:15:39.474  5016  5189 D ActivityTaskManager: getRecentPairTasks() maxNum :3 from 10121
02-21 14:15:39.474  5016  5189 D RecentTaskItemController: getRecentPairTasksImpl() maxNum :3 from 10121
02-21 14:15:39.474  4601  4635 D gralloc : [mali_gralloc_allocate] allocation successful
02-21 14:15:39.480 13109 13109 I ViewRootImpl@396e733[WelcomeActivity]: [DP] pdf(0) 1 android.view.ViewRootImpl.lambda$performDraw$1$ViewRootImpl:4554 android.view.-$$Lambda$ViewRootImpl$DJd0VUYJgsebcnSohO6h8zc_ONI.run:6 android.os.Handler.handleCallback:938 
02-21 14:15:39.480 13109 13109 I ViewRootImpl@396e733[WelcomeActivity]: [DP] rdf()
02-21 14:15:39.481  5016  5189 D WindowManager: finishDrawingWindow: Window{de9f2b8 u0 com.amazon.whisperjoin.deviceprovisioningservicetestapp.internal/com.amazon.whisperjoin.deviceprovisioningservicetestapp.WelcomeActivity} mDrawState=DRAW_PENDING
02-21 14:15:39.481  4681  4681 I Layer   : id=397[1] Destroyed Surface(name=4735855 StatusBar)/@0x6fe05bc - animation-leash#1
02-21 14:15:39.481  4681  4681 I Layer   : id=398[1] Destroyed Surface(name=97aa58f NavigationBar0)/@0x716adb5 - animation-leash#1
02-21 14:15:39.482  5740  5740 I ViewRootImpl@6bdece[LauncherActivity]: MSG_WINDOW_FOCUS_CHANGED 0 1
02-21 14:15:39.486  5016  5070 D PkgPredictorService: pkg:com.amazon.whisperjoin.deviceprovisioningservicetestapp.internal activity:com.amazon.whisperjoin.deviceprovisioningservicetestapp.WelcomeActivity thisTime:148
02-21 14:15:39.486  5016  5070 D PkgPredictorService-Collector: update activity launch time: WelcomeActivity : 148
02-21 14:15:39.488  5016  5070 D SurfaceControl: hide : mNativeObject = 537242821792 - sc.mNativeObject = 536705861568 - Surface(name=Input Consumer recents_animation_input_consumer)/@0xb88b76d
02-21 14:15:39.488  5016  5070 D SurfaceControl: nativeSetFlags Done : Surface(name=Input Consumer recents_animation_input_consumer)/@0xb88b76d
02-21 14:15:39.491  5016  5074 D ArtManagerInternalImpl: /data/misc/iorapd/com.amazon.whisperjoin.deviceprovisioningservicetestapp.internal/21/com.amazon.whisperjoin.deviceprovisioningservicetestapp.WelcomeActivity/compiled_traces/compiled_trace.pb doesn't exist
02-21 14:15:39.491  5016  5070 D ViewRootImpl@10973ff[internal]: dispatchDetachedFromWindow: reset blurmask
02-21 14:15:39.491  5016  5189 I SemDvfsHyPerManager: acquire hyper - AMS_RESUME_TAIL/5016@17, type = -999
02-21 14:15:39.491  5016  5070 I ViewRootImpl@10973ff[internal]: dispatchDetachedFromWindow
02-21 14:15:39.491  5016  5070 I SurfaceControl: release : mNativeObject = 536705898752 - Surface(name=Splash Screen com.amazon.whisperjoin.deviceprovisioningservicetestapp.internal)/@0x43fb8e7
02-21 14:15:39.491  5016  5070 I SurfaceControl: nativeRelease nativeObject s[536705898752]
02-21 14:15:39.491  5016  5070 I SurfaceControl: nativeRelease nativeObject e[536705898752]
02-21 14:15:39.491  5016  5189 I SemDvfsHyPerManager: acquire hyper - AMS_ACT_LAZY/5016@18, type = -999
02-21 14:15:39.491  5016  5189 D ActivityManagerPerformance: AMP_acquire() TAIL
02-21 14:15:39.491  5016  5189 D ActivityManagerPerformance: AMP_release() APP_SWITCH
02-21 14:15:39.492  4617  4654 I HYPER-HAL: [RequestManager.cpp]acquire(): Acquired ID : 12668078  [5016 / 17]    HINT : AMS_RESUME_TAIL    list : 
02-21 14:15:39.492  5016  5070 D InputTransport: Input channel destroyed: '89845cc', fd=459
02-21 14:15:39.493  5016  5070 I WindowManager: Reparenting to leash, surface=Surface(name=89845cc Splash Screen com.amazon.whisperjoin.deviceprovisioningservicetestapp.internal)/@0xca68732, leashParent=Surface(name=ActivityRecord{a847a1f u0 com.amazon.whisperjoin.deviceprovisioningservicetestapp.internal/com.amazon.whisperjoin.deviceprovisioningservicetestapp.WelcomeActivity t3140})/@0xb46d335
02-21 14:15:39.493  4617  4654 I HYPER-HAL: [ResourceManager.cpp]updateResource(): [CPUMinFreq] UpdateResource Request ID : 12668078    Value : 1768000
02-21 14:15:39.493  4617  4654 I HYPER-HAL: [RequestManager.cpp]acquire(): Acquired ID : 12673113  [5016 / 18]    HINT :      list : 
02-21 14:15:39.493  4681  5358 I SurfaceFlinger: id=402 createSurf (0x0),-1 flag=24000, Surface(name=89845cc Splash Screen com.amazon.whisperjoin.deviceprovisioningservicetestapp.internal)/@0xca68732 - animation-leash#0
02-21 14:15:39.493  4617  4654 E HYPER-HAL: [Request.cpp]acquire(): Request:: id : 12673113, No Resource to set
02-21 14:15:39.493  5016  5070 D WindowManager: makeSurface duration=0 leash=Surface(name=Surface(name=89845cc Splash Screen com.amazon.whisperjoin.deviceprovisioningservicetestapp.internal)/@0xca68732 - animation-leash)/@0x3219e00
02-21 14:15:39.494  4617  4654 I HYPER-HAL: [ResourceManager.cpp]removeResource(): [CPUMinFreq] RemoveResource Request ID : 12678149
02-21 14:15:39.494  5016  5074 I ActivityTaskManager: Displayed com.amazon.whisperjoin.deviceprovisioningservicetestapp.internal/com.amazon.whisperjoin.deviceprovisioningservicetestapp.WelcomeActivity: +148ms
02-21 14:15:39.494  5016  5074 I Pageboost: Launch time gathered : pid 13109 com.amazon.whisperjoin.deviceprovisioningservicetestapp.internal 148
02-21 14:15:39.495  4617  4654 I HYPER-HAL: [RequestManager.cpp]releaseLocked(): Released ID : 12678149
02-21 14:15:39.495  6527  6527 E pageboostd: Received HALT command code 2
02-21 14:15:39.495  5016  5070 D InputTransport: Input channel destroyed: '89845cc', fd=557
02-21 14:15:39.496  5016  5070 D SurfaceControl: hide : mNativeObject = 537242821792 - sc.mNativeObject = 536705861568 - Surface(name=Input Consumer recents_animation_input_consumer)/@0xb88b76d
02-21 14:15:39.496  5016  5070 D SurfaceControl: nativeSetFlags Done : Surface(name=Input Consumer recents_animation_input_consumer)/@0xb88b76d
02-21 14:15:39.499  5016  5189 I InputDispatcher: Focus entered window (13109): de9f2b8 in display 0 0
02-21 14:15:39.499  5740  5740 I BadgeRenderer: Invalid count : 0
02-21 14:15:39.499  5740  5740 I BadgeRenderer: Invalid count : 0
02-21 14:15:39.500  5740  5740 I BadgeRenderer: Invalid count : 0
02-21 14:15:39.500 13109 13109 I ViewRootImpl@396e733[WelcomeActivity]: MSG_WINDOW_FOCUS_CHANGED 1 1
02-21 14:15:39.500 13109 13109 D InputMethodManager: prepareNavigationBarInfo() DecorView@94b6742[WelcomeActivity]
02-21 14:15:39.500 13109 13109 D InputMethodManager: getNavigationBarColor() -16711423
02-21 14:15:39.502 13109 13109 D InputMethodManager: prepareNavigationBarInfo() DecorView@94b6742[WelcomeActivity]
02-21 14:15:39.502 13109 13109 D InputMethodManager: getNavigationBarColor() -16711423
02-21 14:15:39.502 13109 13109 V InputMethodManager: Starting input: tba=com.amazon.whisperjoin.deviceprovisioningservicetestapp.internal ic=null mNaviBarColor -16711423 mIsGetNaviBarColorSuccess true , NavVisible : true , NavTrans : false
02-21 14:15:39.502 13109 13109 D InputMethodManager: startInputInner - Id : 0
02-21 14:15:39.502 13109 13109 I InputMethodManager: startInputInner - mService.startInputOrWindowGainedFocus
02-21 14:15:39.504  5016  5189 V InputMethodManagerService: Unspecified window will hide input
02-21 14:15:39.504  5016  5189 V InputMethodManagerService: hideCurrentInputLocked : shouldHideSoftInput is false
02-21 14:15:39.504  5016  5189 D InputMethodManagerService: mDesktopModeManager null!
02-21 14:15:39.504  5016  5189 V InputMethodManagerService: getDisplayIdOfInputMethodWindowToBeAdded : 0
02-21 14:15:39.505  4681  4681 D SurfaceFlinger: Display 0 HWC layers:
02-21 14:15:39.505  4681  4681 D SurfaceFlinger:      DEVICE | 0x70a7af0a30 | 0002 | RGBA_1010102 |  630.0    0.0 1710.0 2340.0 |    0    0 1080 2340 | com.android.systemui.ImageWallpaper$_5405#0
02-21 14:15:39.505  4681  4681 D SurfaceFlinger:      DEVICE | 0x70a7af32b0 | 0000 | RGBA_8888    |    0.0    0.0 1080.0 2340.0 |    0    0 1080 2340 | com.sec.android.app.launcher/com.sec[...].activities.LauncherActivity$_5740#0
02-21 14:15:39.505  4681  4681 D SurfaceFlinger:      CLIENT | 0x70a7af0370 | 0002 | RGBA_8888    |    0.0  585.0 1080.0 1665.0 |   69  965  320 1216 | com.amazon.whisperjoin.deviceprovisi[...]vicetestapp.WelcomeActivity$_13109#0
02-21 14:15:39.505  4681  4681 D SurfaceFlinger:      CLIENT | 0x70a7af6670 | 0002 | RGBA_8888    |    0.0  585.0 1080.0 1665.0 |   69  965  320 1216 | Splash Screen com.amazon.whisperjoin[...]rovisioningservicetestapp.internal#0
02-21 14:15:39.505  4681  4681 D SurfaceFlinger:      DEVICE | 0x70a7af1d50 | 0000 | RGBA_8888    |    0.0    0.0 1080.0   78.0 |    0    0 1080   78 | StatusBar$_5405#0
02-21 14:15:39.505  4681  4681 D SurfaceFlinger:      DEVICE | 0x70a7af2650 | 0000 | RGBA_8888    |    0.0    0.0   67.0  342.0 | 1013  438 1080  780 | com.samsung.android.app.cocktailbars[...]arservice.CocktailBarService$_9814#0
02-21 14:15:39.505  4681  4681 D SurfaceFlinger:      DEVI
02-21 14:15:39.505  4681  4681 D SurfaceFlinger: CE | 0x70a7aebdb0 | 0000 | RGBA_8888    |    0.0    0.0 1080.0  126.0 |    0 2214 1080 2340 | NavigationBar0$_5405#0
02-21 14:15:39.505  4681  4681 D SurfaceFlinger:      DEVICE | 0x70a7aefb90 | 0000 | RGBA_8888    |    0.0    0.0 1080.0  151.0 |    0    0 1080  151 | ScreenDecorOverlay$_5405#0
02-21 14:15:39.505  4681  4681 D SurfaceFlinger:      DEVICE | 0x70a7af0130 | 0000 | RGBA_8888    |    0.0    0.0 1080.0  151.0 |    0 2189 1080 2340 | ScreenDecorOverlayBottom$_5405#0
02-21 14:15:39.505  4681  4681 D SurfaceFlinger: 
02-21 14:15:39.506  5016  5189 V InputMethodManagerService: Hide switching menu
02-21 14:15:39.506  5016  5189 D SamsungIMMSHWKeyboard: isConnectedDexOnPC false
02-21 14:15:39.506  5016  5189 D InputMethodManagerService: isImeSwitcherDisabledPackage : false
02-21 14:15:39.507  5016  5189 D InputMethodManagerService: checkDisplayOfStartInputAndUpdateKeyboard display Id 0last 0
02-21 14:15:39.507  5016  5189 D InputTransport: Input channel constructed: 'ClientS', fd=459
02-21 14:15:39.507  5016  5189 D InputTransport: Input channel destroyed: 'ClientS', fd=459
02-21 14:15:39.507 13109 13109 D InputTransport: Input channel constructed: 'ClientS', fd=81
02-21 14:15:39.508  5016  5896 I WindowManager: Cancelling animation restarting=true, leash=Surface(name=Surface(name=ba841ba InputMethod)/@0xd113861 - animation-leash)/@0xfd5b8e3
02-21 14:15:39.508  5016  5896 I WindowManager: Reparenting to original parent: Surface(name=WindowToken{44ec9d4 android.os.Binder@506e327})/@0xb88bf86, destroy=false, surface=Surface(name=ba841ba InputMethod)/@0xd113861
02-21 14:15:39.508  5016  5896 I SurfaceControl: release : mNativeObject = 536706029680 - Surface(name=Surface(name=ba841ba InputMethod)/@0xd113861 - animation-leash)/@0xfd5b8e3
02-21 14:15:39.508  5016  5896 I SurfaceControl: nativeRelease nativeObject s[536706029680]
02-21 14:15:39.508  5016  5896 I SurfaceControl: nativeRelease nativeObject e[536706029680]
02-21 14:15:39.508  5016  5896 I WindowManager: Reparenting to leash, surface=Surface(name=ba841ba InputMethod)/@0xd113861, leashParent=Surface(name=WindowToken{44ec9d4 android.os.Binder@506e327})/@0xb88bf86
02-21 14:15:39.509  4681  5358 I SurfaceFlinger: id=403 createSurf (0x0),-1 flag=24004, Surface(name=ba841ba InputMethod)/@0xd113861 - animation-leash#0
02-21 14:15:39.509  5016  5896 D WindowManager: makeSurface duration=1 leash=Surface(name=Surface(name=ba841ba InputMethod)/@0xd113861 - animation-leash)/@0x3d0dddf
02-21 14:15:39.509  5016  5896 D SurfaceControl: hide : mNativeObject = 537242839568 - sc.mNativeObject = 536705893712 - Surface(name=Surface(name=ba841ba InputMethod)/@0xd113861 - animation-leash)/@0x3d0dddf
02-21 14:15:39.509  5016  5896 D SurfaceControl: nativeSetFlags Done : Surface(name=Surface(name=ba841ba InputMethod)/@0xd113861 - animation-leash)/@0x3d0dddf
02-21 14:15:39.510  7479  7479 I HBD     : HoneyBoardService onFinishInput 
02-21 14:15:39.510  7479  7479 I HBD     : a IC have been unbinded,  InputConnectionWrapper{idHash=#83cba18 mMissingMethods=}
02-21 14:15:39.510  7479  7479 I HBD     : HoneyBoardService [PF_CL][onFinishInput]  484461 ns 
02-21 14:15:39.511  7479  7479 I HBD     : HoneyBoardService [IMI] onStartInput - caller pid : 13109 , caller uid : 10308 
02-21 14:15:39.511  7479  7479 I HBD     : i updateConfigs 
02-21 14:15:39.511  7479  7479 I HBD     : i isEnabledNightMode : true 
02-21 14:15:39.511  7479  7479 I HBD     : a IC have been binded, InputConnectionWrapper{idHash=#91ebc71 mMissingMethods=} 
02-21 14:15:39.511  7479  7479 I HBD     : h [EditorInputType]setPrivateImeOptionsToTable privateImeOptions ( null )
02-21 14:15:39.511  7479  7479 I HBD     : b incognitoMode : false 
02-21 14:15:39.511  7479  7479 I HBD     : a needOff = true , isJpnConvertState : false, isForceOff = false 
02-21 14:15:39.512  7479  7479 I HBD     : h getDefaultInputRange : UNKNOWN 
02-21 14:15:39.512  7479  7479 I HBD     : h getDefaultInputRange : UNKNOWN 
02-21 14:15:39.512  7479  7479 I HBD     : h getDefaultInputRange : UNKNOWN 
02-21 14:15:39.513  7479  7479 I HBD     : h getDefaultInputRange : UNKNOWN 
02-21 14:15:39.513  7479  7479 I HBD     : a currentState : 0 
02-21 14:15:39.514  7479  7479 I HBD     : a [UpdatePolicy] [post] a: 0 cl: 65537 kit: [0/0] vt: 0 ir: 1 
02-21 14:15:39.515  4681  5358 I Layer   : id=388 removeFromCurrentState Surface(name=ba841ba InputMethod)/@0xd113861 - animation-leash#1 (66)
02-21 14:15:39.516  7479  7479 I HBD     : HoneyBoardService [PF_OP][onStartInput]  4572577 ns 
02-21 14:15:39.516  5740  5740 I SurfaceControl: release : mNativeObject = 536705779584 - Surface(name=Surface(name=ba841ba InputMethod)/@0xd113861 - animation-leash)/@0x24f8fc3
02-21 14:15:39.516  5740  5740 I SurfaceControl: nativeRelease nativeObject s[536705779584]
02-21 14:15:39.516  5740  5740 I SurfaceControl: nativeRelease nativeObject e[536705779584]
02-21 14:15:39.518 13109 13109 D SurfaceControl: hide : mNativeObject = 537243190688 - sc.mNativeObject = 536705726048 - Surface(name=Surface(name=ba841ba InputMethod)/@0xd113861 - animation-leash)/@0x1b9061c
02-21 14:15:39.518 13109 13109 D SurfaceControl: nativeSetFlags Done : Surface(name=Surface(name=ba841ba InputMethod)/@0xd113861 - animation-leash)/@0x1b9061c
02-21 14:15:39.519  5016  5189 D SamsungIMMSHWKeyboard: isConnectedDexOnPC false
02-21 14:15:39.519  5016  5189 D InputMethodManagerService: isImeSwitcherDisabledPackage : false
02-21 14:15:39.519 13109 13109 I SurfaceControl: release : mNativeObject = 536705722352 - Surface(name=Surface(name=97aa58f NavigationBar0)/@0x716adb5 - animation-leash)/@0x14c5225
02-21 14:15:39.519 13109 13109 I SurfaceControl: nativeRelease nativeObject s[536705722352]
02-21 14:15:39.519 13109 13109 I SurfaceControl: nativeRelease nativeObject e[536705722352]
02-21 14:15:39.519 13109 13109 I SurfaceControl: release : mNativeObject = 536705729968 - Surface(name=Surface(name=4735855 StatusBar)/@0x6fe05bc - animation-leash)/@0xc246ffa
02-21 14:15:39.519 13109 13109 I SurfaceControl: nativeRelease nativeObject s[536705729968]
02-21 14:15:39.519 13109 13109 I SurfaceControl: nativeRelease nativeObject e[536705729968]
02-21 14:15:39.524  5016  5559 D MdnieScenarioControlService:  packageName : com.amazon.whisperjoin.deviceprovisioningservicetestapp.internal    className : com.amazon.whisperjoin.deviceprovisioningservicetestapp.WelcomeActivity
02-21 14:15:39.524  5016  5559 V MdnieScenarioControlService: setUIMode from UI function(3)
02-21 14:15:39.548  5016  5070 I WindowManager: Reparenting to original parent: Surface(name=ActivityRecord{a847a1f u0 com.amazon.whisperjoin.deviceprovisioningservicetestapp.internal/com.amazon.whisperjoin.deviceprovisioningservicetestapp.WelcomeActivity t3140})/@0xb46d335, destroy=true, surface=Surface(name=89845cc Splash Screen com.amazon.whisperjoin.deviceprovisioningservicetestapp.internal)/@0xca68732
02-21 14:15:39.548  5016  5070 I SurfaceControl: release : mNativeObject = 536706013328 - Surface(name=Surface(name=89845cc Splash Screen com.amazon.whisperjoin.deviceprovisioningservicetestapp.internal)/@0xca68732 - animation-leash)/@0x3219e00
02-21 14:15:39.548  5016  5070 I SurfaceControl: nativeRelease nativeObject s[536706013328]
02-21 14:15:39.548  5016  5070 I SurfaceControl: nativeRelease nativeObject e[536706013328]
02-21 14:15:39.548  5016  5070 D SurfaceControl: hide : mNativeObject = 537242839568 - sc.mNativeObject = 536705776336 - Surface(name=Splash Screen com.amazon.whisperjoin.deviceprovisioningservicetestapp.internal)/@0x283ca8a
02-21 14:15:39.548  5016  5070 D SurfaceControl: nativeSetFlags Done : Surface(name=Splash Screen com.amazon.whisperjoin.deviceprovisioningservicetestapp.internal)/@0x283ca8a
02-21 14:15:39.549  5016  5070 E WindowManager: win=Window{89845cc u0 Splash Screen com.amazon.whisperjoin.deviceprovisioningservicetestapp.internal EXITING} destroySurfaces: appStopped=false win.mWindowRemovalAllowed=true win.mRemoveOnExit=true win.mViewVisibility=0 caller=com.android.server.wm.ActivityRecord.destroySurfaces:5183 com.android.server.wm.ActivityRecord.destroySurfaces:5164 com.android.server.wm.WindowState.onExitAnimationDone:5570 com.android.server.wm.WindowStateAnimator.onAnimationFinished:332 com.android.server.wm.WindowState.onAnimationFinished:6035 com.android.server.wm.-$$Lambda$dwJG8BAnLlvKNGuDY9U3-haNY4M.onAnimationFinished:2 com.android.server.wm.SurfaceAnimator.lambda$getFinishedCallback$0$SurfaceAnimator:112 
02-21 14:15:39.549  5016  5070 I WindowManager: Destroying surface Surface(name=Splash Screen com.amazon.whisperjoin.deviceprovisioningservicetestapp.internal)/@0x283ca8a called by com.android.server.wm.WindowStateAnimator.destroySurface:1794 com.android.server.wm.WindowStateAnimator.destroySurfaceLocked:765 com.android.server.wm.WindowState.destroySurfaceUnchecked:3870 com.android.server.wm.WindowState.destroySurface:3844 com.android.server.wm.ActivityRecord.destroySurfaces:5183 com.android.server.wm.ActivityRecord.destroySurfaces:5164 com.android.server.wm.WindowState.onExitAnimationDone:5570 com.android.server.wm.WindowStateAnimator.onAnimationFinished:332 
02-21 14:15:39.549  5016  5070 I SurfaceControl: release : mNativeObject = 536705776336 - Surface(name=Splash Screen com.amazon.whisperjoin.deviceprovisioningservicetestapp.internal)/@0x283ca8a
02-21 14:15:39.549  5016  5070 I SurfaceControl: nativeRelease nativeObject s[536705776336]
02-21 14:15:39.549  5016  5070 I SurfaceControl: nativeRelease nativeObject e[536705776336]
02-21 14:15:39.549  4681  4699 I Layer   : id=392 removeFromCurrentState Splash Screen com.amazon.whisperjoin.deviceprovisioningservicetestapp.internal#0 (66)
02-21 14:15:39.550  5016  5070 I SurfaceControl: release : mNativeObject = 536705958000 - Surface(name=89845cc Splash Screen com.amazon.whisperjoin.deviceprovisioningservicetestapp.internal)/@0xca68732
02-21 14:15:39.550  5016  5070 I SurfaceControl: nativeRelease nativeObject s[536705958000]
02-21 14:15:39.550  5016  5070 I SurfaceControl: nativeRelease nativeObject e[536705958000]
02-21 14:15:39.552  4681  4699 I Layer   : id=391 removeFromCurrentState 89845cc Splash Screen com.amazon.whisperjoin.deviceprovisioningservicetestapp.internal#0 (66)
02-21 14:15:39.552  4681  4699 I Layer   : id=402 removeFromCurrentState Surface(name=89845cc Splash Screen com.amazon.whisperjoin.deviceprovisioningservicetestapp.internal)/@0xca68732 - animation-leash#0 (66)
02-21 14:15:39.552  5016  5070 D SurfaceControl: hide : mNativeObject = 537242821792 - sc.mNativeObject = 536705861568 - Surface(name=Input Consumer recents_animation_input_consumer)/@0xb88b76d
02-21 14:15:39.552  5016  5070 D SurfaceControl: nativeSetFlags Done : Surface(name=Input Consumer recents_animation_input_consumer)/@0xb88b76d
02-21 14:15:39.553  4681  4699 I SurfaceFlinger: id=391 Removed 89845cc Splash Screen com.amazon.whisperjoin.deviceprovisioningservicetestapp.internal#0 (66)
02-21 14:15:39.553  4681  4699 I SurfaceFlinger: id=402 Removed Surface(name=89845cc Splash Screen com.amazon.whisperjoin.deviceprovisioningservicetestapp.internal)/@0xca68732 - animation-leash#0 (66)
02-21 14:15:39.553  4681  4699 I SurfaceFlinger: id=392 Removed Splash Screen com.amazon.whisperjoin.deviceprovisioningservicetestapp.internal#0 (66)
02-21 14:15:39.564  4681  4681 I Layer   : id=402[1] Destroyed Surface(name=89845cc Splash Screen com.amazon.whisperjoin.deviceprovisioningservicetestapp.internal)/@0xca68732 - animation-leash#0
02-21 14:15:39.564  4681  4681 I Layer   : id=391[1] Destroyed 89845cc Splash Screen com.amazon.whisperjoin.deviceprovisioningservicetestapp.internal#0
02-21 14:15:39.566  4681  4681 I Layer   : id=392[1] Destroyed Splash Screen com.amazon.whisperjoin.deviceprovisioningservicetestapp.internal#0
02-21 14:15:39.569  4681  4681 D SurfaceFlinger: Display 0 HWC layers:
02-21 14:15:39.569  4681  4681 D SurfaceFlinger:      DEVICE | 0x70a7af0a30 | 0002 | RGBA_1010102 |  630.0    0.0 1710.0 2340.0 |    0    0 1080 2340 | com.android.systemui.ImageWallpaper$_5405#0
02-21 14:15:39.569  4681  4681 D SurfaceFlinger:      DEVICE | 0x70a7af05b0 | 0000 | RGBA_8888    |    0.0    0.0 1080.0 2340.0 |    0    0 1080 2340 | com.sec.android.app.launcher/com.sec[...].activities.LauncherActivity$_5740#0
02-21 14:15:39.569  4681  4681 D SurfaceFlinger:      CLIENT | 0x70a7af1330 | 0002 | RGBA_8888    |    0.0  210.0 1080.0 2096.0 |   30  500  750 1758 | com.amazon.whisperjoin.deviceprovisi[...]vicetestapp.WelcomeActivity$_13109#0
02-21 14:15:39.569  4681  4681 D SurfaceFlinger:      DEVICE | 0x70a7af1d50 | 0000 | RGBA_8888    |    0.0    0.0 1080.0   78.0 |    0    0 1080   78 | StatusBar$_5405#0
02-21 14:15:39.569  4681  4681 D SurfaceFlinger:      DEVICE | 0x70a7af2650 | 0000 | RGBA_8888    |    0.0    0.0   67.0  342.0 | 1013  438 1080  780 | com.samsung.android.app.cocktailbars[...]arservice.CocktailBarService$_9814#0
02-21 14:15:39.569  4681  4681 D SurfaceFlinger:      DEVICE | 0x70a7aebdb0 | 0000 | RGBA_8888    |    0.0    0.0 1080.0  126.0 |    0 2214 1080 2340 | NavigationBar0$_5405#0
02-21 14:15:39.569  4681  4681 D SurfaceFlinger:      DEVICE | 0x70a7aefb90 | 0000 | RGBA_8888    |    0.0    0.0
02-21 14:15:39.569  4681  4681 D SurfaceFlinger:  1080.0  151.0 |    0    0 1080  151 | ScreenDecorOverlay$_5405#0
02-21 14:15:39.569  4681  4681 D SurfaceFlinger:      DEVICE | 0x70a7af0130 | 0000 | RGBA_8888    |    0.0    0.0 1080.0  151.0 |    0 2189 1080 2340 | ScreenDecorOverlayBottom$_5405#0
02-21 14:15:39.569  4681  4681 D SurfaceFlinger: 
02-21 14:15:39.625  5016  5559 V MdnieScenarioControlService: mAclOffEnabled : false mAclPreviewState : false mAclCompensationState : false
02-21 14:15:39.629  5740  5740 W PredictionUiStateManager: predictor callback target : 9
02-21 14:15:39.732  5740  5740 I FastBitmapDrawable: animatePress : false  immediate : true invalidate : true
02-21 14:15:39.732  5740  5740 W AppTransitionAnimatorImpl: onAnimationEnd - APP IN, Execution time for each frame : Start-(1)-0-(0)-0-(11)-0-(17)-0-(16)-0-(17)-0-(16)-1-(16)-0-(17)-0-(17)-1-(15)-0-(17)-0-(17)-0-(16)-0-(17)-0-(17)-0-(16)-1-(16)-0-End
02-21 14:15:39.732  5016  5896 D WindowManager: app-onAnimationFinished(): mOuter=com.android.server.wm.RemoteAnimationController@3152d18
02-21 14:15:39.732  5016  5896 D WindowManager: onAnimationFinished(): mPendingAnimations=2, caller=
02-21 14:15:39.732  5016  5896 D WindowManager: app-release(): mOuter=com.android.server.wm.RemoteAnimationController@3152d18
02-21 14:15:39.732  5016  5896 D WindowManager: onAnimationFinished(): Notify animation finished:
02-21 14:15:39.733  5016  5896 I WindowManager: Reparenting to original parent: Surface(name=DefaultTaskDisplayArea)/@0xde07bcd, destroy=true, surface=Surface(name=Task=3140)/@0xf83e3f7
02-21 14:15:39.733  5016  5896 I SurfaceControl: release : mNativeObject = 536705864704 - Surface(name=Surface(name=Task=3140)/@0xf83e3f7 - animation-leash)/@0x2a78264
02-21 14:15:39.733  5016  5896 I SurfaceControl: nativeRelease nativeObject s[536705864704]
02-21 14:15:39.733  5016  5896 I SurfaceControl: nativeRelease nativeObject e[536705864704]
02-21 14:15:39.735  5016  5896 D WindowManager: 	container=Task{a97a16c #3140 visible=false type=standard mode=fullscreen translucent=true A=10308:com.amazon.whisperjoin.deviceprovisioningservicetestapp.internal U=0 StackId=3140 sz=1}
02-21 14:15:39.735  5016  5896 I WindowManager: Reparenting to original parent: Surface(name=DefaultTaskDisplayArea)/@0xde07bcd, destroy=true, surface=Surface(name=Task=1)/@0xa71758d
02-21 14:15:39.735  5016  5896 I SurfaceControl: release : mNativeObject = 536705886656 - Surface(name=Surface(name=Task=1)/@0xa71758d - animation-leash)/@0xd4353f6
02-21 14:15:39.735  5016  5896 I SurfaceControl: nativeRelease nativeObject s[536705886656]
02-21 14:15:39.735  5016  5896 I SurfaceControl: nativeRelease nativeObject e[536705886656]
02-21 14:15:39.735  5016  5896 V WindowManager: Setting visibility of Window{dd1a16c u0 com.sec.android.app.launcher/com.sec.android.app.launcher.activities.LauncherActivity}: false, caller=com.android.server.wm.WindowContainer.sendAppVisibilityToClients:1017 com.android.server.wm.ActivityRecord.setClientVisible:6326 com.android.server.wm.ActivityRecord.onAnimationFinished:7078 com.android.server.wm.WindowContainer.doAnimationFinished:2639 com.android.server.wm.WindowContainer.onAnimationFinished:2648 
02-21 14:15:39.736  5016  5896 V WindowManager: Updating vis of wallpaper Window{3d8ea85 u0 com.android.systemui.ImageWallpaper}: false from:
02-21 14:15:39.736  5016  5896 V WindowManager:   com.android.server.wm.WallpaperWindowToken.updateWallpaperWindows:169
02-21 14:15:39.736  5016  5896 V WindowManager:   com.android.server.wm.WallpaperController.updateWallpaperTokens:684
02-21 14:15:39.736  5016  5896 V WindowManager:   com.android.server.wm.WallpaperController.adjustWallpaperWindows:723
02-21 14:15:39.736  5016  5896 V WindowManager:   com.android.server.wm.DisplayContent.applySurfaceChangesTransaction:4783
02-21 14:15:39.736  5405  6454 D WallpaperService: dispatchAppVisibility onVisibilityChanged(): false
02-21 14:15:39.736  5405  5405 I ImageWallpaper:  onVisibilityChanged false
02-21 14:15:39.736  5405  5405 D WallpaperService: reportVisibility onVisibilityChanged visible: false
02-21 14:15:39.737  5016  5896 D SurfaceControl: hide : mNativeObject = 537243994128 - sc.mNativeObject = 536705750352 - Surface(name=com.android.systemui.ImageWallpaper$_5405)/@0xfaf6c7e
02-21 14:15:39.737  5016  5896 D SurfaceControl: nativeSetFlags Done : Surface(name=com.android.systemui.ImageWallpaper$_5405)/@0xfaf6c7e
02-21 14:15:39.737  5016  5896 D SurfaceControl: hide : mNativeObject = 537242839568 - sc.mNativeObject = 536705832448 - Surface(name=ActivityRecord{6f4edd7 u0 com.sec.android.app.launcher/.activities.LauncherActivity t3131})/@0x572f9ad
02-21 14:15:39.737  5016  5896 D SurfaceControl: nativeSetFlags Done : Surface(name=ActivityRecord{6f4edd7 u0 com.sec.android.app.launcher/.activities.LauncherActivity t3131})/@0x572f9ad
02-21 14:15:39.737  5016  5896 D SurfaceControl: hide : mNativeObject = 537243632976 - sc.mNativeObject = 536706000336 - Surface(name=com.sec.android.app.launcher/com.sec.android.app.launcher.activities.LauncherActivity$_5740)/@0x6d2a9d7
02-21 14:15:39.737  5016  5896 D SurfaceControl: nativeSetFlags Done : Surface(name=com.sec.android.app.launcher/com.sec.android.app.launcher.activities.LauncherActivity$_5740)/@0x6d2a9d7
02-21 14:15:39.739  5016  5896 D WindowManager: 	container=Task{8041175 #1 visible=false type=home mode=fullscreen translucent=true I=com.sec.android.app.launcher/.activities.LauncherActivity U=0 StackId=1 sz=1}
02-21 14:15:39.739  5016  5896 I WindowManager: Reparenting to original parent: Surface(name=Leaf:0:1)/@0xce06ed7, destroy=true, surface=Surface(name=WallpaperWindowToken{34bf5bf token=android.os.Binder@d0cefde})/@0xb286db8
02-21 14:15:39.739  5016  5896 I SurfaceControl: release : mNativeObject = 536705749568 - Surface(name=Surface(name=WallpaperWindowToken{34bf5bf token=android.os.Binder@d0cefde})/@0xb286db8 - animation-leash)/@0x8652ccd
02-21 14:15:39.739  5016  5896 I SurfaceControl: nativeRelease nativeObject s[536705749568]
02-21 14:15:39.739  5016  5896 I SurfaceControl: nativeRelease nativeObject e[536705749568]
02-21 14:15:39.739  5016  5896 D WindowManager: 	wallpaper=WallpaperWindowToken{34bf5bf token=android.os.Binder@d0cefde}
02-21 14:15:39.739  4681  4699 I Layer   : id=394 removeFromCurrentState Surface(name=Task=1)/@0xa71758d - animation-leash#0 (63)
02-21 14:15:39.739  4681  4699 I Layer   : id=395 removeFromCurrentState Surface(name=Task=3140)/@0xf83e3f7 - animation-leash#0 (63)
02-21 14:15:39.739  5016  5896 I WindowManager: Finishing remote animation
02-21 14:15:39.740  5016  5070 D SurfaceControl: hide : mNativeObject = 537242821792 - sc.mNativeObject = 536705861568 - Surface(name=Input Consumer recents_animation_input_consumer)/@0xb88b76d
02-21 14:15:39.740  5016  5070 D SurfaceControl: nativeSetFlags Done : Surface(name=Input Consumer recents_animation_input_consumer)/@0xb88b76d
02-21 14:15:39.748  4681  4681 E Layer   : [Surface(name=Task=3140)/@0xf83e3f7 - animation-leash#0] No local sync point found
02-21 14:15:39.748  4681  4681 E Layer   : [Surface(name=Task=1)/@0xa71758d - animation-leash#0] No local sync point found
02-21 14:15:39.749  4681  4700 I Layer   : id=396 removeFromCurrentState Surface(name=WallpaperWindowToken{34bf5bf token=android.os.Binder@d0cefde})/@0xb286db8 - animation-leash#0 (63)
02-21 14:15:39.750  5016  5070 D SurfaceControl: hide : mNativeObject = 537242821792 - sc.mNativeObject = 536705861568 - Surface(name=Input Consumer recents_animation_input_consumer)/@0xb88b76d
02-21 14:15:39.750  5016  5070 D SurfaceControl: nativeSetFlags Done : Surface(name=Input Consumer recents_animation_input_consumer)/@0xb88b76d
02-21 14:15:39.754  4681  4681 D SurfaceFlinger: Display 0 HWC layers:
02-21 14:15:39.754  4681  4681 D SurfaceFlinger:      DEVICE | 0x70a7af1330 | 0002 | RGBA_8888    |    0.0    0.0 1080.0 2340.0 |    0    0 1080 2340 | com.amazon.whisperjoin.deviceprovisi[...]vicetestapp.WelcomeActivity$_13109#0
02-21 14:15:39.754  4681  4681 D SurfaceFlinger:      DEVICE | 0x70a7af1d50 | 0000 | RGBA_8888    |    0.0    0.0 1080.0   78.0 |    0    0 1080   78 | StatusBar$_5405#0
02-21 14:15:39.754  4681  4681 D SurfaceFlinger:      DEVICE | 0x70a7af2650 | 0000 | RGBA_8888    |    0.0    0.0   67.0  342.0 | 1013  438 1080  780 | com.samsung.android.app.cocktailbars[...]arservice.CocktailBarService$_9814#0
02-21 14:15:39.754  4681  4681 D SurfaceFlinger:      DEVICE | 0x70a7aebdb0 | 0000 | RGBA_8888    |    0.0    0.0 1080.0  126.0 |    0 2214 1080 2340 | NavigationBar0$_5405#0
02-21 14:15:39.754  4681  4681 D SurfaceFlinger:      DEVICE | 0x70a7aefb90 | 0000 | RGBA_8888    |    0.0    0.0 1080.0  151.0 |    0    0 1080  151 | ScreenDecorOverlay$_5405#0
02-21 14:15:39.754  4681  4681 D SurfaceFlinger:      DEVICE | 0x70a7af0130 | 0000 | RGBA_8888    |    0.0    0.0 1080.0  151.0 |    0 2189 1080 2340 | ScreenDecorOverlayBottom$_5405#0
02-21 14:15:39.754  4681  4681 D SurfaceFlinger: 
02-21 14:15:39.754  4681  4700 E BufferQueueProducer: [com.sec.android.app.launcher/com.sec.android.app.launcher.activities.LauncherActivity$_5740#0](id:124900000036,api:0,p:-1,c:4681) disconnect: not connected (req=1)
02-21 14:15:39.754  5740  7374 W libEGL  : EGLNativeWindowType 0x7e162d5b60 disconnect failed
02-21 14:15:39.754  5016  5189 V WindowManager: Relayout Window{dd1a16c u0 com.sec.android.app.launcher/com.sec.android.app.launcher.activities.LauncherActivity}: viewVisibility=8 req=1080x2340
02-21 14:15:39.758  5016  5070 D SurfaceControl: hide : mNativeObject = 537242821792 - sc.mNativeObject = 536705861568 - Surface(name=Input Consumer recents_animation_input_consumer)/@0xb88b76d
02-21 14:15:39.758  5016  5070 D SurfaceControl: nativeSetFlags Done : Surface(name=Input Consumer recents_animation_input_consumer)/@0xb88b76d
02-21 14:15:39.759  5016  5189 V WindowManager: Relayout hash=dd1a16c, pid=5740: mAttrs={(0,0)(fillxfill) sim={adjust=nothing} layoutInDisplayCutoutMode=shortEdges ty=BASE_APPLICATION fmt=TRANSPARENT wanim=0x10302f2
02-21 14:15:39.759  5016  5189 V WindowManager:   fl=81910100
02-21 14:15:39.759  5016  5189 V WindowManager:   pfl=16020000
02-21 14:15:39.759  5016  5189 V WindowManager:   vsysui=1700
02-21 14:15:39.759  5016  5189 V WindowManager:   bhv=SHOW_TRANSIENT_BARS_BY_SWIPE
02-21 14:15:39.759  5016  5189 V WindowManager:   fitSides= naviIconColor=0}
02-21 14:15:39.759  5740  5740 I SurfaceControl: release : mNativeObject = 536705718432 - Surface(name=null)/@0x1f902f3
02-21 14:15:39.759  5740  5740 I SurfaceControl: nativeRelease nativeObject s[536705718432]
02-21 14:15:39.759  5740  5740 I SurfaceControl: nativeRelease nativeObject e[536705718432]
02-21 14:15:39.760  5740  5740 I ViewRootImpl@6bdece[LauncherActivity]: Relayout returned: old=(0,0,1080,2340) new=(0,0,1080,2340) req=(1080,2340)8 dur=5 res=0x5 s={false 0} ch=true fn=37
02-21 14:15:39.760  5740  5740 I ViewRootImpl@6bdece[LauncherActivity]: stopped(true) old=false
02-21 14:15:39.761  5740  5740 W LauncherAppWidgetHost: setListenIfResumed, mFlags = 4
02-21 14:15:39.761  5016  5189 I AppWidgetServiceImpl: stopListening callbacks : null
02-21 14:15:39.761  5740  5740 W Launcher.NotificationListener: removeNotificationsChangedListener
02-21 14:15:39.761  5740  5740 I BadgeCountUpdaterImpl: onNotificationsChangedDisConnected
02-21 14:15:39.761  5740  5740 I Launcher.NotificationListener: unregisterObserver, this is not notificationService!!
02-21 14:15:39.762  5740  5740 I SurfaceControl: release : mNativeObject = 536705742400 - Surface(name=Surface(name=Task=3140)/@0xf83e3f7 - animation-leash)/@0xcbe5f72
02-21 14:15:39.762  5740  5740 I SurfaceControl: nativeRelease nativeObject s[536705742400]
02-21 14:15:39.762  5740  5740 I SurfaceControl: nativeRelease nativeObject e[536705742400]
02-21 14:15:39.762  5740  5740 I SurfaceControl: release : mNativeObject = 536705759088 - Surface(name=Surface(name=Task=1)/@0xa71758d - animation-leash)/@0xa92f47d
02-21 14:15:39.762  4681  4700 I SurfaceFlinger: id=395 Removed Surface(name=Task=3140)/@0xf83e3f7 - animation-leash#0 (63)
02-21 14:15:39.762  5740  5740 I SurfaceControl: nativeRelease nativeObject s[536705759088]
02-21 14:15:39.762  5740  5740 I SurfaceControl: nativeRelease nativeObject e[536705759088]
02-21 14:15:39.762  5740  5740 I SurfaceControl: release : mNativeObject = 536705733776 - Surface(name=Surface(name=WallpaperWindowToken{34bf5bf token=android.os.Binder@d0cefde})/@0xb286db8 - animation-leash)/@0xd7fd040
02-21 14:15:39.762  4681  4700 I SurfaceFlinger: id=394 Removed Surface(name=Task=1)/@0xa71758d - animation-leash#0 (63)
02-21 14:15:39.762  5740  5740 I SurfaceControl: nativeRelease nativeObject s[536705733776]
02-21 14:15:39.762  5740  5740 I SurfaceControl: nativeRelease nativeObject e[536705733776]
02-21 14:15:39.762  4681  4700 I SurfaceFlinger: id=396 Removed Surface(name=WallpaperWindowToken{34bf5bf token=android.os.Binder@d0cefde})/@0xb286db8 - animation-leash#0 (63)
02-21 14:15:39.765  4681  4681 I Layer   : id=395[1] Destroyed Surface(name=Task=3140)/@0xf83e3f7 - animation-leash#0
02-21 14:15:39.765  4681  4681 I Layer   : id=394[1] Destroyed Surface(name=Task=1)/@0xa71758d - animation-leash#0
02-21 14:15:39.765  4681  4681 I Layer   : id=396[1] Destroyed Surface(name=WallpaperWindowToken{34bf5bf token=android.os.Binder@d0cefde})/@0xb286db8 - animation-leash#0
02-21 14:15:39.767  7526  8252 I WorkerManager: Releasing worker: [searchboxroot]/[24]/[com.google.android.apps.gsa.staticplugins.searchboxroot.z]
02-21 14:15:39.767  7526  8252 I WorkerManager: Releasing worker: [searchboxroot]/[24]/[com.google.android.apps.gsa.staticplugins.searchboxroot.z]
02-21 14:15:39.768  7526  8252 I WorkerManager: Releasing worker: [searchboxroot]/[24]/[com.google.android.apps.gsa.staticplugins.searchboxroot.z]
02-21 14:15:39.768  7526 25785 I PBSessionCacheImpl: Deleted sessionId[33101311880742425] from persistence.
02-21 14:15:39.768  7526  8252 I WorkerManager: Releasing worker: [searchboxroot]/[24]/[com.google.android.apps.gsa.staticplugins.searchboxroot.z]
02-21 14:15:39.768  7526  8252 I WorkerManager: Releasing worker: [actions]/[1]/[com.google.android.apps.gsa.staticplugins.actions.p]
02-21 14:15:39.769  7526  8252 I WorkerManager: Releasing worker: [actions]/[1]/[com.google.android.apps.gsa.staticplugins.actions.p]
02-21 14:15:39.769  5016  5896 E WindowManager: win=Window{dd1a16c u0 com.sec.android.app.launcher/com.sec.android.app.launcher.activities.LauncherActivity} destroySurfaces: appStopped=true win.mWindowRemovalAllowed=false win.mRemoveOnExit=false win.mViewVisibility=8 caller=com.android.server.wm.ActivityRecord.destroySurfaces:5183 com.android.server.wm.ActivityRecord.destroySurfaces:5164 com.android.server.wm.ActivityRecord.notifyAppStopped:5223 com.android.server.wm.ActivityRecord.activityStopped:5850 com.android.server.wm.ActivityTaskManagerService.activityStopped:2583 android.app.IActivityTaskManager$Stub.onTransact:2201 android.os.Binder.execTransactInternal:1190 
02-21 14:15:39.769  7526  8252 I WorkerManager: Releasing worker: [actions]/[1]/[com.google.android.apps.gsa.staticplugins.actions.p]
02-21 14:15:39.769  7526  8252 I WorkerManager: Releasing worker: [actions]/[1]/[com.google.android.apps.gsa.staticplugins.actions.p]
02-21 14:15:39.769  5016  5896 I WindowManager: Destroying surface Surface(name=com.sec.android.app.launcher/com.sec.android.app.launcher.activities.LauncherActivity$_5740)/@0x6d2a9d7 called by com.android.server.wm.WindowStateAnimator.destroySurface:1794 com.android.server.wm.WindowStateAnimator.destroySurfaceLocked:765 com.android.server.wm.WindowState.destroySurfaceUnchecked:3870 com.android.server.wm.WindowState.destroySurface:3844 com.android.server.wm.ActivityRecord.destroySurfaces:5183 com.android.server.wm.ActivityRecord.destroySurfaces:5164 com.android.server.wm.ActivityRecord.notifyAppStopped:5223 com.android.server.wm.ActivityRecord.activityStopped:5850 
02-21 14:15:39.770  5016  5896 I SurfaceControl: release : mNativeObject = 536706000336 - Surface(name=com.sec.android.app.launcher/com.sec.android.app.launcher.activities.LauncherActivity$_5740)/@0x6d2a9d7
02-21 14:15:39.770  5016  5896 I SurfaceControl: nativeRelease nativeObject s[536706000336]
02-21 14:15:39.770  5016  5896 I SurfaceControl: nativeRelease nativeObject e[536706000336]
02-21 14:15:39.770  7526  8252 I WorkerManager: Releasing worker: [searchboxroot]/[24]/[com.google.android.apps.gsa.staticplugins.searchboxroot.z]
02-21 14:15:39.770  7526  8252 I WorkerManager: Releasing worker: [searchboxroot]/[24]/[com.google.android.apps.gsa.staticplugins.searchboxroot.z]
02-21 14:15:39.770  7526  8252 I WorkerManager: Releasing worker: [searchboxroot]/[24]/[com.google.android.apps.gsa.staticplugins.searchboxroot.z]
02-21 14:15:39.771  7526  8252 I WorkerManager: Releasing worker: [searchboxroot]/[24]/[com.google.android.apps.gsa.staticplugins.searchboxroot.z]
02-21 14:15:39.771  4681  4699 I Layer   : id=382 removeFromCurrentState com.sec.android.app.launcher/com.sec.android.app.launcher.activities.LauncherActivity$_5740#0 (60)
02-21 14:15:39.771  7526  8252 I WorkerManager: Releasing worker: [actions]/[1]/[com.google.android.apps.gsa.staticplugins.actions.p]
02-21 14:15:39.771  7526  8252 I WorkerManager: Releasing worker: [actions]/[1]/[com.google.android.apps.gsa.staticplugins.actions.p]
02-21 14:15:39.771  7526  8252 I WorkerManager: Releasing worker: [legacyui]/[63]/[com.google.android.apps.gsa.staticplugins.by.a]
02-21 14:15:39.771  7526  8252 I WorkerManager: Releasing worker: [legacyui]/[63]/[com.google.android.apps.gsa.staticplugins.by.a]
02-21 14:15:39.771  7526  8252 I WorkerManager: Releasing worker: [searchplate]/[26]/[com.google.android.apps.gsa.staticplugins.dq.c]
02-21 14:15:39.771  7526  8252 I WorkerManager: Releasing worker: [searchplate]/[26]/[com.google.android.apps.gsa.staticplugins.dq.c]
02-21 14:15:39.772  7526  8252 I WorkerManager: Releasing worker: [searchplate]/[26]/[com.google.android.apps.gsa.staticplugins.dq.c]
02-21 14:15:39.772  7526  8252 I WorkerManager: Releasing worker: [searchplate]/[26]/[com.google.android.apps.gsa.staticplugins.dq.c]
02-21 14:15:39.772  5016  5070 D SurfaceControl: hide : mNativeObject = 537242821792 - sc.mNativeObject = 536705861568 - Surface(name=Input Consumer recents_animation_input_consumer)/@0xb88b76d
02-21 14:15:39.772  5016  5070 D SurfaceControl: nativeSetFlags Done : Surface(name=Input Consumer recents_animation_input_consumer)/@0xb88b76d
02-21 14:15:39.772  7526  8252 I WorkerManager: Releasing worker: [conversation]/[44]/[com.google.android.apps.gsa.staticplugins.aj.a]
02-21 14:15:39.772  7526  8252 I WorkerManager: Releasing worker: [conversation]/[44]/[com.google.android.apps.gsa.staticplugins.aj.a]
02-21 14:15:39.772  7526  8252 I WorkerManager: Releasing worker: [message]/[68]/[com.google.android.apps.gsa.staticplugins.messages.n]
02-21 14:15:39.772  7526  8252 I WorkerManager: Releasing worker: [message]/[68]/[com.google.android.apps.gsa.staticplugins.messages.n]
02-21 14:15:39.773  7526  8252 I WorkerManager: Releasing worker: [context]/[50]/[com.google.android.apps.gsa.staticplugins.ah.h]
02-21 14:15:39.773  7526  8252 I WorkerManager: Releasing worker: [context]/[50]/[com.google.android.apps.gsa.staticplugins.ah.h]
02-21 14:15:39.773  7526  8252 I WorkerManager: Releasing worker: [actionvelogging]/[2]/[com.google.android.apps.gsa.staticplugins.a.d]
02-21 14:15:39.773  7526  8252 I WorkerManager: Releasing worker: [actionvelogging]/[2]/[com.google.android.apps.gsa.staticplugins.a.d]
02-21 14:15:39.773  7526  8252 I WorkerManager: Releasing worker: [sharedmicrodetection]/[17]/[com.google.android.apps.gsa.staticplugins.microdetection.aj]
02-21 14:15:39.773  7526  8252 I WorkerManager: Releasing worker: [sharedmicrodetection]/[17]/[com.google.android.apps.gsa.staticplugins.microdetection.aj]
02-21 14:15:39.773  7526  8252 I WorkerManager: Releasing worker: [audio]/[4]/[com.google.android.apps.gsa.staticplugins.m.i]
02-21 14:15:39.773  7526  8252 I WorkerManager: Releasing worker: [audio]/[4]/[com.google.android.apps.gsa.staticplugins.m.i]
02-21 14:15:39.773  7526  8252 I WorkerManager: Releasing worker: [audio]/[4]/[com.google.android.apps.gsa.staticplugins.m.i]
02-21 14:15:39.773  7526  8252 I WorkerManager: Releasing worker: [audio]/[4]/[com.google.android.apps.gsa.staticplugins.m.i]
02-21 14:15:39.774  7526  8252 I WorkerManager: Releasing worker: [progress]/[379]/[com.google.android.apps.gsa.staticplugins.cy.a]
02-21 14:15:39.774  4681  4699 I SurfaceFlinger: id=382 Removed com.sec.android.app.launcher/com.sec.android.app.launcher.activities.LauncherActivity$_5740#0 (60)
02-21 14:15:39.774  7526  8252 I WorkerManager: Releasing worker: [progress]/[379]/[com.google.android.apps.gsa.staticplugins.cy.a]
02-21 14:15:39.774  5016  5067 D SehCodecSolutionService: Update top [com.amazon.whisperjoin.deviceprovisioningservicetestapp.internal]
02-21 14:15:39.774  7526  8252 I WorkerManager: Releasing worker: [logo_header]/[71]/[com.google.android.apps.gsa.staticplugins.ca.a]
02-21 14:15:39.774  7526  8252 I WorkerManager: Releasing worker: [logo_header]/[71]/[com.google.android.apps.gsa.staticplugins.ca.a]
02-21 14:15:39.775  7526  8252 I WorkerManager: Releasing worker: [searchboxroot]/[24]/[com.google.android.apps.gsa.staticplugins.searchboxroot.z]
02-21 14:15:39.775  7526  8252 I WorkerManager: Releasing worker: [searchboxroot]/[24]/[com.google.android.apps.gsa.staticplugins.searchboxroot.z]
02-21 14:15:39.776  7526  8252 I WorkerManager: Releasing worker: [actions]/[1]/[com.google.android.apps.gsa.staticplugins.actions.p]
02-21 14:15:39.776  7526  8252 I WorkerManager: Releasing worker: [actions]/[1]/[com.google.android.apps.gsa.staticplugins.actions.p]
02-21 14:15:39.776  7526  8252 I WorkerManager: Releasing worker: [actions]/[1]/[com.google.android.apps.gsa.staticplugins.actions.p]
02-21 14:15:39.776  7526  8252 I WorkerManager: Releasing worker: [actions]/[1]/[com.google.android.apps.gsa.staticplugins.actions.p]
02-21 14:15:39.776  7526  8252 W SearchServiceCore: Abort, client detached.
02-21 14:15:39.782  4681  4681 I Layer   : id=382[1] Destroyed com.sec.android.app.launcher/com.sec.android.app.launcher.activities.LauncherActivity$_5740#0
02-21 14:15:39.905  5016  5559 D MdnieScenarioControlService:  packageName : com.amazon.whisperjoin.deviceprovisioningservicetestapp.internal    className : com.amazon.whisperjoin.deviceprovisioningservicetestapp.WelcomeActivity
02-21 14:15:39.905  5016  5559 V MdnieScenarioControlService: setUIMode from UI function(3)
02-21 14:15:40.006  5016  5559 V MdnieScenarioControlService: mAclOffEnabled : false mAclPreviewState : false mAclCompensationState : false
02-21 14:15:40.010  5016 25787 D TspStateManager: update cmd=set_grip_data,1,45,7,15,702
