--------- beginning of system
02-21 14:15:36.718  4258  4258 I io_stats: !@   8,0 r 280301 10501792 w 104595 2548456 d 58439 10215400 f 79162 112286 iot 151388 133696 th 102400 0 0 pt 0 inp 0 0 18581.442
--------- beginning of main
02-21 14:15:38.406  4681  4681 I SurfaceFlinger: SFWD update time=18583133342669
02-21 14:15:39.266  5016  5175 D InputReader: Btn_touch(5): value=1 when=18583.993344
02-21 14:15:39.267  5016  5175 I InputReader: Touch event's action is 0x0 (id=2, t=0) [pCnt=1, s=0.45 ] when=18583.993344
02-21 14:15:39.268  5016  5174 I InputDispatcher: Delivering touch to (5405): action: 0x4, f=0x0, d=0, '97aa58f', t=1 
02-21 14:15:39.269  5016  5174 I InputDispatcher: Delivering touch to (5740): action: 0x0, f=0x0, d=0, 'dd1a16c', t=1 
02-21 14:15:39.269  5740  5740 I ViewRootImpl@6bdece[LauncherActivity]: ViewPostIme pointer 0
02-21 14:15:39.270  5740  5740 W BaseDragLayer: dispatchTouchEvent, ACTION_DOWN - mTouchDispatchState = 9
02-21 14:15:39.270  5740  5740 W StatusBarController: onControllerInterceptTouchEvent return false by setting value
02-21 14:15:39.270  5740  5740 W BaseDragLayer: findActiveController return false mTouchDispatchState = 9
02-21 14:15:39.270  5740  5740 W AppStartUtils: sendActiveLaunchBroadcast() v.hasOnClickListeners() : true, iconInfo : AppInfo(id=125 type=APP hidden=0 container=all_apps screen=1 rank=8 user=UserHandle{0} title=WelcomeActivity componentName=ComponentInfo{com.amazon.whisperjoin.deviceprovisioningservicetestapp.internal/com.amazon.whisperjoin.deviceprovisioningservicetestapp.WelcomeActivity} screenType=0)
02-21 14:15:39.271  5016  5174 D PowerManagerService: UserActivityState : 4 -> 1
02-21 14:15:39.272  5016  5174 D PowerManagerService: mDisplayReady: false
02-21 14:15:39.272  5740  5740 I FastBitmapDrawable: animatePress : true  immediate : false invalidate : true
02-21 14:15:39.272  5016  5174 D PowerManagerService: mDisplayReady: false
02-21 14:15:39.272  5016  5090 D DisplayPowerController: animateScreenStateChange: target=2, targetInternal=2, dualScreenPolicy=-1
02-21 14:15:39.272  5016  5090 D DisplayPowerController: getFinalBrightness : Summary is  94 (0.37) ->  94 (0.37)
02-21 14:15:39.272  5016  5090 D DisplayPowerController: Animating brightness: target= 94 (0.37), rate=7.843136 (PSM:, AB limit:( -1 (NaN) ~  -1 (NaN)) MB Limit:( -1 (NaN) ~ 365 (1.43))
02-21 14:15:39.273  5016  5360 I Pageboost: start active launch : com.amazon.whisperjoin.deviceprovisioningservicetestapp.internal
02-21 14:15:39.273  5016  5360 D ActivityTaskManager: Checking for the Active launch isPkgEverLaunched :true, isPkgStopped : false, isDataCleared :false, isAutoRunBlocked : false
02-21 14:15:39.274  5016  5360 W ContextImpl: Calling a method in the system process without a qualified user: android.app.ContextImpl.startActivity:1056 com.android.server.wm.ActivityTaskManagerService$ActiveLaunchReceiver.onReceive:1056 android.app.LoadedApk$ReceiverDispatcher$Args.lambda$getRunnable$0$LoadedApk$ReceiverDispatcher$Args:1640 android.app.-$$Lambda$LoadedApk$ReceiverDispatcher$Args$_BumDX2UKsnxLVrE6UJsJZkotuA.run:2 android.os.Handler.handleCallback:938 
02-21 14:15:39.275  5016  5090 V DisplayPowerController: Brightness [ 94 (0.37)] reason changing to: 'automatic', previous reason: 'automatic [ dim ]'.
02-21 14:15:39.275  5016  5090 D PowerManagerService: DisplayPowerCallbacks : onStateChanged()
02-21 14:15:39.276  5016  5621 I Pageboost: active launch for : com.amazon.whisperjoin.deviceprovisioningservicetestapp.internal , 0
02-21 14:15:39.276  5016  5090 D PowerManagerService: mDisplayReady: true
02-21 14:15:39.276  5016  5090 D PowerManagerService: mDisplayReady: true
02-21 14:15:39.276  5016  5360 E ActivityTaskManager: TouchDown intent received, starting ActiveLaunch
02-21 14:15:39.276  6527 25767 E pageboostd: active launch start : app comamazonwhisperjoindeviceprovisioningservicetestappinternal
02-21 14:15:39.276  5016  5016 I MdnieScenarioControlService: action  :  com.samsung.server.PowerManagerService.action.USER_ACTIVITY
02-21 14:15:39.276  5016  5360 D ActivityTaskManager: starting Active launch
02-21 14:15:39.276  4123  4123 I lmkd    : check proc pid launching app : 13109
02-21 14:15:39.276  6527 25767 E pageboostd: comamazonwhisperjoindeviceprovisioningservicetestappinternal, amt 0 scnt 0 fcnt 0
02-21 14:15:39.278  6527 25767 E pageboostd: comamazonwhisperjoindeviceprovisioningservicetestappinternal, amt 7258112 scnt 8 fcnt 11
02-21 14:15:39.278  6527 25767 E pageboostd: active launch end : app comamazonwhisperjoindeviceprovisioningservicetestappinternal data_amount 7258112
02-21 14:15:39.298  4618  4618 I SehLight: lcd : 61+
02-21 14:15:39.299  4618  4618 I SehLight: lcd : 61-
02-21 14:15:39.314  5016  5090 D DisplayPowerController: animateScreenStateChange: target=2, targetInternal=2, dualScreenPolicy=-1
02-21 14:15:39.314  5016  5090 D DisplayPowerController: getFinalBrightness : Summary is  94 (0.37) ->  94 (0.37)
02-21 14:15:39.314  4618  4618 I SehLight: lcd : 94+
02-21 14:15:39.326  4618  4618 I SehLight: lcd : 94-
02-21 14:15:39.329  5016  5175 D InputReader: Btn_touch(5): value=0 when=18584.055961
02-21 14:15:39.329  5016  5175 I InputReader: Touch event's action is 0x1 (id=2, t=0) [pCnt=1, s=] when=18584.055961
02-21 14:15:39.329  5016  5174 I InputDispatcher: Delivering touch to (5740): action: 0x1, f=0x0, d=0, 'dd1a16c', t=1 
02-21 14:15:39.330  5740  5740 W StatusBarController: onControllerInterceptTouchEvent return false by setting value
02-21 14:15:39.330  5740  5740 W BaseDragLayer: findActiveController return false mTouchDispatchState = 9
02-21 14:15:39.330  5740  5740 I ViewRootImpl@6bdece[LauncherActivity]: ViewPostIme pointer 1
02-21 14:15:39.330  5740  5740 W StatusBarController: onControllerInterceptTouchEvent return false by setting value
02-21 14:15:39.330  5740  5740 W TaskViewTouchController: onControllerInterceptTouchEvent, clearState.
02-21 14:15:39.330  5740  5740 W BaseDragLayer: findActiveController return false mTouchDispatchState = 0
02-21 14:15:39.331  5740  5740 I FastBitmapDrawable: animatePress : false  immediate : true invalidate : false
02-21 14:15:39.331  5740  5740 W ItemClickHandler: Icon Clicked
02-21 14:15:39.332  5740  5740 I SemDvfsHyPerManager: acquire hyper - APP_LAUNCH/5740@0, type = -999
02-21 14:15:39.334  4617  4654 I HYPER-HAL: [RequestManager.cpp]acquire(): Acquired ID : 16476670  [5740 / 0]    HINT : APP_LAUNCH    list : 
02-21 14:15:39.334  7210  7210 I SemDvfsHyPerManager: acquire hyper - com.sec.android.sdhms/7210@9, type = -999
02-21 14:15:39.335  4617  4654 I HYPER-HAL: [ResourceManager.cpp]updateResource(): [CPUMinFreq] UpdateResource Request ID : 16476670    Value : 2314000
02-21 14:15:39.337  4617  4654 I HYPER-HAL: [RequestManager.cpp]acquire(): Acquired ID : 26060599  [7210 / 9]    HINT : APP_START    list : 
02-21 14:15:39.337  5016  5189 I ActivityTaskManager: START u0 {act=android.intent.action.MAIN cat=[android.intent.category.LAUNCHER] flg=0x10200000 cmp=com.amazon.whisperjoin.deviceprovisioningservicetestapp.internal/com.amazon.whisperjoin.deviceprovisioningservicetestapp.WelcomeActivity bnds=[39,971][285,1314]} from uid 10121
02-21 14:15:39.338  4617  4654 E HYPER-HAL: [HandlerSysfs.cpp]doResourceHandling(): Couldn't Open Sysfs - /sys/kernel/mm/vmscan/am_app_launch
02-21 14:15:39.338  5016  6472 I SemDvfsHyPerManager: acquire hyper - AMS_APP_SWITCH/5016@19, type = -999
02-21 14:15:39.338  5016  5189 D ActivityTaskManager: TaskLaunchParamsModifier:task=null activity=ActivityRecord{a847a1f u0 com.amazon.whisperjoin.deviceprovisioningservicetestapp.internal/com.amazon.whisperjoin.deviceprovisioningservicetestapp.WelcomeActivity display-area-from-source=DefaultTaskDisplayArea@103150757 task-display-area=DefaultTaskDisplayArea@103150757 display-area-windowing-mode=1
02-21 14:15:39.338  5016  5189 D ActivityTaskManager: TaskLaunchParamsModifier:task=null activity=ActivityRecord{a847a1f u0 com.amazon.whisperjoin.deviceprovisioningservicetestapp.internal/com.amazon.whisperjoin.deviceprovisioningservicetestapp.WelcomeActivity t-1} display-area-from-source=DefaultTaskDisplayArea@103150757 task-display-area=DefaultTaskDisplayArea@103150757 display-area-windowing-mode=1 inherit-from-source=fullscreen activity-options-fullscreen=Rect(0, 0 - 0, 0) non-freeform-display maximized-bounds
02-21 14:15:39.339  5016  6472 D ActivityManagerPerformance: AMP_acquire() APP_SWITCH
02-21 14:15:39.339  4617  4654 I HYPER-HAL: [ResourceManager.cpp]updateResource(): [CPUMaxFreq] UpdateResource Request ID : 26060599    Value : 2314000
02-21 14:15:39.339  4617  4654 I HYPER-HAL: [RequestManager.cpp]acquire(): Acquired ID : 12678149  [5016 / 19]    HINT : AMS_APP_SWITCH    list : 
02-21 14:15:39.339  4681  5358 I SurfaceFlinger: id=389 createSurf (0x0),-1 flag=24004, Task=3140#0
02-21 14:15:39.341  5016  5189 D ActivityTaskManager: TaskLaunchParamsModifier:task=Task{a97a16c #3140 visible=false type=standard mode=fullscreen translucent=true A=10308:com.amazon.whisperjoin.deviceprovisioningservicetestapp.internal U=0 StackId=3140 sz=0} activity=ActivityRecord{a847a1f u0 com.amazon.whisperjoin.deviceprovisioningservicetestapp.internal/com.amazon.whisperjoin.deviceprovisioningservicetestapp.WelcomeActivity t-1} display-from-task=0 task-display-area=DefaultTaskDisplayArea@103150757 display-area-windowing-mode=1 inherit-from-source=fullscreen activity-options-fullscreen=Rect(0, 0 - 0, 0) non-freeform-display maximized-bounds
02-21 14:15:39.341  4681  5358 I SurfaceFlinger: id=390 createSurf (0x0),-1 flag=80004, ActivityRecord{a847a1f u0 com.amazon.whisperjoin.deviceprovisioningservicetestapp.internal/com.amazon.whisperjoin.deviceprovisioningservicetestapp.WelcomeActivity t3140}#0
02-21 14:15:39.342  7210  7210 I SemDvfsHyPerManager: acquire hyper - com.sec.android.sdhms/7210@9, type = -999
02-21 14:15:39.343  4617  4654 I HYPER-HAL: [ResourceManager.cpp]updateResource(): [CPUMinFreq] UpdateResource Request ID : 12678149    Value : 2314000
02-21 14:15:39.343  4617  4654 I HYPER-HAL: [RequestManager.cpp]acquire(): Acquired ID : 26060599  [7210 / 9]    HINT : APP_START    list : 
02-21 14:15:39.343  4617  4654 E HYPER-HAL: [HandlerSysfs.cpp]doResourceHandling(): Couldn't Open Sysfs - /sys/kernel/mm/vmscan/am_app_launch
02-21 14:15:39.343  5016  5189 V WindowManager: Prepare app transition: transit=TRANSIT_TASK_OPEN mNextAppTransition=TRANSIT_UNSET alwaysKeepCurrent=false displayId=0 Callers=com.android.server.wm.DisplayContent.prepareAppTransition:5747 com.android.server.wm.DisplayContent.prepareAppTransition:5741 com.android.server.wm.ActivityStack.startActivityLocked:2570 com.android.server.wm.ActivityStarter.startActivityInner:2624 com.android.server.wm.ActivityStarter.startActivityUnchecked:2194 
02-21 14:15:39.344  4617  4654 I HYPER-HAL: [ResourceManager.cpp]updateResource(): [CPUMaxFreq] UpdateResource Request ID : 26060599    Value : 2314000
02-21 14:15:39.345  5740  5898 I AppIconSolution: getThemeIconWithBG called with public API, pkg = com.amazon.whisperjoin.deviceprovisioningservicetestapp.internal
02-21 14:15:39.346  5740  5898 I AppIconSolution: start to load, pkg=NULL, bg=192-192, dr=2006-2006, forDefault=true, density=640
02-21 14:15:39.347  5016  5189 D SurfaceControl: hide : mNativeObject = 537242839568 - sc.mNativeObject = 536705754272 - Surface(name=ActivityRecord{a847a1f u0 com.amazon.whisperjoin.deviceprovisioningservicetestapp.internal/com.amazon.whisperjoin.deviceprovisioningservicetestapp.WelcomeActivity t3140})/@0xb46d335
02-21 14:15:39.347  5740  5898 I AppIconSolution: scale down, pkg=NULL, dr=215-215, bg=216-216
02-21 14:15:39.347  5016  5189 D SurfaceControl: nativeSetFlags Done : Surface(name=ActivityRecord{a847a1f u0 com.amazon.whisperjoin.deviceprovisioningservicetestapp.internal/com.amazon.whisperjoin.deviceprovisioningservicetestapp.WelcomeActivity t3140})/@0xb46d335
02-21 14:15:39.348  5740  5898 I AppIconSolution: getIconScale, pkg=NULL, size=215, iconScale=IconScale[alpha=0, scale=1.0, isCrop=true]
02-21 14:15:39.348  5016  5189 I SemDvfsHyPerManager: acquire hyper - AMS_APP_LAUNCH/5016@16, type = -999
02-21 14:15:39.348  4617  4654 I HYPER-HAL: [RequestManager.cpp]acquire(): Acquired ID : 12663044  [5016 / 16]    HINT : AMS_APP_LAUNCH    list : 
02-21 14:15:39.348  5016  5070 D SurfaceControl: hide : mNativeObject = 537242821792 - sc.mNativeObject = 536705861568 - Surface(name=Input Consumer recents_animation_input_consumer)/@0xb88b76d
02-21 14:15:39.348  5016  5070 D SurfaceControl: nativeSetFlags Done : Surface(name=Input Consumer recents_animation_input_consumer)/@0xb88b76d
02-21 14:15:39.349  4617  4654 I HYPER-HAL: [ResourceManager.cpp]updateResource(): [CPUMinFreq] UpdateResource Request ID : 12663044    Value : 2314000
02-21 14:15:39.350  5740  5898 I AppIconSolution: default container[CROP], pkg=NULL, bg=215-215, dr=215-215
02-21 14:15:39.354  5740  5898 I LauncherActivityInfo: packageName: com.amazon.whisperjoin.deviceprovisioningservicetestapp.internal, useThemeIcon: false, height: 215, width: 215, density: 640
02-21 14:15:39.362  5740  5740 I DragController: endDrag
02-21 14:15:39.362  5016  5016 I Pageboost: package com.amazon.whisperjoin.deviceprovisioningservicetestapp.internal
02-21 14:15:39.362  5740  5740 I SPayUpdater: updateSpayHandler launcher activity is paused false
02-21 14:15:39.362  5016  5016 I Pageboost: stop active launch
02-21 14:15:39.363  6527  6527 E pageboostd: Received HALT command code 2
02-21 14:15:39.363  5016  5514 D MARsPolicyManager: onPackageResumedFG pkgName = com.amazon.whisperjoin.deviceprovisioningservicetestapp.internal, userId = 0
02-21 14:15:39.363  5016  5514 V WindowManager: Prepare app transition: transit=TRANSIT_TASK_OPEN mNextAppTransition=TRANSIT_TASK_OPEN alwaysKeepCurrent=false displayId=0 Callers=com.android.server.wm.DisplayContent.prepareAppTransition:5747 com.android.server.wm.DisplayContent.prepareAppTransition:5741 com.android.server.wm.ActivityStack.resumeTopActivityInnerLocked:2230 com.android.server.wm.ActivityStack.resumeTopActivityUncheckedLocked:1860 com.android.server.wm.RootWindowContainer.resumeFocusedStacksTopActivities:2665 
02-21 14:15:39.363  5016  5514 W ActivityTaskManager: Tried to set launchTime (0) < mLastActivityLaunchTime (17222672)
02-21 14:15:39.364  5016  5514 V WindowManager: rotationForOrientation(orient=SCREEN_ORIENTATION_UNSPECIFIED (-1), last=ROTATION_0 (0)); user=ROTATION_0 (0) USER_ROTATION_LOCKED
02-21 14:15:39.364  5016  5514 V WindowOrientationListener: getProposedRotation: -1
02-21 14:15:39.364  5016  5514 V WindowManager: rotationForOrientation(orient=SCREEN_ORIENTATION_UNSPECIFIED (-1), last=ROTATION_0 (0)); user=ROTATION_0 (0) USER_ROTATION_LOCKED
02-21 14:15:39.364  5016  5514 V WindowOrientationListener: getProposedRotation: -1
02-21 14:15:39.364  5016  5514 V WindowManager: Computed rotation=ROTATION_0 (0) for display id=0 based on lastOrientation=SCREEN_ORIENTATION_UNSPECIFIED (-1) and oldRotation=ROTATION_0 (0), caller=com.android.server.wm.DisplayRotation.updateOrientation:390 com.android.server.wm.DisplayContent.updateOrientation:1695 com.android.server.wm.DisplayContent.updateOrientation:1624 com.android.server.wm.RootWindowContainer.ensureVisibilityAndConfig:2152 com.android.server.wm.ActivityStackSupervisor.realStartActivityLocked:923 com.android.server.wm.ActivityStackSupervisor.startSpecificActivity:1217 
02-21 14:15:39.365  5016  5514 D TspStateManager: updateCustomValue customSetting=
02-21 14:15:39.365  5016  5514 V WindowManager: rotationForOrientation(orient=SCREEN_ORIENTATION_UNSPECIFIED (-1), last=ROTATION_0 (0)); user=ROTATION_0 (0) USER_ROTATION_LOCKED
02-21 14:15:39.365  5016  5514 V WindowOrientationListener: getProposedRotation: -1
02-21 14:15:39.365  5016  5514 D TspStateManager: updateCustomValue customSetting=
02-21 14:15:39.367  5016  5514 D PkgDataHelper: notifyAppCreate(), pkgName: com.amazon.whisperjoin.deviceprovisioningservicetestapp.internal, sendRet: true
02-21 14:15:39.367  5016  5181 D GameManagerService: onLooperPrepared(), msg: MSG_APP_CREATE, pkgName: com.amazon.whisperjoin.deviceprovisioningservicetestapp.internal
02-21 14:15:39.367  5016  5514 D InputDispatcher: Focused application set to (0): a847a1f
02-21 14:15:39.368  5016  5514 V WindowManager: Changing focus from Window{dd1a16c u0 com.sec.android.app.launcher/com.sec.android.app.launcher.activities.LauncherActivity} to null displayId=0 Callers=com.android.server.wm.RootWindowContainer.updateFocusedWindowLocked:566 com.android.server.wm.WindowManagerService.updateFocusedWindowLocked:6254 com.android.server.wm.DisplayContent.setFocusedApp:6704 com.android.server.wm.ActivityTaskManagerService.setResumedActivityUncheckLocked:6675 
02-21 14:15:39.368  5016  5514 D StatusBarManagerService: notifyRequestedSystemKey recent=false home=false
02-21 14:15:39.369  5016  5514 D GameManagerService: TaskStackListener.onTaskFocusChanged(), taskId=3140, focused=true
02-21 14:15:39.369  5016  5181 D GameManagerService: onLooperPrepared(), msg: MSG_TASK_FOCUSED, focusedComponent: ComponentInfo{com.amazon.whisperjoin.deviceprovisioningservicetestapp.internal/com.amazon.whisperjoin.deviceprovisioningservicetestapp.WelcomeActivity}
02-21 14:15:39.369  5016  5181 D GameManagerService: handleTaskFocused().
02-21 14:15:39.369  5016  5181 D GameManagerService: sendFocusOutConditionally() - mPrevNotiPackage: (unknown)
02-21 14:15:39.369  5016  5181 D GameManagerService:   handleTaskFocused(), pkgName: com.amazon.whisperjoin.deviceprovisioningservicetestapp.internal, clsName: com.amazon.whisperjoin.deviceprovisioningservicetestapp.WelcomeActivity, userID:0
02-21 14:15:39.369  5016  5181 D GameManagerService: handleResume().
02-21 14:15:39.369  5016  5181 D GameManagerService: sendFocusOutConditionally() - mPrevNotiPackage: (unknown)
02-21 14:15:39.370  5016  5181 D GameManagerService:   handleResume(). pkgName: com.amazon.whisperjoin.deviceprovisioningservicetestapp.internal, isTunableApp: null
02-21 14:15:39.370  5016  5181 D GameManagerService: notifyFocusInOut(). of pkg: com.amazon.whisperjoin.deviceprovisioningservicetestapp.internal, type: 4, isMinimized: false, isTunableApp: false
02-21 14:15:39.370  5016  5514 D MARsPolicyManager: onPackageResumedFG pkgName = com.amazon.whisperjoin.deviceprovisioningservicetestapp.internal, userId = 0
02-21 14:15:39.370  5016  5181 D GameManagerService:   notifyFocusInOut(). unexpected mPrevNotiType: -1
02-21 14:15:39.370  5016  5181 D GameManagerService:NetworkLimit: callRelease
02-21 14:15:39.370  5016  5181 D GM:SystemHelper: callReleaseBlock needReleaseBlock:false
02-21 14:15:39.370  5016  5514 W WindowManager: Execute app transition: mNextAppTransition=TRANSIT_TASK_OPEN, displayId: 0 Callers=com.android.server.wm.RootWindowContainer.executeAppTransitionForAllDisplay:2586 com.android.server.wm.ActivityStackSupervisor.reportResumedActivityLocked:2225 com.android.server.wm.ActivityRecord.completeResumeLocked:5646 com.android.server.wm.ActivityStack.minimalResumeActivityLocked:1212 com.android.server.wm.ActivityStackSupervisor.realStartActivityLocked:1135 
02-21 14:15:39.373  5016  5069 V ActivityManager: Changed top to 10308,ProcessRecord{738461b 13109:com.amazon.whisperjoin.deviceprovisioningservicetestapp.internal/u0a308}
02-21 14:15:39.374  5016  5189 V WindowManager: Relayout Window{dd1a16c u0 com.sec.android.app.launcher/com.sec.android.app.launcher.activities.LauncherActivity}: viewVisibility=0 req=1080x2340
02-21 14:15:39.375  5016  5069 D GameManagerService: notePauseComponent(), received paused-component: com.sec.android.app.launcher
02-21 14:15:39.377  5016  5088 D FastTrack: setFastTrackState: pid = 13109 ;tid= 13109 ;value= 1
02-21 14:15:39.377  5016  5189 V WindowManager: Relayout hash=dd1a16c, pid=5740: mAttrs={(0,0)(fillxfill) sim={adjust=nothing} layoutInDisplayCutoutMode=shortEdges ty=BASE_APPLICATION fmt=TRANSPARENT wanim=0x10302f2
02-21 14:15:39.377  5016  5189 V WindowManager:   fl=81910100
02-21 14:15:39.377  5016  5189 V WindowManager:   pfl=16020000
02-21 14:15:39.377  5016  5189 V WindowManager:   vsysui=1700
02-21 14:15:39.377  5016  5189 V WindowManager:   bhv=SHOW_TRANSIENT_BARS_BY_SWIPE
02-21 14:15:39.377  5016  5189 V WindowManager:   fitSides= naviIconColor=0}
02-21 14:15:39.377  5016  5189 I SurfaceControl: release : mNativeObject = 536705898752 - Surface(name=com.sec.android.app.launcher/com.sec.android.app.launcher.activities.LauncherActivity$_5740)/@0xe7c3d9c
02-21 14:15:39.377  5016  5189 I SurfaceControl: nativeRelease nativeObject s[536705898752]
02-21 14:15:39.377  5016  5189 I SurfaceControl: nativeRelease nativeObject e[536705898752]
02-21 14:15:39.377  5016  5088 D FastTrack: setFastTrackState: pid = 13109 ;tid= 13234 ;value= 1
02-21 14:15:39.378  5016  5066 V LocationManagerService: location appop changed for com.amazon.whisperjoin.deviceprovisioningservicetestapp.internal
02-21 14:15:39.378  6485  6542 I RequestManager_FLP: onOpChanged, op=0 / packageName=com.amazon.whisperjoin.deviceprovisioningservicetestapp.internal
02-21 14:15:39.379  5740  5740 I SurfaceControl: release : mNativeObject = 536705783168 - Surface(name=com.sec.android.app.launcher/com.sec.android.app.launcher.activities.LauncherActivity$_5740)/@0x1f902f3
02-21 14:15:39.379  5740  5740 I SurfaceControl: nativeRelease nativeObject s[536705783168]
02-21 14:15:39.379  5740  5740 I SurfaceControl: nativeRelease nativeObject e[536705783168]
02-21 14:15:39.379  5740  5740 I SurfaceControl: release : mNativeObject = 536705741168 - Surface(name=Surface(name=ba841ba InputMethod)/@0xd113861 - animation-leash)/@0xdb7c442
02-21 14:15:39.379  5740  5740 I SurfaceControl: nativeRelease nativeObject s[536705741168]
02-21 14:15:39.379  5740  5740 I SurfaceControl: nativeRelease nativeObject e[536705741168]
02-21 14:15:39.380  5740  5740 I SurfaceControl: release : mNativeObject = 536705742848 - Surface(name=Surface(name=97aa58f NavigationBar0)/@0x716adb5 - animation-leash)/@0x9bf00a4
02-21 14:15:39.380  5740  5740 I SurfaceControl: nativeRelease nativeObject s[536705742848]
02-21 14:15:39.380  5740  5740 I SurfaceControl: nativeRelease nativeObject e[536705742848]
02-21 14:15:39.380  5740  5740 I SurfaceControl: release : mNativeObject = 536705785968 - Surface(name=Surface(name=4735855 StatusBar)/@0x6fe05bc - animation-leash)/@0xb5d6e0d
02-21 14:15:39.380  5740  5740 I SurfaceControl: nativeRelease nativeObject s[536705785968]
02-21 14:15:39.380  5740  5740 I SurfaceControl: nativeRelease nativeObject e[536705785968]
02-21 14:15:39.380  5016  5069 I ActivityManager: Killing 10476:com.google.process.gapps/u0a199 (adj 965): empty for 1804s
02-21 14:15:39.380  5740  5740 I ViewRootImpl@6bdece[LauncherActivity]: Relayout returned: old=(0,0,1080,2340) new=(0,0,1080,2340) req=(1080,2340)0 dur=5 res=0x1 s={true 541537950544} ch=false fn=21
02-21 14:15:39.387  5016  5264 D PkgPredictorService: com.amazon.whisperjoin.deviceprovisioningservicetestapp.internal go to foreground!
02-21 14:15:39.387  5016  5264 E PkgPredictorService-Collector: record changed bt=1  wifi=1 screen=0
02-21 14:15:39.387  5016  5264 D PkgPredictorService: previous pkgs: com.amazon.whisperjoin.deviceprovisioningservicetestapp.internal,com.amazon.whisperjoin.deviceprovisioningservicetestapp.internal,com.amazon.whisperjoin.deviceprovisioningservicetestapp.internal running pkg: com.amazon.whisperjoin.deviceprovisioningservicetestapp.internal, uid: 0 is system: false
02-21 14:15:39.387  5016  5264 D PkgPredictorService-Collector: save record...
02-21 14:15:39.387  5016  5264 D PkgPredictorService-Collector:  (hour:14 day:1 previous:[com.amazon.whisperjoin.deviceprovisioningservicetestapp.internal, com.amazon.whisperjoin.deviceprovisioningservicetestapp.internal, com.amazon.whisperjoin.deviceprovisioningservicetestapp.internal] activityName:unknown running:com.amazon.whisperjoin.deviceprovisioningservicetestapp.internal userId:0 screenOrientation:0 wifi:1 bt:1 predictTime:1 apkVersion:-internal consumeTime:-1 preloaded:false>)
02-21 14:15:39.387  5016  5264 D PkgPredictorService-NapPreloadController: User using: com.amazon.whisperjoin.deviceprovisioningservicetestapp.internal
02-21 14:15:39.387  5016  5264 I PkgPredictorService-NapClassifier: RF predict version:1613854157244
02-21 14:15:39.388  5016  5264 D PkgPredictorService-NapClassifier: Predict result: 8.0,3.0,-1.0, - [0_&_com.netgear.netgearup, 0_&_com.amazon.whisperjoin.deviceprovisioningservicetestapp.internal]
02-21 14:15:39.388  5016  5067 D SehCodecSolutionService: Update top [com.amazon.whisperjoin.deviceprovisioningservicetestapp.internal]
02-21 14:15:39.390 13109 13109 I DecorView: [INFO] isPopOver=false, config=true
02-21 14:15:39.390 13109 13109 I DecorView: updateCaptionType >> DecorView@94b6742[], isFloating=false, isApplication=true, hasWindowDecorCaption=false, hasWindowControllerCallback=true
02-21 14:15:39.390 13109 13109 D DecorView: setCaptionType = 0, this = DecorView@94b6742[]
02-21 14:15:39.392 21801 21801 I ContentCaptureService: bound to com.samsung.android.smartsuggestions.services.ContentCaptureService
02-21 14:15:39.392  5016  5514 W Binder  : Caught a RuntimeException from the binder stub implementation.
02-21 14:15:39.392  5016  5514 W Binder  : java.lang.IllegalArgumentException: Packages or Components cannot be empty.
02-21 14:15:39.392  5016  5514 W Binder  : 	at com.android.internal.infra.WhitelistHelper.setWhitelist(WhitelistHelper.java:63)
02-21 14:15:39.392  5016  5514 W Binder  : 	at com.android.internal.infra.WhitelistHelper.setWhitelist(WhitelistHelper.java:102)
02-21 14:15:39.392  5016  5514 W Binder  : 	at com.android.internal.infra.GlobalWhitelistState.setWhitelist(GlobalWhitelistState.java:63)
02-21 14:15:39.392  5016  5514 W Binder  : 	at com.android.server.contentcapture.ContentCapturePerUserService$ContentCaptureServiceRemoteCallback.setContentCaptureWhitelist(ContentCapturePerUserService.java:598)
02-21 14:15:39.392  5016  5514 W Binder  : 	at android.service.contentcapture.IContentCaptureServiceCallback$Stub.onTransact(IContentCaptureServiceCallback.java:111)
02-21 14:15:39.392  5016  5514 W Binder  : 	at android.os.Binder.execTransactInternal(Binder.java:1195)
02-21 14:15:39.392  5016  5514 W Binder  : 	at android.os.Binder.execTransact(Binder.java:1159)
02-21 14:15:39.395  5016  5069 I GameSDK@LifeCycle: noteResumeComponent(): package name  : com.amazon.whisperjoin.deviceprovisioningservicetestapp.internal
02-21 14:15:39.399  5740  5755 W id.app.launche: Reducing the number of considered missed Gc histogram windows from 136 to 100
02-21 14:15:39.400  5016  5069 D SemGameManager: getGMSBinder(), begin
02-21 14:15:39.401  5016  5069 D SemGameManager: getGMSBinder(), successful: true
02-21 14:15:39.402  5016  5069 D GameManagerService: identifyGamePackage. com.amazon.whisperjoin.deviceprovisioningservicetestapp.internal, mCurrentUserId: 0, callerUserId: 0
02-21 14:15:39.402  5016  5069 D PkgDataHelper: getGamePkgData(). com.amazon.whisperjoin.deviceprovisioningservicetestapp.internal
02-21 14:15:39.402  5016  5069 D GameManagerService: noteResumeComponent(), received resumed-component: com.amazon.whisperjoin.deviceprovisioningservicetestapp.internal
02-21 14:15:39.402  5016  5181 D GameManagerService: onLooperPrepared(), msg: MSG_APP_RESUME, resumeComponent: ComponentInfo{com.amazon.whisperjoin.deviceprovisioningservicetestapp.internal/com.amazon.whisperjoin.deviceprovisioningservicetestapp.WelcomeActivity}
02-21 14:15:39.402  5016  5181 D GameManagerService: handleResume().
02-21 14:15:39.402  5016  5181 D GameManagerService: sendFocusOutConditionally() - mPrevNotiPackage: (unknown)
02-21 14:15:39.402  5016  5181 D GameManagerService:   handleResume(). pkgName: com.amazon.whisperjoin.deviceprovisioningservicetestapp.internal, isTunableApp: null
02-21 14:15:39.402  5016  5181 D GameManagerService: notifyFocusInOut(). of pkg: com.amazon.whisperjoin.deviceprovisioningservicetestapp.internal, type: 4, isMinimized: false, isTunableApp: false
02-21 14:15:39.403  5016  5181 D GameManagerService:   notifyFocusInOut(). unexpected mPrevNotiType: -1
02-21 14:15:39.403  5016  5181 D GameManagerService:NetworkLimit: callRelease
02-21 14:15:39.403  5016  5181 D GM:SystemHelper: callReleaseBlock needReleaseBlock:false
02-21 14:15:39.403  5016  5069 D PowerManagerService: [api] setScreenDimDurationOverrideFromWindowManagerInternal: timeoutMillis: -1
02-21 14:15:39.408  4582  4582 I Zygote  : Process 10476 exited due to signal 9 (Killed)
02-21 14:15:39.411  5016  5078 I libprocessgroup: Successfully killed process cgroup uid 10199 pid 10476 in 30ms
02-21 14:15:39.415  5016  5070 D InputTransport: Input channel constructed: '89845cc', fd=459
02-21 14:15:39.415  5016  5070 D InputTransport: Input channel constructed: '89845cc', fd=557
02-21 14:15:39.415  4681  5358 I SurfaceFlinger: id=391 createSurf (0x0),-1 flag=80004, 89845cc Splash Screen com.amazon.whisperjoin.deviceprovisioningservicetestapp.internal#0
02-21 14:15:39.416  5016  5070 I ViewRootImpl@10973ff[internal]: setView = com.android.internal.policy.DecorView@7656f2a TM=true
02-21 14:15:39.417  5016  5070 D SurfaceControl: hide : mNativeObject = 537242821792 - sc.mNativeObject = 536705861568 - Surface(name=Input Consumer recents_animation_input_consumer)/@0xb88b76d
02-21 14:15:39.417  5016  5070 D SurfaceControl: nativeSetFlags Done : Surface(name=Input Consumer recents_animation_input_consumer)/@0xb88b76d
02-21 14:15:39.431  5016  5070 V WindowManager: Relayout Window{89845cc u0 Splash Screen com.amazon.whisperjoin.deviceprovisioningservicetestapp.internal}: viewVisibility=0 req=1080x2340
02-21 14:15:39.433  5016  5070 D WindowManager: isScreenshotDisabledLocked: userId = 0, disabled =false
02-21 14:15:39.434  4681  5358 I SurfaceFlinger: id=392 createSurf (1080x2340),1 flag=404, Splash Screen com.amazon.whisperjoin.deviceprovisioningservicetestapp.internal#0
02-21 14:15:39.434  5016  5070 D WindowManager: makeSurface duration=1 name=Splash Screen com.amazon.whisperjoin.deviceprovisioningservicetestapp.internal
02-21 14:15:39.435  5016  5189 D InputTransport: Input channel constructed: 'de9f2b8', fd=584
02-21 14:15:39.435  5016  5189 D InputTransport: Input channel constructed: 'de9f2b8', fd=588
02-21 14:15:39.435  5016  5070 V WindowManager: Relayout hash=89845cc, pid=5016: mAttrs={(0,0)(fillxfill) sim={adjust=pan} layoutInDisplayCutoutMode=shortEdges ty=APPLICATION_STARTING wanim=0x1030304
02-21 14:15:39.435  5016  5070 V WindowManager:   fl=81830118
02-21 14:15:39.435  5016  5070 V WindowManager:   pfl=12020011
02-21 14:15:39.435  5016  5070 V WindowManager:   fitSides= naviIconColor=0}
02-21 14:15:39.435  4681  5358 I SurfaceFlinger: id=393 createSurf (0x0),-1 flag=80004, de9f2b8 com.amazon.whisperjoin.deviceprovisioningservicetestapp.internal/com.amazon.whisperjoin.deviceprovisioningservicetestapp.WelcomeActivity#0
02-21 14:15:39.435  5016  5070 I ViewRootImpl@10973ff[internal]: Relayout returned: old=(0,0,1080,2340) new=(0,0,1080,2340) req=(1080,2340)0 dur=4 res=0x7 s={true 541537915664} ch=true fn=-1
02-21 14:15:39.436  5016  5189 D WindowManager: isScreenshotDisabledLocked: userId = 0, disabled =false
02-21 14:15:39.436  5016  5189 D InputTransport: Input channel destroyed: 'de9f2b8', fd=588
02-21 14:15:39.436  5016  5070 I ViewRootImpl@10973ff[internal]: [DP] dp(1) 1 android.view.ViewRootImpl.reportNextDraw:10761 android.view.ViewRootImpl.performTraversals:3733 android.view.ViewRootImpl.doTraversal:2519 
02-21 14:15:39.436  5740  5757 W System  : A resource failed to call release. 
02-21 14:15:39.436  5740  5757 I SurfaceControl: finalize : nativeObject = 536705771184 - Surface(name=Surface(name=Task=3139)/@0xa04c3be - animation-leash)/@0x6638378
02-21 14:15:39.436  5740  5757 I SurfaceControl: nativeRelease nativeObject s[536705771184]
02-21 14:15:39.437  5740  5757 I SurfaceControl: nativeRelease nativeObject e[536705771184]
02-21 14:15:39.437 13109 13109 D InputTransport: Input channel constructed: 'de9f2b8', fd=74
02-21 14:15:39.437  4601  4635 D gralloc : [mali_gralloc_allocate] begin
02-21 14:15:39.437  4601  4635 D gralloc : buffer_descriptor: wh(1080 2340) usage_pc(0x966 0x906) hal_format(0x1) layer_count(1) sizes(0 0 0) strde(0) byte_stride(0) alloc_wh(0 0) internal_format(0x0) alloc_format(0x0) fd_count(1) plane_count(0)
02-21 14:15:39.437  4681  4700 I SurfaceFlinger: id=385 Removed Surface(name=Task=3139)/@0xa04c3be - animation-leash#0 (60)
02-21 14:15:39.437 13109 13109 I ViewRootImpl@396e733[WelcomeActivity]: setView = com.android.internal.policy.DecorView@94b6742 TM=true
02-21 14:15:39.437  4601  4635 D gralloc : [mali_gralloc_allocate] allocation successful
02-21 14:15:39.437  5740  5757 W System  : A resource failed to call release. 
02-21 14:15:39.437  5740  5757 I SurfaceControl: finalize : nativeObject = 536705782944 - Surface(name=Surface(name=Task=1)/@0xa71758d - animation-leash)/@0x13dba51
02-21 14:15:39.437  5740  5757 I SurfaceControl: nativeRelease nativeObject s[536705782944]
02-21 14:15:39.437  5740  5757 I SurfaceControl: nativeRelease nativeObject e[536705782944]
02-21 14:15:39.438  4681  4700 I SurfaceFlinger: id=386 Removed Surface(name=Task=1)/@0xa71758d - animation-leash#0 (60)
02-21 14:15:39.446  5016  5070 I ViewRootImpl@10973ff[internal]: [DP] pdf(0) 1 android.view.ViewRootImpl.performDraw:4673 android.view.ViewRootImpl.performTraversals:3754 android.view.ViewRootImpl.doTraversal:2519 
02-21 14:15:39.446  5016  5070 I ViewRootImpl@10973ff[internal]: [DP] rdf()
02-21 14:15:39.446  5016  5070 D WindowManager: finishDrawingWindow: Window{89845cc u0 Splash Screen com.amazon.whisperjoin.deviceprovisioningservicetestapp.internal} mDrawState=DRAW_PENDING
02-21 14:15:39.447  5016  5070 D SurfaceControl: hide : mNativeObject = 537242821792 - sc.mNativeObject = 536705861568 - Surface(name=Input Consumer recents_animation_input_consumer)/@0xb88b76d
02-21 14:15:39.447  5016  5070 D SurfaceControl: nativeSetFlags Done : Surface(name=Input Consumer recents_animation_input_consumer)/@0xb88b76d
02-21 14:15:39.447  4681  4681 I Layer   : id=386[1] Destroyed Surface(name=Task=1)/@0xa71758d - animation-leash#0
02-21 14:15:39.447  4681  4681 I Layer   : id=385[1] Destroyed Surface(name=Task=3139)/@0xa04c3be - animation-leash#0
02-21 14:15:39.448  5016  5070 D WindowManager: performShow logReadyForDisplay  mToken.waitingToShow : true isTransitionSet : true
02-21 14:15:39.448  5016  5189 I InputDispatcher: Focus left window (5740): dd1a16c in display 0 0
02-21 14:15:39.449  5016  5070 D WindowManager: createAnimationAdapter(): container=Task{8041175 #1 visible=false type=home mode=fullscreen translucent=true I=com.sec.android.app.launcher/.activities.LauncherActivity U=0 StackId=1 sz=1}
02-21 14:15:39.449  5016  5070 I WindowManager: Reparenting to leash, surface=Surface(name=Task=1)/@0xa71758d, leashParent=Surface(name=DefaultTaskDisplayArea)/@0xde07bcd
02-21 14:15:39.450  4681  5358 I SurfaceFlinger: id=394 createSurf (0x0),-1 flag=24000, Surface(name=Task=1)/@0xa71758d - animation-leash#0
02-21 14:15:39.450  5016  5070 D WindowManager: makeSurface duration=1 leash=Surface(name=Surface(name=Task=1)/@0xa71758d - animation-leash)/@0xd4353f6
02-21 14:15:39.450  5016  5070 D WindowManager: startAnimation
02-21 14:15:39.450  5016  5070 D WindowManager: createAnimationAdapter(): container=Task{a97a16c #3140 visible=false type=standard mode=fullscreen translucent=true A=10308:com.amazon.whisperjoin.deviceprovisioningservicetestapp.internal U=0 StackId=3140 sz=1}
02-21 14:15:39.451  5016  5070 I WindowManager: Reparenting to leash, surface=Surface(name=Task=3140)/@0xf83e3f7, leashParent=Surface(name=DefaultTaskDisplayArea)/@0xde07bcd
02-21 14:15:39.451  4681  5358 I SurfaceFlinger: id=395 createSurf (0x0),-1 flag=24004, Surface(name=Task=3140)/@0xf83e3f7 - animation-leash#0
02-21 14:15:39.451  5016  5070 D WindowManager: makeSurface duration=0 leash=Surface(name=Surface(name=Task=3140)/@0xf83e3f7 - animation-leash)/@0x2a78264
02-21 14:15:39.452  5016  5070 D WindowManager: startAnimation
02-21 14:15:39.452  5016  5070 D WindowManager: goodToGo()
02-21 14:15:39.452  5016  5070 D WindowManager: createAppAnimations()
02-21 14:15:39.452  5016  5070 D WindowManager: 	Add container=Task{a97a16c #3140 visible=false type=standard mode=fullscreen translucent=true A=10308:com.amazon.whisperjoin.deviceprovisioningservicetestapp.internal U=0 StackId=3140 sz=1}
02-21 14:15:39.452  5016  5070 D WindowManager: 	Add container=Task{8041175 #1 visible=false type=home mode=fullscreen translucent=true I=com.sec.android.app.launcher/.activities.LauncherActivity U=0 StackId=1 sz=1}
02-21 14:15:39.452  5016  5070 D WindowManager: createWallpaperAnimations()
02-21 14:15:39.453  5016  5070 D WindowManager: 	visible=WallpaperWindowToken{34bf5bf token=android.os.Binder@d0cefde}
02-21 14:15:39.453  5016  5070 I WindowManager: Reparenting to leash, surface=Surface(name=WallpaperWindowToken{34bf5bf token=android.os.Binder@d0cefde})/@0xb286db8, leashParent=Surface(name=Leaf:0:1)/@0xce06ed7
02-21 14:15:39.453  4681  5358 I SurfaceFlinger: id=396 createSurf (0x0),-1 flag=24000, Surface(name=WallpaperWindowToken{34bf5bf token=android.os.Binder@d0cefde})/@0xb286db8 - animation-leash#0
02-21 14:15:39.453  5016  5070 D WindowManager: makeSurface duration=0 leash=Surface(name=Surface(name=WallpaperWindowToken{34bf5bf token=android.os.Binder@d0cefde})/@0xb286db8 - animation-leash)/@0x8652ccd
02-21 14:15:39.453  5016  5070 D WindowManager: startAnimation
02-21 14:15:39.455  5016 25778 I SystemUiVisibilityPolicyController: handleMessage: entry what = 1
02-21 14:15:39.455  5016  5070 I WindowManager: Cancelling animation restarting=true, leash=Surface(name=Surface(name=4735855 StatusBar)/@0x6fe05bc - animation-leash)/@0xfb23429
02-21 14:15:39.455  5016  5070 I WindowManager: Reparenting to original parent: Surface(name=WindowToken{48ffef3 android.os.BinderProxy@c28242d})/@0xb4fe945, destroy=false, surface=Surface(name=4735855 StatusBar)/@0x6fe05bc
02-21 14:15:39.455  5016  5070 I SurfaceControl: release : mNativeObject = 536705865264 - Surface(name=Surface(name=4735855 StatusBar)/@0x6fe05bc - animation-leash)/@0xfb23429
02-21 14:15:39.455  5016  5070 I SurfaceControl: nativeRelease nativeObject s[536705865264]
02-21 14:15:39.455  5016  5070 I SurfaceControl: nativeRelease nativeObject e[536705865264]
02-21 14:15:39.455  5016  5070 I WindowManager: Reparenting to leash, surface=Surface(name=4735855 StatusBar)/@0x6fe05bc, leashParent=Surface(name=WindowToken{48ffef3 android.os.BinderProxy@c28242d})/@0xb4fe945
02-21 14:15:39.455  9814  9814 I TrayStateController: systemUiVisibilityChanged : 2 0
02-21 14:15:39.456  4681  5358 I SurfaceFlinger: id=397 createSurf (0x0),-1 flag=24000, Surface(name=4735855 StatusBar)/@0x6fe05bc - animation-leash#1
02-21 14:15:39.456  5016  5070 D WindowManager: makeSurface duration=1 leash=Surface(name=Surface(name=4735855 StatusBar)/@0x6fe05bc - animation-leash)/@0x608c893
02-21 14:15:39.456  5016  5070 I WindowManager: Cancelling animation restarting=true, leash=Surface(name=Surface(name=97aa58f NavigationBar0)/@0x716adb5 - animation-leash)/@0xb46254f
02-21 14:15:39.456  5016  5070 I WindowManager: Reparenting to original parent: Surface(name=WindowToken{a46e484 android.os.BinderProxy@cfa2116})/@0xc934c4a, destroy=false, surface=Surface(name=97aa58f NavigationBar0)/@0x716adb5
02-21 14:15:39.456  5016  5070 I SurfaceControl: release : mNativeObject = 536706010416 - Surface(name=Surface(name=97aa58f NavigationBar0)/@0x716adb5 - animation-leash)/@0xb46254f
02-21 14:15:39.456  5016  5070 I SurfaceControl: nativeRelease nativeObject s[536706010416]
02-21 14:15:39.456  5016  5070 I SurfaceControl: nativeRelease nativeObject e[536706010416]
02-21 14:15:39.456  5016  5070 I WindowManager: Reparenting to leash, surface=Surface(name=97aa58f NavigationBar0)/@0x716adb5, leashParent=Surface(name=WindowToken{a46e484 android.os.BinderProxy@cfa2116})/@0xc934c4a
02-21 14:15:39.456  4681  5358 I SurfaceFlinger: id=398 createSurf (0x0),-1 flag=24000, Surface(name=97aa58f NavigationBar0)/@0x716adb5 - animation-leash#1
02-21 14:15:39.457  5016  5070 D WindowManager: makeSurface duration=0 leash=Surface(name=Surface(name=97aa58f NavigationBar0)/@0x716adb5 - animation-leash)/@0x924c8c9
02-21 14:15:39.457  5016 25778 I SystemUiVisibilityPolicyController: handleMessage: entry what = 1
02-21 14:15:39.458  9814  9814 I TrayStateController: systemUiVisibilityChanged : 0 0
02-21 14:15:39.458  4681  5358 I Layer   : id=383 removeFromCurrentState Surface(name=4735855 StatusBar)/@0x6fe05bc - animation-leash#0 (63)
02-21 14:15:39.458  4681  5358 I Layer   : id=28 removeFromCurrentState 4735855 StatusBar#0 (63)
02-21 14:15:39.458  4681  5358 I Layer   : id=34 removeFromCurrentState StatusBar$_5405#0 (63)
02-21 14:15:39.458  4681  5358 I Layer   : id=384 removeFromCurrentState Surface(name=97aa58f NavigationBar0)/@0x716adb5 - animation-leash#0 (63)
02-21 14:15:39.458  4681  5358 I Layer   : id=28 addToCurrentState 4735855 StatusBar#0 (63)
02-21 14:15:39.458  4681  5358 I Layer   : id=34 addToCurrentState StatusBar$_5405#0 (63)
02-21 14:15:39.458  5016  5070 D WindowManager: RemoteAnimationController::onAnimationStart, animations=[Landroid.view.RemoteAnimationTarget;@e4cebce
02-21 14:15:39.458  5016  5070 D WindowManager: startAnimation(): Notify animation start:
02-21 14:15:39.458  5016  5070 I WindowManager: Starting remote animation
02-21 14:15:39.459  5740 19249 I LauncherAnimationRunner: onAnimationStart, appTargets : [Lcom.android.systemui.shared.system.RemoteAnimationTargetCompat;@f9c0bd3 mStartAtFrontOfQueue : true
02-21 14:15:39.459  5740  5740 I WrappedLauncherAnimationRunner: onCreateAnimation, animationRunnerImpl : com.android.launcher3.QuickstepAppTransitionManagerImpl$AppLaunchAnimationRunner@93d8310
02-21 14:15:39.459  5740  5740 I QuickstepTransition: AppLaunchAnimationRunner, onCreateAnimation
02-21 14:15:39.459  5016  5070 I WindowManager: container=Task{a97a16c #3140 visible=false type=standard mode=fullscreen translucent=true A=10308:com.amazon.whisperjoin.deviceprovisioningservicetestapp.internal U=0 StackId=3140 sz=1}
02-21 14:15:39.459  5016  5070 I WindowManager: Target:
02-21 14:15:39.459  5016  5070 I WindowManager:   mode=0 taskId=3140 isTranslucent=false clipRect=[0,0][1080,2340] contentInsets=[0,83][0,126] prefixOrderIndex=16 position=[0,0] sourceContainerBounds=[0,0][1080,2340] screenSpaceBounds=[0,0][1080,2340] localBounds=[0,0][1080,2340]
02-21 14:15:39.459  5016  5070 I WindowManager:   windowConfiguration={ mBounds=Rect(0, 0 - 1080, 2340) mAppBounds=Rect(0, 83 - 1080, 2214) mWindowingMode=fullscreen mDisplayWindowingMode=fullscreen mActivityType=standard mAlwaysOnTop=undefined mRotation=ROTATION_0}
02-21 14:15:39.459  5016  5070 I WindowManager:   leash=Surface(name=Surface(name=Task=3140)/@0xf83e3f7 - animation-leash)/@0x2a78264
02-21 14:15:39.459  5016  5070 I WindowManager: container=Task{8041175 #1 visible=false type=home mode=fullscreen translucent=true I=com.sec.android.app.launcher/.activities.LauncherActivity U=0 StackId=1 sz=1}
02-21 14:15:39.459  5016  5070 I WindowManager: Target:
02-21 14:15:39.459  5016  5070 I WindowManager:   mode=1 taskId=3131 isTranslucent=false clipRect=[0,0][1080,2340] contentInsets=[0,83][0,126] prefixOrderIndex=13 position=[0,0] sourceContainerBounds=[0,0][1080,2340] screenSpaceBounds=[0,0][1080,2340] localBounds=[0,0][1080,2340]
02-21 14:15:39.459  5016  5070 I WindowManager:   windowConfiguration={ mBounds=Rect(0, 0 - 1080, 2340) mAppBounds=Rect(0, 83 - 1080, 2214) mWindowingMode=fullscreen mDisplayWindowingMode=fullscreen mActivityType=home mAlwaysOnTop=undefined mRotation=ROTATION_0}
02-21 14:15:39.459  5016  5070 I WindowManager:   leash=Surface(name=Surface(name=Task=1)/@0xa71758d - animation-leash)/@0xd4353f6
02-21 14:15:39.459  5016  5514 V WindowManager: Relayout Window{de9f2b8 u0 com.amazon.whisperjoin.deviceprovisioningservicetestapp.internal/com.amazon.whisperjoin.deviceprovisioningservicetestapp.WelcomeActivity}: viewVisibility=0 req=1080x2340
02-21 14:15:39.460  5016  5514 D WindowManager: isScreenshotDisabledLocked: userId = 0, disabled =false
02-21 14:15:39.461  4681  5358 I SurfaceFlinger: id=399 createSurf (1080x2340),1 flag=404, com.amazon.whisperjoin.deviceprovisioningservicetestapp.internal/com.amazon.whisperjoin.deviceprovisioningservicetestapp.WelcomeActivity$_13109#0
02-21 14:15:39.461  5016  5514 D WindowManager: makeSurface duration=1 name=com.amazon.whisperjoin.deviceprovisioningservicetestapp.internal/com.amazon.whisperjoin.deviceprovisioningservicetestapp.WelcomeActivity$_13109
02-21 14:15:39.462  5016  5514 V WindowManager: Changing focus from null to Window{de9f2b8 u0 com.amazon.whisperjoin.deviceprovisioningservicetestapp.internal/com.amazon.whisperjoin.deviceprovisioningservicetestapp.WelcomeActivity} displayId=0 Callers=com.android.server.wm.RootWindowContainer.updateFocusedWindowLocked:566 com.android.server.wm.WindowManagerService.updateFocusedWindowLocked:6254 com.android.server.wm.WindowManagerService.relayoutWindow:2697 com.android.server.wm.Session.relayout:217 
02-21 14:15:39.462  5016 25778 I SystemUiVisibilityPolicyController: handleMessage: entry what = 1
02-21 14:15:39.462  5016  5514 I WindowManager: Cancelling animation restarting=true, leash=Surface(name=Surface(name=4735855 StatusBar)/@0x6fe05bc - animation-leash)/@0x608c893
02-21 14:15:39.462  5016  5514 I WindowManager: Reparenting to original parent: Surface(name=WindowToken{48ffef3 android.os.BinderProxy@c28242d})/@0xb4fe945, destroy=false, surface=Surface(name=4735855 StatusBar)/@0x6fe05bc
02-21 14:15:39.462  5016  5514 I SurfaceControl: release : mNativeObject = 536705994848 - Surface(name=Surface(name=4735855 StatusBar)/@0x6fe05bc - animation-leash)/@0x608c893
02-21 14:15:39.462  5016  5514 I SurfaceControl: nativeRelease nativeObject s[536705994848]
02-21 14:15:39.462  5016  5514 I SurfaceControl: nativeRelease nativeObject e[536705994848]
02-21 14:15:39.462  5016  5514 I WindowManager: Reparenting to leash, surface=Surface(name=4735855 StatusBar)/@0x6fe05bc, leashParent=Surface(name=WindowToken{48ffef3 android.os.BinderProxy@c28242d})/@0xb4fe945
02-21 14:15:39.463  9814  9814 I TrayStateController: systemUiVisibilityChanged : 0 0
02-21 14:15:39.463  4681  5358 I SurfaceFlinger: id=400 createSurf (0x0),-1 flag=24000, Surface(name=4735855 StatusBar)/@0x6fe05bc - animation-leash#0
02-21 14:15:39.463  5016  5514 D WindowManager: makeSurface duration=1 leash=Surface(name=Surface(name=4735855 StatusBar)/@0x6fe05bc - animation-leash)/@0xb9eb9fc
02-21 14:15:39.463  5016  5514 I WindowManager: Cancelling animation restarting=true, leash=Surface(name=Surface(name=97aa58f NavigationBar0)/@0x716adb5 - animation-leash)/@0x924c8c9
02-21 14:15:39.463  5016  5514 I WindowManager: Reparenting to original parent: Surface(name=WindowToken{a46e484 android.os.BinderProxy@cfa2116})/@0xc934c4a, destroy=false, surface=Surface(name=97aa58f NavigationBar0)/@0x716adb5
02-21 14:15:39.463  5016  5514 I SurfaceControl: release : mNativeObject = 536706003136 - Surface(name=Surface(name=97aa58f NavigationBar0)/@0x716adb5 - animation-leash)/@0x924c8c9
02-21 14:15:39.463  5016  5514 I SurfaceControl: nativeRelease nativeObject s[536706003136]
02-21 14:15:39.463  5016  5514 I SurfaceControl: nativeRelease nativeObject e[536706003136]
02-21 14:15:39.463  5016  5514 I WindowManager: Reparenting to leash, surface=Surface(name=97aa58f NavigationBar0)/@0x716adb5, leashParent=Surface(name=WindowToken{a46e484 android.os.BinderProxy@cfa2116})/@0xc934c4a
02-21 14:15:39.463  4681  5358 I SurfaceFlinger: id=401 createSurf (0x0),-1 flag=24000, Surface(name=97aa58f NavigationBar0)/@0x716adb5 - animation-leash#0
02-21 14:15:39.464  5016  5514 D WindowManager: makeSurface duration=1 leash=Surface(name=Surface(name=97aa58f NavigationBar0)/@0x716adb5 - animation-leash)/@0xd4ff6da
02-21 14:15:39.464  5016  5514 D StatusBarManagerService: notifyRequestedSystemKey recent=false home=false
02-21 14:15:39.465  5016  5514 V WindowManager: Relayout hash=de9f2b8, pid=13109: mAttrs={(0,0)(fillxfill) sim={adjust=pan forwardNavigation} ty=BASE_APPLICATION wanim=0x1030304
02-21 14:15:39.465  5016  5514 V WindowManager:   fl=81810100
02-21 14:15:39.465  5016  5514 V WindowManager:   pfl=12020000
02-21 14:15:39.465  5016  5514 V WindowManager:   fitSides= naviIconColor=0}
02-21 14:15:39.465  5016  5514 I SurfaceControl: release : mNativeObject = 536705853840 - Surface(name=com.amazon.whisperjoin.deviceprovisioningservicetestapp.internal/com.amazon.whisperjoin.deviceprovisioningservicetestapp.WelcomeActivity$_13109)/@0xedeb70b
02-21 14:15:39.465  5016  5514 I SurfaceControl: nativeRelease nativeObject s[536705853840]
02-21 14:15:39.465  5016  5514 I SurfaceControl: nativeRelease nativeObject e[536705853840]
02-21 14:15:39.466  4681  4700 I Layer   : id=398 removeFromCurrentState Surface(name=97aa58f NavigationBar0)/@0x716adb5 - animation-leash#1 (66)
02-21 14:15:39.466  4681  4700 I Layer   : id=24 removeFromCurrentState 97aa58f NavigationBar0#0 (66)
02-21 14:15:39.466  4681  4700 I Layer   : id=29 removeFromCurrentState NavigationBar0$_5405#0 (66)
02-21 14:15:39.466  4681  4700 I Layer   : id=397 removeFromCurrentState Surface(name=4735855 StatusBar)/@0x6fe05bc - animation-leash#1 (66)
02-21 14:15:39.466  4681  4700 I Layer   : id=24 addToCurrentState 97aa58f NavigationBar0#0 (66)
02-21 14:15:39.466  4681  4700 I Layer   : id=29 addToCurrentState NavigationBar0$_5405#0 (66)
